
bins = 3
    m_domainMin = 1  << m_domainMax = 100
    m_u_domainMin = 0  << m_u_domainMax = 4.60517
    m_inverse_du = 0.651442
  1.0000000e+00  4.6415888e+00  2.1544347e+01  1.0000000e+02
  domain.size = 4
  0.12  0.13  0.14  0.2
  map.size = 5
  0  0  0  0  0
  0  index = 0  energy = 0.12
  1  index = 0  energy = 0.13
  2  index = 0  energy = 0.14
  3  index = 0  energy = 0.2

bins = 9
    m_domainMin = 1  << m_domainMax = 100
    m_u_domainMin = 0  << m_u_domainMax = 4.60517
    m_inverse_du = 1.95433
  1.0000000e+00  1.6681005e+00  2.7825594e+00  4.6415888e+00  7.7426368e+00  1.2915497e+01  2.1544347e+01  3.5938137e+01  5.9948425e+01  1.0000000e+02
  domain.size = 4
  0.12  0.13  0.14  0.2
  map.size = 11
  0  0  0  0  0  0  0  0  0  0  0
  0  index = 0  energy = 0.12
  1  index = 0  energy = 0.13
  2  index = 0  energy = 0.14
  3  index = 0  energy = 0.2

bins = 10
    m_domainMin = 1  << m_domainMax = 100
    m_u_domainMin = 0  << m_u_domainMax = 4.60517
    m_inverse_du = 2.17147
  1.0000000e+00  1.5848932e+00  2.5118864e+00  3.9810717e+00  6.3095734e+00  1.0000000e+01  1.5848932e+01  2.5118864e+01  3.9810717e+01  6.3095734e+01
  1.0000000e+02
  domain.size = 4
  0.12  0.13  0.14  0.2
  map.size = 12
  0  0  0  0  0  0  0  0  0  0  0  0
  0  index = 0  energy = 0.12
  1  index = 0  energy = 0.13
  2  index = 0  energy = 0.14
  3  index = 0  energy = 0.2

bins = 11
    m_domainMin = 1  << m_domainMax = 100
    m_u_domainMin = 0  << m_u_domainMax = 4.60517
    m_inverse_du = 2.38862
  1.0000000e+00  1.5199111e+00  2.3101297e+00  3.5111917e+00  5.3366992e+00  8.1113083e+00  1.2328467e+01  1.8738174e+01  2.8480359e+01  4.3287613e+01
  6.5793322e+01  1.0000000e+02
  domain.size = 4
  0.12  0.13  0.14  0.2
  map.size = 13
  0  0  0  0  0  0  0  0  0  0  0  0  0
  0  index = 0  energy = 0.12
  1  index = 0  energy = 0.13
  2  index = 0  energy = 0.14
  3  index = 0  energy = 0.2

bins = 3
    m_domainMin = 1  << m_domainMax = 100
    m_u_domainMin = 0  << m_u_domainMax = 4.60517
    m_inverse_du = 0.651442
  1.0000000e+00  4.6415888e+00  2.1544347e+01  1.0000000e+02
  domain.size = 5
  0.12  0.13  0.14  0.2  1.41
  map.size = 5
  0  3  3  3  3
  0  index = 0  energy = 0.12
  1  index = 0  energy = 0.13
  2  index = 0  energy = 0.14
  3  index = 0  energy = 0.2
  4  index = 1  energy = 1.41

bins = 9
    m_domainMin = 1  << m_domainMax = 100
    m_u_domainMin = 0  << m_u_domainMax = 4.60517
    m_inverse_du = 1.95433
  1.0000000e+00  1.6681005e+00  2.7825594e+00  4.6415888e+00  7.7426368e+00  1.2915497e+01  2.1544347e+01  3.5938137e+01  5.9948425e+01  1.0000000e+02
  domain.size = 5
  0.12  0.13  0.14  0.2  1.41
  map.size = 11
  0  3  3  3  3  3  3  3  3  3  3
  0  index = 0  energy = 0.12
  1  index = 0  energy = 0.13
  2  index = 0  energy = 0.14
  3  index = 0  energy = 0.2
  4  index = 1  energy = 1.41

bins = 10
    m_domainMin = 1  << m_domainMax = 100
    m_u_domainMin = 0  << m_u_domainMax = 4.60517
    m_inverse_du = 2.17147
  1.0000000e+00  1.5848932e+00  2.5118864e+00  3.9810717e+00  6.3095734e+00  1.0000000e+01  1.5848932e+01  2.5118864e+01  3.9810717e+01  6.3095734e+01
  1.0000000e+02
  domain.size = 5
  0.12  0.13  0.14  0.2  1.41
  map.size = 12
  0  3  3  3  3  3  3  3  3  3  3  3
  0  index = 0  energy = 0.12
  1  index = 0  energy = 0.13
  2  index = 0  energy = 0.14
  3  index = 0  energy = 0.2
  4  index = 1  energy = 1.41

bins = 11
    m_domainMin = 1  << m_domainMax = 100
    m_u_domainMin = 0  << m_u_domainMax = 4.60517
    m_inverse_du = 2.38862
  1.0000000e+00  1.5199111e+00  2.3101297e+00  3.5111917e+00  5.3366992e+00  8.1113083e+00  1.2328467e+01  1.8738174e+01  2.8480359e+01  4.3287613e+01
  6.5793322e+01  1.0000000e+02
  domain.size = 5
  0.12  0.13  0.14  0.2  1.41
  map.size = 13
  0  3  3  3  3  3  3  3  3  3  3  3  3
  0  index = 0  energy = 0.12
  1  index = 0  energy = 0.13
  2  index = 0  energy = 0.14
  3  index = 0  energy = 0.2
  4  index = 1  energy = 1.41

bins = 3
    m_domainMin = 1  << m_domainMax = 100
    m_u_domainMin = 0  << m_u_domainMax = 4.60517
    m_inverse_du = 0.651442
  1.0000000e+00  4.6415888e+00  2.1544347e+01  1.0000000e+02
  domain.size = 10
  0.12  0.13  0.14  0.2  1.41  2.41  2.42  4.41  14.41  24.41
  map.size = 5
  0  3  7  8  8
  0  index = 0  energy = 0.12
  1  index = 0  energy = 0.13
  2  index = 0  energy = 0.14
  3  index = 0  energy = 0.2
  4  index = 1  energy = 1.41
  5  index = 1  energy = 2.41
  6  index = 1  energy = 2.42
  7  index = 1  energy = 4.41
  8  index = 2  energy = 14.41
  9  index = 3  energy = 24.41

bins = 9
    m_domainMin = 1  << m_domainMax = 100
    m_u_domainMin = 0  << m_u_domainMax = 4.60517
    m_inverse_du = 1.95433
  1.0000000e+00  1.6681005e+00  2.7825594e+00  4.6415888e+00  7.7426368e+00  1.2915497e+01  2.1544347e+01  3.5938137e+01  5.9948425e+01  1.0000000e+02
  domain.size = 10
  0.12  0.13  0.14  0.2  1.41  2.41  2.42  4.41  14.41  24.41
  map.size = 11
  0  3  4  6  7  7  7  8  8  8  8
  0  index = 0  energy = 0.12
  1  index = 0  energy = 0.13
  2  index = 0  energy = 0.14
  3  index = 0  energy = 0.2
  4  index = 1  energy = 1.41
  5  index = 2  energy = 2.41
  6  index = 2  energy = 2.42
  7  index = 3  energy = 4.41
  8  index = 6  energy = 14.41
  9  index = 7  energy = 24.41

bins = 10
    m_domainMin = 1  << m_domainMax = 100
    m_u_domainMin = 0  << m_u_domainMax = 4.60517
    m_inverse_du = 2.17147
  1.0000000e+00  1.5848932e+00  2.5118864e+00  3.9810717e+00  6.3095734e+00  1.0000000e+01  1.5848932e+01  2.5118864e+01  3.9810717e+01  6.3095734e+01
  1.0000000e+02
  domain.size = 10
  0.12  0.13  0.14  0.2  1.41  2.41  2.42  4.41  14.41  24.41
  map.size = 12
  0  3  4  6  6  7  7  8  8  8  8  8
  0  index = 0  energy = 0.12
  1  index = 0  energy = 0.13
  2  index = 0  energy = 0.14
  3  index = 0  energy = 0.2
  4  index = 1  energy = 1.41
  5  index = 2  energy = 2.41
  6  index = 2  energy = 2.42
  7  index = 4  energy = 4.41
  8  index = 6  energy = 14.41
  9  index = 7  energy = 24.41

bins = 11
    m_domainMin = 1  << m_domainMax = 100
    m_u_domainMin = 0  << m_u_domainMax = 4.60517
    m_inverse_du = 2.38862
  1.0000000e+00  1.5199111e+00  2.3101297e+00  3.5111917e+00  5.3366992e+00  8.1113083e+00  1.2328467e+01  1.8738174e+01  2.8480359e+01  4.3287613e+01
  6.5793322e+01  1.0000000e+02
  domain.size = 10
  0.12  0.13  0.14  0.2  1.41  2.41  2.42  4.41  14.41  24.41
  map.size = 13
  0  3  4  4  6  7  7  7  8  8  8  8  8
  0  index = 0  energy = 0.12
  1  index = 0  energy = 0.13
  2  index = 0  energy = 0.14
  3  index = 0  energy = 0.2
  4  index = 1  energy = 1.41
  5  index = 3  energy = 2.41
  6  index = 3  energy = 2.42
  7  index = 4  energy = 4.41
  8  index = 7  energy = 14.41
  9  index = 8  energy = 24.41

bins = 3
    m_domainMin = 1  << m_domainMax = 100
    m_u_domainMin = 0  << m_u_domainMax = 4.60517
    m_inverse_du = 0.651442
  1.0000000e+00  4.6415888e+00  2.1544347e+01  1.0000000e+02
  domain.size = 13
  0.12  0.13  0.14  0.2  1.41  2.41  2.42  4.41  14.41  24.41  34.41  44.41  144.41
  map.size = 5
  0  3  7  8  11
  0  index = 0  energy = 0.12
  1  index = 0  energy = 0.13
  2  index = 0  energy = 0.14
  3  index = 0  energy = 0.2
  4  index = 1  energy = 1.41
  5  index = 1  energy = 2.41
  6  index = 1  energy = 2.42
  7  index = 1  energy = 4.41
  8  index = 2  energy = 14.41
  9  index = 3  energy = 24.41
  10  index = 3  energy = 34.41
  11  index = 3  energy = 44.41
  12  index = 4  energy = 144.41

bins = 9
    m_domainMin = 1  << m_domainMax = 100
    m_u_domainMin = 0  << m_u_domainMax = 4.60517
    m_inverse_du = 1.95433
  1.0000000e+00  1.6681005e+00  2.7825594e+00  4.6415888e+00  7.7426368e+00  1.2915497e+01  2.1544347e+01  3.5938137e+01  5.9948425e+01  1.0000000e+02
  domain.size = 13
  0.12  0.13  0.14  0.2  1.41  2.41  2.42  4.41  14.41  24.41  34.41  44.41  144.41
  map.size = 11
  0  3  4  6  7  7  7  8  10  11  11
  0  index = 0  energy = 0.12
  1  index = 0  energy = 0.13
  2  index = 0  energy = 0.14
  3  index = 0  energy = 0.2
  4  index = 1  energy = 1.41
  5  index = 2  energy = 2.41
  6  index = 2  energy = 2.42
  7  index = 3  energy = 4.41
  8  index = 6  energy = 14.41
  9  index = 7  energy = 24.41
  10  index = 7  energy = 34.41
  11  index = 8  energy = 44.41
  12  index = 10  energy = 144.41

bins = 10
    m_domainMin = 1  << m_domainMax = 100
    m_u_domainMin = 0  << m_u_domainMax = 4.60517
    m_inverse_du = 2.17147
  1.0000000e+00  1.5848932e+00  2.5118864e+00  3.9810717e+00  6.3095734e+00  1.0000000e+01  1.5848932e+01  2.5118864e+01  3.9810717e+01  6.3095734e+01
  1.0000000e+02
  domain.size = 13
  0.12  0.13  0.14  0.2  1.41  2.41  2.42  4.41  14.41  24.41  34.41  44.41  144.41
  map.size = 12
  0  3  4  6  6  7  7  8  9  10  11  11
  0  index = 0  energy = 0.12
  1  index = 0  energy = 0.13
  2  index = 0  energy = 0.14
  3  index = 0  energy = 0.2
  4  index = 1  energy = 1.41
  5  index = 2  energy = 2.41
  6  index = 2  energy = 2.42
  7  index = 4  energy = 4.41
  8  index = 6  energy = 14.41
  9  index = 7  energy = 24.41
  10  index = 8  energy = 34.41
  11  index = 9  energy = 44.41
  12  index = 11  energy = 144.41

bins = 11
    m_domainMin = 1  << m_domainMax = 100
    m_u_domainMin = 0  << m_u_domainMax = 4.60517
    m_inverse_du = 2.38862
  1.0000000e+00  1.5199111e+00  2.3101297e+00  3.5111917e+00  5.3366992e+00  8.1113083e+00  1.2328467e+01  1.8738174e+01  2.8480359e+01  4.3287613e+01
  6.5793322e+01  1.0000000e+02
  domain.size = 13
  0.12  0.13  0.14  0.2  1.41  2.41  2.42  4.41  14.41  24.41  34.41  44.41  144.41
  map.size = 13
  0  3  4  4  6  7  7  7  8  9  10  11  11
  0  index = 0  energy = 0.12
  1  index = 0  energy = 0.13
  2  index = 0  energy = 0.14
  3  index = 0  energy = 0.2
  4  index = 1  energy = 1.41
  5  index = 3  energy = 2.41
  6  index = 3  energy = 2.42
  7  index = 4  energy = 4.41
  8  index = 7  energy = 14.41
  9  index = 8  energy = 24.41
  10  index = 9  energy = 34.41
  11  index = 10  energy = 44.41
  12  index = 12  energy = 144.41

bins = 3
    m_domainMin = 1  << m_domainMax = 100
    m_u_domainMin = 0  << m_u_domainMax = 4.60517
    m_inverse_du = 0.651442
  1.0000000e+00  4.6415888e+00  2.1544347e+01  1.0000000e+02
  domain.size = 15
  0.12  0.13  0.14  0.2  1.41  2.41  2.42  4.41  14.41  24.41  34.41  44.41  144.41  244.41  1044.41
  map.size = 5
  0  3  7  8  11
  0  index = 0  energy = 0.12
  1  index = 0  energy = 0.13
  2  index = 0  energy = 0.14
  3  index = 0  energy = 0.2
  4  index = 1  energy = 1.41
  5  index = 1  energy = 2.41
  6  index = 1  energy = 2.42
  7  index = 1  energy = 4.41
  8  index = 2  energy = 14.41
  9  index = 3  energy = 24.41
  10  index = 3  energy = 34.41
  11  index = 3  energy = 44.41
  12  index = 4  energy = 144.41
  13  index = 4  energy = 244.41
  14  index = 4  energy = 1044.41

bins = 9
    m_domainMin = 1  << m_domainMax = 100
    m_u_domainMin = 0  << m_u_domainMax = 4.60517
    m_inverse_du = 1.95433
  1.0000000e+00  1.6681005e+00  2.7825594e+00  4.6415888e+00  7.7426368e+00  1.2915497e+01  2.1544347e+01  3.5938137e+01  5.9948425e+01  1.0000000e+02
  domain.size = 15
  0.12  0.13  0.14  0.2  1.41  2.41  2.42  4.41  14.41  24.41  34.41  44.41  144.41  244.41  1044.41
  map.size = 11
  0  3  4  6  7  7  7  8  10  11  11
  0  index = 0  energy = 0.12
  1  index = 0  energy = 0.13
  2  index = 0  energy = 0.14
  3  index = 0  energy = 0.2
  4  index = 1  energy = 1.41
  5  index = 2  energy = 2.41
  6  index = 2  energy = 2.42
  7  index = 3  energy = 4.41
  8  index = 6  energy = 14.41
  9  index = 7  energy = 24.41
  10  index = 7  energy = 34.41
  11  index = 8  energy = 44.41
  12  index = 10  energy = 144.41
  13  index = 10  energy = 244.41
  14  index = 10  energy = 1044.41

bins = 10
    m_domainMin = 1  << m_domainMax = 100
    m_u_domainMin = 0  << m_u_domainMax = 4.60517
    m_inverse_du = 2.17147
  1.0000000e+00  1.5848932e+00  2.5118864e+00  3.9810717e+00  6.3095734e+00  1.0000000e+01  1.5848932e+01  2.5118864e+01  3.9810717e+01  6.3095734e+01
  1.0000000e+02
  domain.size = 15
  0.12  0.13  0.14  0.2  1.41  2.41  2.42  4.41  14.41  24.41  34.41  44.41  144.41  244.41  1044.41
  map.size = 12
  0  3  4  6  6  7  7  8  9  10  11  11
  0  index = 0  energy = 0.12
  1  index = 0  energy = 0.13
  2  index = 0  energy = 0.14
  3  index = 0  energy = 0.2
  4  index = 1  energy = 1.41
  5  index = 2  energy = 2.41
  6  index = 2  energy = 2.42
  7  index = 4  energy = 4.41
  8  index = 6  energy = 14.41
  9  index = 7  energy = 24.41
  10  index = 8  energy = 34.41
  11  index = 9  energy = 44.41
  12  index = 11  energy = 144.41
  13  index = 11  energy = 244.41
  14  index = 11  energy = 1044.41

bins = 11
    m_domainMin = 1  << m_domainMax = 100
    m_u_domainMin = 0  << m_u_domainMax = 4.60517
    m_inverse_du = 2.38862
  1.0000000e+00  1.5199111e+00  2.3101297e+00  3.5111917e+00  5.3366992e+00  8.1113083e+00  1.2328467e+01  1.8738174e+01  2.8480359e+01  4.3287613e+01
  6.5793322e+01  1.0000000e+02
  domain.size = 15
  0.12  0.13  0.14  0.2  1.41  2.41  2.42  4.41  14.41  24.41  34.41  44.41  144.41  244.41  1044.41
  map.size = 13
  0  3  4  4  6  7  7  7  8  9  10  11  11
  0  index = 0  energy = 0.12
  1  index = 0  energy = 0.13
  2  index = 0  energy = 0.14
  3  index = 0  energy = 0.2
  4  index = 1  energy = 1.41
  5  index = 3  energy = 2.41
  6  index = 3  energy = 2.42
  7  index = 4  energy = 4.41
  8  index = 7  energy = 14.41
  9  index = 8  energy = 24.41
  10  index = 9  energy = 34.41
  11  index = 10  energy = 44.41
  12  index = 12  energy = 144.41
  13  index = 12  energy = 244.41
  14  index = 12  energy = 1044.41

bins = 3
    m_domainMin = 1  << m_domainMax = 100
    m_u_domainMin = 0  << m_u_domainMax = 4.60517
    m_inverse_du = 0.651442
  1.0000000e+00  4.6415888e+00  2.1544347e+01  1.0000000e+02
  domain.size = 17
  0.12  0.13  0.14  0.2  1.41  2.41  2.42  4.41  14.41  24.41  34.41  44.41  144.41  244.41  1044.41  1144.41  10144.4
  map.size = 5
  0  3  7  8  11
  0  index = 0  energy = 0.12
  1  index = 0  energy = 0.13
  2  index = 0  energy = 0.14
  3  index = 0  energy = 0.2
  4  index = 1  energy = 1.41
  5  index = 1  energy = 2.41
  6  index = 1  energy = 2.42
  7  index = 1  energy = 4.41
  8  index = 2  energy = 14.41
  9  index = 3  energy = 24.41
  10  index = 3  energy = 34.41
  11  index = 3  energy = 44.41
  12  index = 4  energy = 144.41
  13  index = 4  energy = 244.41
  14  index = 4  energy = 1044.41
  15  index = 4  energy = 1144.41
  16  index = 4  energy = 10144.4

bins = 9
    m_domainMin = 1  << m_domainMax = 100
    m_u_domainMin = 0  << m_u_domainMax = 4.60517
    m_inverse_du = 1.95433
  1.0000000e+00  1.6681005e+00  2.7825594e+00  4.6415888e+00  7.7426368e+00  1.2915497e+01  2.1544347e+01  3.5938137e+01  5.9948425e+01  1.0000000e+02
  domain.size = 17
  0.12  0.13  0.14  0.2  1.41  2.41  2.42  4.41  14.41  24.41  34.41  44.41  144.41  244.41  1044.41  1144.41  10144.4
  map.size = 11
  0  3  4  6  7  7  7  8  10  11  11
  0  index = 0  energy = 0.12
  1  index = 0  energy = 0.13
  2  index = 0  energy = 0.14
  3  index = 0  energy = 0.2
  4  index = 1  energy = 1.41
  5  index = 2  energy = 2.41
  6  index = 2  energy = 2.42
  7  index = 3  energy = 4.41
  8  index = 6  energy = 14.41
  9  index = 7  energy = 24.41
  10  index = 7  energy = 34.41
  11  index = 8  energy = 44.41
  12  index = 10  energy = 144.41
  13  index = 10  energy = 244.41
  14  index = 10  energy = 1044.41
  15  index = 10  energy = 1144.41
  16  index = 10  energy = 10144.4

bins = 10
    m_domainMin = 1  << m_domainMax = 100
    m_u_domainMin = 0  << m_u_domainMax = 4.60517
    m_inverse_du = 2.17147
  1.0000000e+00  1.5848932e+00  2.5118864e+00  3.9810717e+00  6.3095734e+00  1.0000000e+01  1.5848932e+01  2.5118864e+01  3.9810717e+01  6.3095734e+01
  1.0000000e+02
  domain.size = 17
  0.12  0.13  0.14  0.2  1.41  2.41  2.42  4.41  14.41  24.41  34.41  44.41  144.41  244.41  1044.41  1144.41  10144.4
  map.size = 12
  0  3  4  6  6  7  7  8  9  10  11  11
  0  index = 0  energy = 0.12
  1  index = 0  energy = 0.13
  2  index = 0  energy = 0.14
  3  index = 0  energy = 0.2
  4  index = 1  energy = 1.41
  5  index = 2  energy = 2.41
  6  index = 2  energy = 2.42
  7  index = 4  energy = 4.41
  8  index = 6  energy = 14.41
  9  index = 7  energy = 24.41
  10  index = 8  energy = 34.41
  11  index = 9  energy = 44.41
  12  index = 11  energy = 144.41
  13  index = 11  energy = 244.41
  14  index = 11  energy = 1044.41
  15  index = 11  energy = 1144.41
  16  index = 11  energy = 10144.4

bins = 11
    m_domainMin = 1  << m_domainMax = 100
    m_u_domainMin = 0  << m_u_domainMax = 4.60517
    m_inverse_du = 2.38862
  1.0000000e+00  1.5199111e+00  2.3101297e+00  3.5111917e+00  5.3366992e+00  8.1113083e+00  1.2328467e+01  1.8738174e+01  2.8480359e+01  4.3287613e+01
  6.5793322e+01  1.0000000e+02
  domain.size = 17
  0.12  0.13  0.14  0.2  1.41  2.41  2.42  4.41  14.41  24.41  34.41  44.41  144.41  244.41  1044.41  1144.41  10144.4
  map.size = 13
  0  3  4  4  6  7  7  7  8  9  10  11  11
  0  index = 0  energy = 0.12
  1  index = 0  energy = 0.13
  2  index = 0  energy = 0.14
  3  index = 0  energy = 0.2
  4  index = 1  energy = 1.41
  5  index = 3  energy = 2.41
  6  index = 3  energy = 2.42
  7  index = 4  energy = 4.41
  8  index = 7  energy = 14.41
  9  index = 8  energy = 24.41
  10  index = 9  energy = 34.41
  11  index = 10  energy = 44.41
  12  index = 12  energy = 144.41
  13  index = 12  energy = 244.41
  14  index = 12  energy = 1044.41
  15  index = 12  energy = 1144.41
  16  index = 12  energy = 10144.4

bins = 3
    m_domainMin = 1  << m_domainMax = 100
    m_u_domainMin = 0  << m_u_domainMax = 4.60517
    m_inverse_du = 0.651442
  1.0000000e+00  4.6415888e+00  2.1544347e+01  1.0000000e+02
  domain.size = 14
  0.2  1.41  2.41  2.42  4.41  14.41  24.41  34.41  44.41  144.41  244.41  1044.41  1144.41  10144.4
  map.size = 5
  0  0  4  5  8
  0  index = 0  energy = 0.2
  1  index = 1  energy = 1.41
  2  index = 1  energy = 2.41
  3  index = 1  energy = 2.42
  4  index = 1  energy = 4.41
  5  index = 2  energy = 14.41
  6  index = 3  energy = 24.41
  7  index = 3  energy = 34.41
  8  index = 3  energy = 44.41
  9  index = 4  energy = 144.41
  10  index = 4  energy = 244.41
  11  index = 4  energy = 1044.41
  12  index = 4  energy = 1144.41
  13  index = 4  energy = 10144.4

bins = 9
    m_domainMin = 1  << m_domainMax = 100
    m_u_domainMin = 0  << m_u_domainMax = 4.60517
    m_inverse_du = 1.95433
  1.0000000e+00  1.6681005e+00  2.7825594e+00  4.6415888e+00  7.7426368e+00  1.2915497e+01  2.1544347e+01  3.5938137e+01  5.9948425e+01  1.0000000e+02
  domain.size = 14
  0.2  1.41  2.41  2.42  4.41  14.41  24.41  34.41  44.41  144.41  244.41  1044.41  1144.41  10144.4
  map.size = 11
  0  0  1  3  4  4  4  5  7  8  8
  0  index = 0  energy = 0.2
  1  index = 1  energy = 1.41
  2  index = 2  energy = 2.41
  3  index = 2  energy = 2.42
  4  index = 3  energy = 4.41
  5  index = 6  energy = 14.41
  6  index = 7  energy = 24.41
  7  index = 7  energy = 34.41
  8  index = 8  energy = 44.41
  9  index = 10  energy = 144.41
  10  index = 10  energy = 244.41
  11  index = 10  energy = 1044.41
  12  index = 10  energy = 1144.41
  13  index = 10  energy = 10144.4

bins = 10
    m_domainMin = 1  << m_domainMax = 100
    m_u_domainMin = 0  << m_u_domainMax = 4.60517
    m_inverse_du = 2.17147
  1.0000000e+00  1.5848932e+00  2.5118864e+00  3.9810717e+00  6.3095734e+00  1.0000000e+01  1.5848932e+01  2.5118864e+01  3.9810717e+01  6.3095734e+01
  1.0000000e+02
  domain.size = 14
  0.2  1.41  2.41  2.42  4.41  14.41  24.41  34.41  44.41  144.41  244.41  1044.41  1144.41  10144.4
  map.size = 12
  0  0  1  3  3  4  4  5  6  7  8  8
  0  index = 0  energy = 0.2
  1  index = 1  energy = 1.41
  2  index = 2  energy = 2.41
  3  index = 2  energy = 2.42
  4  index = 4  energy = 4.41
  5  index = 6  energy = 14.41
  6  index = 7  energy = 24.41
  7  index = 8  energy = 34.41
  8  index = 9  energy = 44.41
  9  index = 11  energy = 144.41
  10  index = 11  energy = 244.41
  11  index = 11  energy = 1044.41
  12  index = 11  energy = 1144.41
  13  index = 11  energy = 10144.4

bins = 11
    m_domainMin = 1  << m_domainMax = 100
    m_u_domainMin = 0  << m_u_domainMax = 4.60517
    m_inverse_du = 2.38862
  1.0000000e+00  1.5199111e+00  2.3101297e+00  3.5111917e+00  5.3366992e+00  8.1113083e+00  1.2328467e+01  1.8738174e+01  2.8480359e+01  4.3287613e+01
  6.5793322e+01  1.0000000e+02
  domain.size = 14
  0.2  1.41  2.41  2.42  4.41  14.41  24.41  34.41  44.41  144.41  244.41  1044.41  1144.41  10144.4
  map.size = 13
  0  0  1  1  3  4  4  4  5  6  7  8  8
  0  index = 0  energy = 0.2
  1  index = 1  energy = 1.41
  2  index = 3  energy = 2.41
  3  index = 3  energy = 2.42
  4  index = 4  energy = 4.41
  5  index = 7  energy = 14.41
  6  index = 8  energy = 24.41
  7  index = 9  energy = 34.41
  8  index = 10  energy = 44.41
  9  index = 12  energy = 144.41
  10  index = 12  energy = 244.41
  11  index = 12  energy = 1044.41
  12  index = 12  energy = 1144.41
  13  index = 12  energy = 10144.4

bins = 3
    m_domainMin = 1  << m_domainMax = 100
    m_u_domainMin = 0  << m_u_domainMax = 4.60517
    m_inverse_du = 0.651442
  1.0000000e+00  4.6415888e+00  2.1544347e+01  1.0000000e+02
  domain.size = 13
  1.41  2.41  2.42  4.41  14.41  24.41  34.41  44.41  144.41  244.41  1044.41  1144.41  10144.4
  map.size = 5
  0  0  3  4  7
  0  index = 1  energy = 1.41
  1  index = 1  energy = 2.41
  2  index = 1  energy = 2.42
  3  index = 1  energy = 4.41
  4  index = 2  energy = 14.41
  5  index = 3  energy = 24.41
  6  index = 3  energy = 34.41
  7  index = 3  energy = 44.41
  8  index = 4  energy = 144.41
  9  index = 4  energy = 244.41
  10  index = 4  energy = 1044.41
  11  index = 4  energy = 1144.41
  12  index = 4  energy = 10144.4

bins = 9
    m_domainMin = 1  << m_domainMax = 100
    m_u_domainMin = 0  << m_u_domainMax = 4.60517
    m_inverse_du = 1.95433
  1.0000000e+00  1.6681005e+00  2.7825594e+00  4.6415888e+00  7.7426368e+00  1.2915497e+01  2.1544347e+01  3.5938137e+01  5.9948425e+01  1.0000000e+02
  domain.size = 13
  1.41  2.41  2.42  4.41  14.41  24.41  34.41  44.41  144.41  244.41  1044.41  1144.41  10144.4
  map.size = 11
  0  0  0  2  3  3  3  4  6  7  7
  0  index = 1  energy = 1.41
  1  index = 2  energy = 2.41
  2  index = 2  energy = 2.42
  3  index = 3  energy = 4.41
  4  index = 6  energy = 14.41
  5  index = 7  energy = 24.41
  6  index = 7  energy = 34.41
  7  index = 8  energy = 44.41
  8  index = 10  energy = 144.41
  9  index = 10  energy = 244.41
  10  index = 10  energy = 1044.41
  11  index = 10  energy = 1144.41
  12  index = 10  energy = 10144.4

bins = 10
    m_domainMin = 1  << m_domainMax = 100
    m_u_domainMin = 0  << m_u_domainMax = 4.60517
    m_inverse_du = 2.17147
  1.0000000e+00  1.5848932e+00  2.5118864e+00  3.9810717e+00  6.3095734e+00  1.0000000e+01  1.5848932e+01  2.5118864e+01  3.9810717e+01  6.3095734e+01
  1.0000000e+02
  domain.size = 13
  1.41  2.41  2.42  4.41  14.41  24.41  34.41  44.41  144.41  244.41  1044.41  1144.41  10144.4
  map.size = 12
  0  0  0  2  2  3  3  4  5  6  7  7
  0  index = 1  energy = 1.41
  1  index = 2  energy = 2.41
  2  index = 2  energy = 2.42
  3  index = 4  energy = 4.41
  4  index = 6  energy = 14.41
  5  index = 7  energy = 24.41
  6  index = 8  energy = 34.41
  7  index = 9  energy = 44.41
  8  index = 11  energy = 144.41
  9  index = 11  energy = 244.41
  10  index = 11  energy = 1044.41
  11  index = 11  energy = 1144.41
  12  index = 11  energy = 10144.4

bins = 11
    m_domainMin = 1  << m_domainMax = 100
    m_u_domainMin = 0  << m_u_domainMax = 4.60517
    m_inverse_du = 2.38862
  1.0000000e+00  1.5199111e+00  2.3101297e+00  3.5111917e+00  5.3366992e+00  8.1113083e+00  1.2328467e+01  1.8738174e+01  2.8480359e+01  4.3287613e+01
  6.5793322e+01  1.0000000e+02
  domain.size = 13
  1.41  2.41  2.42  4.41  14.41  24.41  34.41  44.41  144.41  244.41  1044.41  1144.41  10144.4
  map.size = 13
  0  0  0  0  2  3  3  3  4  5  6  7  7
  0  index = 1  energy = 1.41
  1  index = 3  energy = 2.41
  2  index = 3  energy = 2.42
  3  index = 4  energy = 4.41
  4  index = 7  energy = 14.41
  5  index = 8  energy = 24.41
  6  index = 9  energy = 34.41
  7  index = 10  energy = 44.41
  8  index = 12  energy = 144.41
  9  index = 12  energy = 244.41
  10  index = 12  energy = 1044.41
  11  index = 12  energy = 1144.41
  12  index = 12  energy = 10144.4

bins = 3
    m_domainMin = 1  << m_domainMax = 100
    m_u_domainMin = 0  << m_u_domainMax = 4.60517
    m_inverse_du = 0.651442
  1.0000000e+00  4.6415888e+00  2.1544347e+01  1.0000000e+02
  domain.size = 10
  4.41  14.41  24.41  34.41  44.41  144.41  244.41  1044.41  1144.41  10144.4
  map.size = 5
  0  0  0  1  4
  0  index = 1  energy = 4.41
  1  index = 2  energy = 14.41
  2  index = 3  energy = 24.41
  3  index = 3  energy = 34.41
  4  index = 3  energy = 44.41
  5  index = 4  energy = 144.41
  6  index = 4  energy = 244.41
  7  index = 4  energy = 1044.41
  8  index = 4  energy = 1144.41
  9  index = 4  energy = 10144.4

bins = 9
    m_domainMin = 1  << m_domainMax = 100
    m_u_domainMin = 0  << m_u_domainMax = 4.60517
    m_inverse_du = 1.95433
  1.0000000e+00  1.6681005e+00  2.7825594e+00  4.6415888e+00  7.7426368e+00  1.2915497e+01  2.1544347e+01  3.5938137e+01  5.9948425e+01  1.0000000e+02
  domain.size = 10
  4.41  14.41  24.41  34.41  44.41  144.41  244.41  1044.41  1144.41  10144.4
  map.size = 11
  0  0  0  0  0  0  0  1  3  4  4
  0  index = 3  energy = 4.41
  1  index = 6  energy = 14.41
  2  index = 7  energy = 24.41
  3  index = 7  energy = 34.41
  4  index = 8  energy = 44.41
  5  index = 10  energy = 144.41
  6  index = 10  energy = 244.41
  7  index = 10  energy = 1044.41
  8  index = 10  energy = 1144.41
  9  index = 10  energy = 10144.4

bins = 10
    m_domainMin = 1  << m_domainMax = 100
    m_u_domainMin = 0  << m_u_domainMax = 4.60517
    m_inverse_du = 2.17147
  1.0000000e+00  1.5848932e+00  2.5118864e+00  3.9810717e+00  6.3095734e+00  1.0000000e+01  1.5848932e+01  2.5118864e+01  3.9810717e+01  6.3095734e+01
  1.0000000e+02
  domain.size = 10
  4.41  14.41  24.41  34.41  44.41  144.41  244.41  1044.41  1144.41  10144.4
  map.size = 12
  0  0  0  0  0  0  0  1  2  3  4  4
  0  index = 4  energy = 4.41
  1  index = 6  energy = 14.41
  2  index = 7  energy = 24.41
  3  index = 8  energy = 34.41
  4  index = 9  energy = 44.41
  5  index = 11  energy = 144.41
  6  index = 11  energy = 244.41
  7  index = 11  energy = 1044.41
  8  index = 11  energy = 1144.41
  9  index = 11  energy = 10144.4

bins = 11
    m_domainMin = 1  << m_domainMax = 100
    m_u_domainMin = 0  << m_u_domainMax = 4.60517
    m_inverse_du = 2.38862
  1.0000000e+00  1.5199111e+00  2.3101297e+00  3.5111917e+00  5.3366992e+00  8.1113083e+00  1.2328467e+01  1.8738174e+01  2.8480359e+01  4.3287613e+01
  6.5793322e+01  1.0000000e+02
  domain.size = 10
  4.41  14.41  24.41  34.41  44.41  144.41  244.41  1044.41  1144.41  10144.4
  map.size = 13
  0  0  0  0  0  0  0  0  1  2  3  4  4
  0  index = 4  energy = 4.41
  1  index = 7  energy = 14.41
  2  index = 8  energy = 24.41
  3  index = 9  energy = 34.41
  4  index = 10  energy = 44.41
  5  index = 12  energy = 144.41
  6  index = 12  energy = 244.41
  7  index = 12  energy = 1044.41
  8  index = 12  energy = 1144.41
  9  index = 12  energy = 10144.4

bins = 3
    m_domainMin = 1  << m_domainMax = 100
    m_u_domainMin = 0  << m_u_domainMax = 4.60517
    m_inverse_du = 0.651442
  1.0000000e+00  4.6415888e+00  2.1544347e+01  1.0000000e+02
  domain.size = 6
  44.41  144.41  244.41  1044.41  1144.41  10144.4
  map.size = 5
  0  0  0  0  0
  0  index = 3  energy = 44.41
  1  index = 4  energy = 144.41
  2  index = 4  energy = 244.41
  3  index = 4  energy = 1044.41
  4  index = 4  energy = 1144.41
  5  index = 4  energy = 10144.4

bins = 9
    m_domainMin = 1  << m_domainMax = 100
    m_u_domainMin = 0  << m_u_domainMax = 4.60517
    m_inverse_du = 1.95433
  1.0000000e+00  1.6681005e+00  2.7825594e+00  4.6415888e+00  7.7426368e+00  1.2915497e+01  2.1544347e+01  3.5938137e+01  5.9948425e+01  1.0000000e+02
  domain.size = 6
  44.41  144.41  244.41  1044.41  1144.41  10144.4
  map.size = 11
  0  0  0  0  0  0  0  0  0  0  0
  0  index = 8  energy = 44.41
  1  index = 10  energy = 144.41
  2  index = 10  energy = 244.41
  3  index = 10  energy = 1044.41
  4  index = 10  energy = 1144.41
  5  index = 10  energy = 10144.4

bins = 10
    m_domainMin = 1  << m_domainMax = 100
    m_u_domainMin = 0  << m_u_domainMax = 4.60517
    m_inverse_du = 2.17147
  1.0000000e+00  1.5848932e+00  2.5118864e+00  3.9810717e+00  6.3095734e+00  1.0000000e+01  1.5848932e+01  2.5118864e+01  3.9810717e+01  6.3095734e+01
  1.0000000e+02
  domain.size = 6
  44.41  144.41  244.41  1044.41  1144.41  10144.4
  map.size = 12
  0  0  0  0  0  0  0  0  0  0  0  0
  0  index = 9  energy = 44.41
  1  index = 11  energy = 144.41
  2  index = 11  energy = 244.41
  3  index = 11  energy = 1044.41
  4  index = 11  energy = 1144.41
  5  index = 11  energy = 10144.4

bins = 11
    m_domainMin = 1  << m_domainMax = 100
    m_u_domainMin = 0  << m_u_domainMax = 4.60517
    m_inverse_du = 2.38862
  1.0000000e+00  1.5199111e+00  2.3101297e+00  3.5111917e+00  5.3366992e+00  8.1113083e+00  1.2328467e+01  1.8738174e+01  2.8480359e+01  4.3287613e+01
  6.5793322e+01  1.0000000e+02
  domain.size = 6
  44.41  144.41  244.41  1044.41  1144.41  10144.4
  map.size = 13
  0  0  0  0  0  0  0  0  0  0  0  0  0
  0  index = 10  energy = 44.41
  1  index = 12  energy = 144.41
  2  index = 12  energy = 244.41
  3  index = 12  energy = 1044.41
  4  index = 12  energy = 1144.41
  5  index = 12  energy = 10144.4

bins = 3
    m_domainMin = 1  << m_domainMax = 100
    m_u_domainMin = 0  << m_u_domainMax = 4.60517
    m_inverse_du = 0.651442
  1.0000000e+00  4.6415888e+00  2.1544347e+01  1.0000000e+02
  domain.size = 4
  244.41  1044.41  1144.41  10144.4
  map.size = 5
  0  0  0  0  0
  0  index = 4  energy = 244.41
  1  index = 4  energy = 1044.41
  2  index = 4  energy = 1144.41
  3  index = 4  energy = 10144.4

bins = 9
    m_domainMin = 1  << m_domainMax = 100
    m_u_domainMin = 0  << m_u_domainMax = 4.60517
    m_inverse_du = 1.95433
  1.0000000e+00  1.6681005e+00  2.7825594e+00  4.6415888e+00  7.7426368e+00  1.2915497e+01  2.1544347e+01  3.5938137e+01  5.9948425e+01  1.0000000e+02
  domain.size = 4
  244.41  1044.41  1144.41  10144.4
  map.size = 11
  0  0  0  0  0  0  0  0  0  0  0
  0  index = 10  energy = 244.41
  1  index = 10  energy = 1044.41
  2  index = 10  energy = 1144.41
  3  index = 10  energy = 10144.4

bins = 10
    m_domainMin = 1  << m_domainMax = 100
    m_u_domainMin = 0  << m_u_domainMax = 4.60517
    m_inverse_du = 2.17147
  1.0000000e+00  1.5848932e+00  2.5118864e+00  3.9810717e+00  6.3095734e+00  1.0000000e+01  1.5848932e+01  2.5118864e+01  3.9810717e+01  6.3095734e+01
  1.0000000e+02
  domain.size = 4
  244.41  1044.41  1144.41  10144.4
  map.size = 12
  0  0  0  0  0  0  0  0  0  0  0  0
  0  index = 11  energy = 244.41
  1  index = 11  energy = 1044.41
  2  index = 11  energy = 1144.41
  3  index = 11  energy = 10144.4

bins = 11
    m_domainMin = 1  << m_domainMax = 100
    m_u_domainMin = 0  << m_u_domainMax = 4.60517
    m_inverse_du = 2.38862
  1.0000000e+00  1.5199111e+00  2.3101297e+00  3.5111917e+00  5.3366992e+00  8.1113083e+00  1.2328467e+01  1.8738174e+01  2.8480359e+01  4.3287613e+01
  6.5793322e+01  1.0000000e+02
  domain.size = 4
  244.41  1044.41  1144.41  10144.4
  map.size = 13
  0  0  0  0  0  0  0  0  0  0  0  0  0
  0  index = 12  energy = 244.41
  1  index = 12  energy = 1044.41
  2  index = 12  energy = 1144.41
  3  index = 12  energy = 10144.4
