label = heated_000  temperature = 2.586e-08
label = heated_001  temperature = 1e-06
label = heated_002  temperature = 0.0001
HeatedCrossSectionsMultiGroup::write for temperature 2.5860e-08
    boundaries index                                              0                   1                   2                   3                   4                   5                   6                   7                   8                   9                  10                  11                  12                  13                  14                  15                  16                  17
    boundaries                               (  18) ::    2.09080000000e-08   7.52700000000e-03   2.64620000000e-02   9.89090000000e-02   2.07460000000e-01   2.94020000000e-01   6.32470000000e-01   1.17610000000e+00   2.52990000000e+00   4.70440000000e+00   6.36660000000e+00   7.90960000000e+00   9.66480000000e+00   1.15470000000e+01   1.24990000000e+01   1.38630000000e+01   1.41340000000e+01   1.44070000000e+01
    Total cross section                      (  17) ::    3.84415625091e+00   3.81558883464e+00   3.71936980255e+00   3.55107629682e+00   3.44419081876e+00   5.55249318490e+00   3.84542269918e+00   1.87619741527e+00   2.01263900020e+00   1.26204604805e+00   1.12545903154e+00   1.19531770905e+00   1.41596106016e+00   1.61441013400e+00   1.59222462353e+00   1.60080925184e+00   1.61595392554e+00
    Augmented cross section                  (  17) ::    0.00000000000e+00   0.00000000000e+00   0.00000000000e+00   0.00000000000e+00   0.00000000000e+00   0.00000000000e+00   0.00000000000e+00   2.52811305835e-18   0.00000000000e+00   4.95511062450e-04   1.04200290401e-01   2.68312221853e-03   2.41145015018e-02   3.13542933411e-03   1.26250322928e-04   0.00000000000e+00   0.00000000000e+00
    Deposition energy                        (  17) ::    1.64636742906e-03   7.33136831666e-03   2.66042606083e-02   6.43716407471e-02   1.08616273508e-01   2.29149274465e-01   3.86632177569e-01   3.11939111258e-01   6.50762753062e-01   7.41408980331e-01   2.17407868604e+00   3.94836921498e+00   5.24372293477e+00   5.86883553397e+00   6.26656472353e+00   5.99013252115e+00   6.11433424385e+00
    Deposition momentum                      (  17) ::    9.07390056010e+00   2.00944608548e+01   3.80966334431e+01   5.95835093906e+01   7.88775580947e+01   1.25813962951e+02   1.45106417060e+02   8.70418560148e+01   1.17597858703e+02   9.64007319158e+01   1.10029488059e+02   1.26875810858e+02   1.56717184109e+02   1.66533472145e+02   1.55481794566e+02   1.53695048462e+02   1.54967075763e+02
    Production energy                        (  17) ::    3.05821979770e-05   6.28420535981e-05   1.19816364238e-04   1.91179561838e-04   2.62821102149e-04   9.50436257452e-04   4.65236341924e-04   4.14458999726e-04  -5.13127824973e-02  -1.03283272704e-01  -2.20049072285e-01  -3.33650275327e-01  -6.54764825364e-01  -1.26249689741e+00  -1.36021587585e+00  -1.79648004290e+00  -1.90561605821e+00
    Gain for particle 10 (-1)                (  17) ::   -7.37882347277e-06  -1.51624294799e-05  -2.89090993894e-05  -4.61274967700e-05  -6.34130522317e-05  -2.29319729443e-04  -1.12251475278e-04  -9.99999999339e-05  -2.34605389942e-02  -4.69308281725e-02  -9.96590803731e-02  -1.50902535814e-01  -2.43752667841e-01  -2.75370907285e-01  -2.13411854394e-01  -2.02486975677e-01  -2.04187330641e-01
    Reaction cross section (  0)             (  17) ::    3.84414887208e+00   3.81557367222e+00   3.71934089345e+00   3.55103016933e+00   3.44412740570e+00   5.55226386517e+00   3.84531044770e+00   1.87609741527e+00   1.98917846121e+00   1.21511521988e+00   8.59958809770e-01   7.01731905884e-01   8.27894664903e-01   9.64001128230e-01   9.19733940543e-01   9.63864940239e-01   9.64674903810e-01
    Reaction cross section (  1)             (   7) ::                                                                                                                                                                                                            5.18223939823e-03   5.31458410920e-03   2.23163580280e-03   4.20049605664e-03   3.87372653348e-03   2.50245329001e-03   2.48260107000e-03
    Reaction cross section (  2)             (   7) ::                                                                                                                                                                                                            1.45552130011e-01   2.26606609362e-01   1.60693163875e-01   1.43212433437e-01   1.18479289475e-01   8.99893086718e-02   9.87010271930e-02
    Reaction cross section (  3)             (   7) ::                                                                                                                                                                                                            9.62582072472e-03   6.05938660120e-02   5.26963227719e-02   5.27554861853e-02   4.99174670423e-02   1.92172242922e-02   2.81508174785e-02
    Reaction cross section (  4)             (   7) ::                                                                                                                                                                                                            5.48092175312e-03   4.99612070318e-02   8.67299027575e-02   5.63287158298e-02   5.99504232023e-02   5.03503973259e-02   3.83109125689e-02
    Reaction cross section (  5)             (   6) ::                                                                                                                                                                                                                                2.05780982463e-04   3.35497471554e-02   5.65244494738e-02   7.16998449587e-02   4.68673297345e-02   3.97146963257e-02
    Reaction cross section (  6)             (   4) ::                                                                                                                                                                                                                                                                        9.92798107779e-04   4.19967409036e-03   4.93164388688e-03   4.44249274693e-03
    Reaction cross section (  7)             (   4) ::                                                                                                                                                                                                                                                                        4.50695554175e-03   2.45168322228e-02   3.16807319142e-02   3.21590521622e-02
    Reaction cross section (  8)             (   5) ::                                                                                                                                                                                                                                                    4.11684423357e-03   2.71989048923e-02   5.32585929672e-02   6.44328035196e-02   6.40961953209e-02
    Reaction cross section (  9)             (   3) ::                                                                                                                                                                                                                                                                                            1.55770784188e-04   1.09543542227e-03   1.75771423719e-03
    Reaction cross section ( 10)             (   5) ::                                                                                                                                                                                                                                                    7.94465137520e-05   1.02049328250e-03   4.88784351026e-03   7.21536724431e-03   6.44377164584e-03
    Reaction cross section ( 11)             (   5) ::                                                                                                                                                                                                                                                    3.13135463903e-05   3.12537409283e-04   8.19530663113e-04   9.95754525299e-04   9.00022120886e-04
    Reaction cross section ( 12)             (   5) ::                                                                                                                                                                                                                                                    1.05087827489e-02   4.54687422859e-02   2.34887817147e-02   3.08751074434e-02   2.79195674155e-02
    Reaction cross section ( 13)             (   5) ::                                                                                                                                                                                                                                                    7.28821529471e-04   1.03955186639e-02   8.73708351332e-03   4.24381733465e-03   6.01856432089e-03
    Reaction cross section ( 14)             (   5) ::                                                                                                                                                                                                                                                    5.38784915332e-05   2.42189994203e-03   1.06188537841e-02   1.69047551027e-02   1.86063709586e-02
    Reaction cross section ( 15)             (  10) ::                                                                                                                                                1.87141025475e-19   2.33605389946e-02   4.66547691191e-02   9.21373541637e-02   4.77696816391e-02   4.52033582500e-02   3.27385328066e-02   2.40582901097e-02   2.05436263659e-02   1.80161611072e-02
    Reaction cross section ( 16)             (   8) ::                                                                                                                                                                                        1.74667828121e-04   4.98538323716e-03   2.81976903838e-02   1.07008228259e-02   2.27825343269e-03   2.84587961964e-03   3.13665663201e-03   5.47390315737e-04
    Reaction cross section ( 17)             (   8) ::                                                                                                                                                                                        1.39122605850e-06   1.73981317214e-03   4.84485795200e-02   9.93283960373e-02   1.11626927683e-01   7.54961145220e-02   5.78459736127e-02   6.22238450207e-02
    Reaction cross section ( 18)             (   7) ::                                                                                                                                                                                                            6.96529801021e-04   2.63865842722e-02   7.70178478988e-02   6.90080017815e-02   6.23594769596e-02   6.06259174177e-02   6.34116377375e-02
    Reaction cross section ( 19)             (  17) ::    7.37882347277e-06   1.51624294799e-05   2.89090993894e-05   4.61274967700e-05   6.34130522317e-05   2.29319729443e-04   1.12251475278e-04   9.99999999339e-05   9.99999996285e-05   9.99999992964e-05   9.99999990189e-05   9.99999987334e-05   9.99999984186e-05   9.99999981732e-05   9.99999979728e-05   9.99999978312e-05   9.99999977841e-05
    Reaction cross section ( 20)             (   7) ::                                                                                                                                                                                                            2.95120905003e-08   1.21985716170e-06   4.29611082281e-03   2.93178589580e-02   7.30272073149e-02   1.23390007868e-01   1.37276181989e-01
    Reaction cross section ( 21)             (   3) ::                                                                                                                                                                                                                                                                                            2.42273871620e-15   6.01981026046e-14   1.10711381121e-13
