label = heated_000  temperature = 0
temperature = 2.58522e-08
numberOfSamples = 1000000
energy = 1e-12 cross section =  1.751180e-06
        0.860768  0.139232  0.000000  0.000000
        0.860406  0.139594  0.000000  0.000000
          860406    139594         0         0
energy = 1.2e-12 cross section =  1.751180e-06
        0.860768  0.139232  0.000000  0.000000
        0.860714  0.139286  0.000000  0.000000
          860714    139286         0         0
energy = 1.44e-12 cross section =  1.751180e-06
        0.860768  0.139232  0.000000  0.000000
        0.860729  0.139271  0.000000  0.000000
          860729    139271         0         0
energy = 1.728e-12 cross section =  1.751180e-06
        0.860768  0.139232  0.000000  0.000000
        0.860320  0.139680  0.000000  0.000000
          860320    139680         0         0
energy = 2.0736e-12 cross section =  1.751180e-06
        0.860768  0.139232  0.000000  0.000000
        0.860695  0.139305  0.000000  0.000000
          860695    139305         0         0
energy = 2.48832e-12 cross section =  1.751180e-06
        0.860768  0.139232  0.000000  0.000000
        0.860928  0.139072  0.000000  0.000000
          860928    139072         0         0
energy = 2.98598e-12 cross section =  1.751180e-06
        0.860768  0.139232  0.000000  0.000000
        0.861016  0.138984  0.000000  0.000000
          861016    138984         0         0
energy = 3.58318e-12 cross section =  1.751180e-06
        0.860768  0.139232  0.000000  0.000000
        0.860622  0.139378  0.000000  0.000000
          860622    139378         0         0
energy = 4.29982e-12 cross section =  1.751180e-06
        0.860768  0.139232  0.000000  0.000000
        0.860897  0.139103  0.000000  0.000000
          860897    139103         0         0
energy = 5.15978e-12 cross section =  1.751180e-06
        0.860768  0.139232  0.000000  0.000000
        0.860600  0.139400  0.000000  0.000000
          860600    139400         0         0
energy = 6.19174e-12 cross section =  1.751180e-06
        0.860768  0.139232  0.000000  0.000000
        0.860444  0.139556  0.000000  0.000000
          860444    139556         0         0
energy = 7.43008e-12 cross section =  1.751180e-06
        0.860768  0.139232  0.000000  0.000000
        0.861568  0.138432  0.000000  0.000000
          861568    138432         0         0
energy = 8.9161e-12 cross section =  1.751180e-06
        0.860768  0.139232  0.000000  0.000000
        0.861138  0.138862  0.000000  0.000000
          861138    138862         0         0
energy = 1.06993e-11 cross section =  1.751180e-06
        0.860768  0.139232  0.000000  0.000000
        0.860800  0.139200  0.000000  0.000000
          860800    139200         0         0
energy = 1.28392e-11 cross section =  1.751180e-06
        0.860768  0.139232  0.000000  0.000000
        0.860761  0.139239  0.000000  0.000000
          860761    139239         0         0
energy = 1.5407e-11 cross section =  1.751180e-06
        0.860768  0.139232  0.000000  0.000000
        0.860971  0.139029  0.000000  0.000000
          860971    139029         0         0
energy = 1.84884e-11 cross section =  1.751180e-06
        0.860768  0.139232  0.000000  0.000000
        0.861245  0.138755  0.000000  0.000000
          861245    138755         0         0
energy = 2.21861e-11 cross section =  1.751180e-06
        0.860768  0.139232  0.000000  0.000000
        0.860627  0.139373  0.000000  0.000000
          860627    139373         0         0
energy = 2.66233e-11 cross section =  1.751180e-06
        0.860768  0.139232  0.000000  0.000000
        0.861021  0.138979  0.000000  0.000000
          861021    138979         0         0
energy = 3.1948e-11 cross section =  1.751180e-06
        0.860768  0.139232  0.000000  0.000000
        0.860728  0.139272  0.000000  0.000000
          860728    139272         0         0
energy = 3.83376e-11 cross section =  1.751180e-06
        0.860768  0.139232  0.000000  0.000000
        0.860948  0.139052  0.000000  0.000000
          860948    139052         0         0
energy = 4.60051e-11 cross section =  1.751180e-06
        0.860768  0.139232  0.000000  0.000000
        0.860022  0.139978  0.000000  0.000000
          860022    139978         0         0
energy = 5.52061e-11 cross section =  1.751180e-06
        0.860768  0.139232  0.000000  0.000000
        0.860579  0.139421  0.000000  0.000000
          860579    139421         0         0
energy = 6.62474e-11 cross section =  1.751180e-06
        0.860768  0.139232  0.000000  0.000000
        0.860457  0.139543  0.000000  0.000000
          860457    139543         0         0
energy = 7.94968e-11 cross section =  1.751180e-06
        0.860768  0.139232  0.000000  0.000000
        0.860600  0.139400  0.000000  0.000000
          860600    139400         0         0
energy = 9.53962e-11 cross section =  1.751180e-06
        0.860768  0.139232  0.000000  0.000000
        0.861302  0.138698  0.000000  0.000000
          861302    138698         0         0
energy = 1.14475e-10 cross section =  1.751180e-06
        0.860768  0.139232  0.000000  0.000000
        0.860544  0.139456  0.000000  0.000000
          860544    139456         0         0
energy = 1.37371e-10 cross section =  1.751180e-06
        0.860768  0.139232  0.000000  0.000000
        0.860513  0.139487  0.000000  0.000000
          860513    139487         0         0
energy = 1.64845e-10 cross section =  1.751180e-06
        0.860768  0.139232  0.000000  0.000000
        0.861309  0.138691  0.000000  0.000000
          861309    138691         0         0
energy = 1.97814e-10 cross section =  1.751180e-06
        0.860768  0.139232  0.000000  0.000000
        0.860612  0.139388  0.000000  0.000000
          860612    139388         0         0
energy = 2.37376e-10 cross section =  1.751180e-06
        0.860768  0.139232  0.000000  0.000000
        0.861308  0.138692  0.000000  0.000000
          861308    138692         0         0
energy = 2.84852e-10 cross section =  1.751180e-06
        0.860768  0.139232  0.000000  0.000000
        0.860321  0.139679  0.000000  0.000000
          860321    139679         0         0
energy = 3.41822e-10 cross section =  1.751180e-06
        0.860768  0.139232  0.000000  0.000000
        0.860214  0.139786  0.000000  0.000000
          860214    139786         0         0
energy = 4.10186e-10 cross section =  1.751180e-06
        0.860768  0.139232  0.000000  0.000000
        0.861386  0.138614  0.000000  0.000000
          861386    138614         0         0
energy = 4.92224e-10 cross section =  1.751180e-06
        0.860768  0.139232  0.000000  0.000000
        0.860764  0.139236  0.000000  0.000000
          860764    139236         0         0
energy = 5.90668e-10 cross section =  1.751180e-06
        0.860768  0.139232  0.000000  0.000000
        0.860314  0.139686  0.000000  0.000000
          860314    139686         0         0
energy = 7.08802e-10 cross section =  1.751180e-06
        0.860768  0.139232  0.000000  0.000000
        0.861085  0.138915  0.000000  0.000000
          861085    138915         0         0
energy = 8.50562e-10 cross section =  1.751180e-06
        0.860768  0.139232  0.000000  0.000000
        0.861309  0.138691  0.000000  0.000000
          861309    138691         0         0
energy = 1.02067e-09 cross section =  1.751180e-06
        0.860768  0.139232  0.000000  0.000000
        0.860596  0.139404  0.000000  0.000000
          860596    139404         0         0
energy = 1.22481e-09 cross section =  1.751180e-06
        0.860768  0.139232  0.000000  0.000000
        0.860957  0.139043  0.000000  0.000000
          860957    139043         0         0
energy = 1.46977e-09 cross section =  1.751180e-06
        0.860768  0.139232  0.000000  0.000000
        0.861165  0.138835  0.000000  0.000000
          861165    138835         0         0
energy = 1.76373e-09 cross section =  1.751180e-06
        0.860768  0.139232  0.000000  0.000000
        0.861265  0.138735  0.000000  0.000000
          861265    138735         0         0
energy = 2.11647e-09 cross section =  1.751180e-06
        0.860768  0.139232  0.000000  0.000000
        0.860977  0.139023  0.000000  0.000000
          860977    139023         0         0
energy = 2.53977e-09 cross section =  1.751180e-06
        0.860768  0.139232  0.000000  0.000000
        0.861169  0.138831  0.000000  0.000000
          861169    138831         0         0
energy = 3.04772e-09 cross section =  1.751180e-06
        0.860768  0.139232  0.000000  0.000000
        0.860528  0.139472  0.000000  0.000000
          860528    139472         0         0
energy = 3.65726e-09 cross section =  1.751180e-06
        0.860768  0.139232  0.000000  0.000000
        0.860036  0.139964  0.000000  0.000000
          860036    139964         0         0
energy = 4.38871e-09 cross section =  1.751180e-06
        0.860768  0.139232  0.000000  0.000000
        0.861264  0.138736  0.000000  0.000000
          861264    138736         0         0
energy = 5.26646e-09 cross section =  1.751180e-06
        0.860768  0.139232  0.000000  0.000000
        0.860781  0.139219  0.000000  0.000000
          860781    139219         0         0
energy = 6.31975e-09 cross section =  1.751180e-06
        0.860768  0.139232  0.000000  0.000000
        0.860707  0.139293  0.000000  0.000000
          860707    139293         0         0
energy = 7.5837e-09 cross section =  1.751180e-06
        0.860768  0.139232  0.000000  0.000000
        0.860999  0.139001  0.000000  0.000000
          860999    139001         0         0
energy = 9.10044e-09 cross section =  1.751180e-06
        0.860768  0.139232  0.000000  0.000000
        0.860143  0.139857  0.000000  0.000000
          860143    139857         0         0
energy = 1.09205e-08 cross section =  1.751180e-06
        0.860768  0.139232  0.000000  0.000000
        0.861095  0.138905  0.000000  0.000000
          861095    138905         0         0
energy = 1.31046e-08 cross section =  1.751180e-06
        0.860768  0.139232  0.000000  0.000000
        0.860726  0.139274  0.000000  0.000000
          860726    139274         0         0
energy = 1.57256e-08 cross section =  1.751180e-06
        0.860768  0.139232  0.000000  0.000000
        0.860465  0.139535  0.000000  0.000000
          860465    139535         0         0
energy = 1.88707e-08 cross section =  1.751180e-06
        0.860768  0.139232  0.000000  0.000000
        0.861147  0.138853  0.000000  0.000000
          861147    138853         0         0
energy = 2.26448e-08 cross section =  1.751180e-06
        0.860768  0.139232  0.000000  0.000000
        0.861543  0.138457  0.000000  0.000000
          861543    138457         0         0
energy = 2.71738e-08 cross section =  1.751180e-06
        0.860768  0.139232  0.000000  0.000000
        0.860381  0.139619  0.000000  0.000000
          860381    139619         0         0
energy = 3.26085e-08 cross section =  1.751180e-06
        0.860768  0.139232  0.000000  0.000000
        0.860024  0.139976  0.000000  0.000000
          860024    139976         0         0
energy = 3.91302e-08 cross section =  1.751180e-06
        0.860768  0.139232  0.000000  0.000000
        0.860653  0.139347  0.000000  0.000000
          860653    139347         0         0
energy = 4.69563e-08 cross section =  1.751180e-06
        0.860768  0.139232  0.000000  0.000000
        0.860500  0.139500  0.000000  0.000000
          860500    139500         0         0
energy = 5.63475e-08 cross section =  1.751180e-06
        0.860768  0.139232  0.000000  0.000000
        0.860472  0.139528  0.000000  0.000000
          860472    139528         0         0
energy = 6.7617e-08 cross section =  1.751180e-06
        0.860768  0.139232  0.000000  0.000000
        0.861148  0.138852  0.000000  0.000000
          861148    138852         0         0
energy = 8.11404e-08 cross section =  1.751180e-06
        0.860768  0.139232  0.000000  0.000000
        0.861160  0.138840  0.000000  0.000000
          861160    138840         0         0
energy = 9.73685e-08 cross section =  1.751180e-06
        0.860768  0.139232  0.000000  0.000000
        0.861056  0.138944  0.000000  0.000000
          861056    138944         0         0
energy = 1.16842e-07 cross section =  1.751180e-06
        0.860768  0.139232  0.000000  0.000000
        0.860556  0.139444  0.000000  0.000000
          860556    139444         0         0
energy = 1.40211e-07 cross section =  1.751180e-06
        0.860768  0.139232  0.000000  0.000000
        0.860256  0.139744  0.000000  0.000000
          860256    139744         0         0
energy = 1.68253e-07 cross section =  1.751180e-06
        0.860768  0.139232  0.000000  0.000000
        0.861397  0.138603  0.000000  0.000000
          861397    138603         0         0
energy = 2.01903e-07 cross section =  1.751180e-06
        0.860768  0.139232  0.000000  0.000000
        0.861118  0.138882  0.000000  0.000000
          861118    138882         0         0
energy = 2.42284e-07 cross section =  1.751180e-06
        0.860768  0.139232  0.000000  0.000000
        0.860507  0.139493  0.000000  0.000000
          860507    139493         0         0
energy = 2.90741e-07 cross section =  1.751180e-06
        0.860768  0.139232  0.000000  0.000000
        0.860855  0.139145  0.000000  0.000000
          860855    139145         0         0
energy = 3.48889e-07 cross section =  1.751180e-06
        0.860768  0.139232  0.000000  0.000000
        0.860818  0.139182  0.000000  0.000000
          860818    139182         0         0
energy = 4.18667e-07 cross section =  1.751180e-06
        0.860768  0.139232  0.000000  0.000000
        0.860322  0.139678  0.000000  0.000000
          860322    139678         0         0
energy = 5.024e-07 cross section =  1.751180e-06
        0.860768  0.139232  0.000000  0.000000
        0.861109  0.138891  0.000000  0.000000
          861109    138891         0         0
energy = 6.0288e-07 cross section =  1.751180e-06
        0.860768  0.139232  0.000000  0.000000
        0.861564  0.138436  0.000000  0.000000
          861564    138436         0         0
energy = 7.23456e-07 cross section =  1.751180e-06
        0.860768  0.139232  0.000000  0.000000
        0.860315  0.139685  0.000000  0.000000
          860315    139685         0         0
energy = 8.68147e-07 cross section =  1.751180e-06
        0.860768  0.139232  0.000000  0.000000
        0.861019  0.138981  0.000000  0.000000
          861019    138981         0         0
energy = 1.04178e-06 cross section =  2.032692e-06
        0.869762  0.130238  0.000000  0.000000
        0.870108  0.129892  0.000000  0.000000
          870108    129892         0         0
energy = 1.25013e-06 cross section =  4.850528e-06
        0.921419  0.078581  0.000000  0.000000
        0.921360  0.078640  0.000000  0.000000
          921360     78640         0         0
energy = 1.50016e-06 cross section =  8.090139e-06
        0.932117  0.067883  0.000000  0.000000
        0.931473  0.068527  0.000000  0.000000
          931473     68527         0         0
energy = 1.80019e-06 cross section =  1.611363e-05
        0.950959  0.049041  0.000000  0.000000
        0.951171  0.048829  0.000000  0.000000
          951171     48829         0         0
energy = 2.16023e-06 cross section =  3.265295e-05
        0.965153  0.034847  0.000000  0.000000
        0.965239  0.034761  0.000000  0.000000
          965239     34761         0         0
energy = 2.59227e-06 cross section =  6.577361e-05
        0.975090  0.024910  0.000000  0.000000
        0.975058  0.024942  0.000000  0.000000
          975058     24942         0         0
energy = 3.11073e-06 cross section =  1.198831e-04
        0.980319  0.019681  0.000000  0.000000
        0.980237  0.019763  0.000000  0.000000
          980237     19763         0         0
energy = 3.73287e-06 cross section =  2.183383e-04
        0.984433  0.015567  0.000000  0.000000
        0.984430  0.015570  0.000000  0.000000
          984430     15570         0         0
energy = 4.47945e-06 cross section =  3.907169e-04
        0.987477  0.012523  0.000000  0.000000
        0.987350  0.012650  0.000000  0.000000
          987350     12650         0         0
energy = 5.37534e-06 cross section =  5.751622e-04
        0.987750  0.012250  0.000000  0.000000
        0.987817  0.012183  0.000000  0.000000
          987817     12183         0         0
energy = 6.45041e-06 cross section =  4.811279e-04
        0.978914  0.021086  0.000000  0.000000
        0.979137  0.020863  0.000000  0.000000
          979137     20863         0         0
energy = 7.74049e-06 cross section =  2.339047e-04
        0.937547  0.062453  0.000000  0.000000
        0.937470  0.062530  0.000000  0.000000
          937470     62530         0         0
energy = 9.28859e-06 cross section =  1.278553e-01
        0.999835  0.000165  0.000000  0.000000
        0.999838  0.000162  0.000000  0.000000
          999838       162         0         0
energy = 1.11463e-05 cross section =  3.512862e-01
        0.999914  0.000086  0.000000  0.000000
        0.999904  0.000096  0.000000  0.000000
          999904        96         0         0
energy = 1.33756e-05 cross section =  3.404392e+00
        0.999987  0.000013  0.000000  0.000000
        0.999985  0.000015  0.000000  0.000000
          999985        15         0         0
energy = 1.60507e-05 cross section =  1.017915e+07
        0.000001  0.000000  0.999999  0.000000
        0.000002  0.000000  0.999998  0.000000
               2         0    999998         0
energy = 1.92608e-05 cross section =  1.074915e+07
        0.000001  0.000000  0.999999  0.000000
        0.000001  0.000000  0.999999  0.000000
               1         0    999999         0
energy = 2.3113e-05 cross section =  1.042139e+07
        0.000001  0.000000  0.999999  0.000000
        0.000000  0.000000  1.000000  0.000000
               0         0   1000000         0
energy = 2.77356e-05 cross section =  9.554272e+06
        0.000001  0.000000  0.999999  0.000000
        0.000000  0.000000  1.000000  0.000000
               0         0   1000000         0
energy = 3.32827e-05 cross section =  9.018258e+06
        0.000002  0.000000  0.999998  0.000000
        0.000002  0.000000  0.999998  0.000000
               2         0    999998         0
energy = 3.99392e-05 cross section =  7.793658e+06
        0.000002  0.000000  0.999998  0.000000
        0.000003  0.000000  0.999997  0.000000
               3         0    999997         0
energy = 4.79271e-05 cross section =  6.382187e+06
        0.000003  0.000000  0.999997  0.000000
        0.000001  0.000000  0.999999  0.000000
               1         0    999999         0
energy = 5.75125e-05 cross section =  4.940837e+06
        0.000005  0.000000  0.999995  0.000000
        0.000003  0.000000  0.999997  0.000000
               3         0    999997         0
energy = 6.9015e-05 cross section =  3.632056e+06
        0.000007  0.000000  0.999993  0.000000
        0.000008  0.000000  0.999992  0.000000
               8         0    999992         0
energy = 8.2818e-05 cross section =  2.567224e+06
        0.000011  0.000000  0.999989  0.000000
        0.000014  0.000000  0.999986  0.000000
              14         0    999986         0
energy = 9.93816e-05 cross section =  1.763673e+06
        0.000016  0.000000  0.999984  0.000000
        0.000017  0.000000  0.999983  0.000000
              17         0    999983         0
energy = 0.000119258 cross section =  1.191098e+06
        0.000024  0.000000  0.999976  0.000000
        0.000027  0.000000  0.999973  0.000000
              27         0    999973         0
energy = 0.000143109 cross section =  7.938953e+05
        0.000036  0.000000  0.999964  0.000000
        0.000028  0.000000  0.999972  0.000000
              28         0    999972         0
energy = 0.000171731 cross section =  5.236302e+05
        0.000054  0.000000  0.999946  0.000000
        0.000057  0.000000  0.999943  0.000000
              57         0    999943         0
energy = 0.000206078 cross section =  3.418504e+05
        0.000080  0.000000  0.999920  0.000000
        0.000076  0.000000  0.999924  0.000000
              76         0    999924         0
energy = 0.000247293 cross section =  2.213892e+05
        0.000119  0.000000  0.999881  0.000000
        0.000117  0.000000  0.999883  0.000000
             117         0    999883         0
energy = 0.000296752 cross section =  1.422916e+05
        0.000176  0.000000  0.999824  0.000000
        0.000170  0.000001  0.999829  0.000000
             170         1    999829         0
energy = 0.000356102 cross section =  9.097342e+04
        0.000251  0.000000  0.999749  0.000000
        0.000224  0.000000  0.999776  0.000000
             224         0    999776         0
energy = 0.000427323 cross section =  5.790843e+04
        0.000321  0.000001  0.999679  0.000000
        0.000307  0.000001  0.999692  0.000000
             307         1    999692         0
energy = 0.000512787 cross section =  3.668761e+04
        0.000839  0.000002  0.999159  0.000000
        0.000872  0.000001  0.999127  0.000000
             872         1    999127         0
energy = 0.000615344 cross section =  4.108680e+05
        0.000089  0.000000  0.999910  0.000000
        0.000079  0.000000  0.999921  0.000000
              79         0    999921         0
energy = 0.000738413 cross section =  2.620967e+05
        0.000162  0.000000  0.999837  0.000000
        0.000172  0.000001  0.999827  0.000000
             172         1    999827         0
energy = 0.000886096 cross section =  1.663446e+05
        0.000268  0.000001  0.999731  0.000000
        0.000260  0.000000  0.999740  0.000000
             260         0    999740         0
energy = 0.00106332 cross section =  1.038552e+05
        0.000431  0.000002  0.999567  0.000000
        0.000442  0.000003  0.999555  0.000000
             442         3    999555         0
energy = 0.00127598 cross section =  6.385770e+04
        0.000679  0.000006  0.999316  0.000000
        0.000717  0.000007  0.999276  0.000000
             717         7    999276         0
energy = 0.00153117 cross section =  3.887554e+04
        0.001058  0.000013  0.998930  0.000000
        0.001084  0.000012  0.998904  0.000000
            1084        12    998904         0
energy = 0.00183741 cross section =  2.343903e+04
        0.001637  0.000028  0.998335  0.000000
        0.001650  0.000029  0.998321  0.000000
            1650        29    998321         0
energy = 0.00220489 cross section =  1.400625e+04
        0.002500  0.000063  0.997438  0.000000
        0.002495  0.000067  0.997438  0.000000
            2495        67    997438         0
energy = 0.00264587 cross section =  8.301681e+03
        0.003758  0.000138  0.996104  0.000000
        0.003782  0.000150  0.996068  0.000000
            3782       150    996068         0
energy = 0.00317504 cross section =  4.888170e+03
        0.005550  0.000298  0.994152  0.000000
        0.005479  0.000302  0.994219  0.000000
            5479       302    994219         0
energy = 0.00381005 cross section =  2.859718e+03
        0.008022  0.000627  0.991351  0.000000
        0.008012  0.000627  0.991361  0.000000
            8012       627    991361         0
energy = 0.00457206 cross section =  1.662716e+03
        0.011368  0.001290  0.987343  0.000000
        0.011254  0.001303  0.987443  0.000000
           11254      1303    987443         0
energy = 0.00548647 cross section =  9.628555e+02
        0.015841  0.002592  0.981568  0.000000
        0.015753  0.002561  0.981686  0.000000
           15753      2561    981686         0
energy = 0.00658377 cross section =  5.559196e+02
        0.021764  0.005088  0.973148  0.000000
        0.021558  0.005201  0.973241  0.000000
           21558      5201    973241         0
energy = 0.00790052 cross section =  3.207026e+02
        0.029654  0.009747  0.960599  0.000000
        0.030190  0.009848  0.959962  0.000000
           30190      9848    959962         0
energy = 0.00948063 cross section =  1.853584e+02
        0.040165  0.018195  0.941640  0.000000
        0.040291  0.018245  0.941464  0.000000
           40291     18245    941464         0
energy = 0.0113768 cross section =  1.078370e+02
        0.053907  0.033294  0.912799  0.000000
        0.053641  0.033166  0.913193  0.000000
           53641     33166    913193         0
energy = 0.0136521 cross section =  6.358409e+01
        0.071388  0.059474  0.869139  0.000000
        0.071395  0.059427  0.869178  0.000000
           71395     59427    869178         0
energy = 0.0163825 cross section =  3.836116e+01
        0.091895  0.102947  0.805158  0.000000
        0.091800  0.103178  0.805022  0.000000
           91800    103178    805022         0
energy = 0.019659 cross section =  2.398402e+01
        0.113096  0.170565  0.716338  0.000000
        0.113226  0.170534  0.716240  0.000000
          113226    170534    716240         0
energy = 0.0235908 cross section =  1.578864e+01
        0.130398  0.265932  0.603671  0.000000
        0.130183  0.265263  0.604554  0.000000
          130183    265263    604554         0
energy = 0.028309 cross section =  1.107763e+01
        0.138736  0.385778  0.475486  0.000000
        0.138827  0.385523  0.475650  0.000000
          138827    385523    475650         0
energy = 0.0339708 cross section =  8.345366e+00
        0.135547  0.516828  0.347625  0.000000
        0.135136  0.517204  0.347660  0.000000
          135136    517204    347660         0
energy = 0.040765 cross section =  6.739667e+00
        0.122577  0.640574  0.236849  0.000000
        0.122327  0.641235  0.236438  0.000000
          122327    641235    236438         0
energy = 0.0489179 cross section =  5.756313e+00
        0.103947  0.743951  0.152102  0.000000
        0.103721  0.744061  0.152218  0.000000
          103721    744061    152218         0
energy = 0.0587015 cross section =  5.122953e+00
        0.083985  0.822346  0.093668  0.000000
        0.084112  0.822614  0.093274  0.000000
           84112    822614     93274         0
energy = 0.0704418 cross section =  4.688196e+00
        0.065561  0.878375  0.056064  0.000000
        0.065581  0.878391  0.056028  0.000000
           65581    878391     56028         0
energy = 0.0845302 cross section =  4.363458e+00
        0.050044  0.916961  0.032994  0.000000
        0.049824  0.917245  0.032931  0.000000
           49824    917245     32931         0
energy = 0.101436 cross section =  4.098716e+00
        0.037662  0.943100  0.019238  0.000000
        0.037830  0.943029  0.019141  0.000000
           37830    943029     19141         0
energy = 0.121724 cross section =  3.862251e+00
        0.028132  0.960671  0.011197  0.000000
        0.028059  0.960772  0.011169  0.000000
           28059    960772     11169         0
energy = 0.146068 cross section =  3.641501e+00
        0.020947  0.972517  0.006536  0.000000
        0.021263  0.972139  0.006598  0.000000
           21263    972139      6598         0
energy = 0.175282 cross section =  3.430832e+00
        0.015547  0.980610  0.003843  0.000000
        0.015502  0.980721  0.003777  0.000000
           15502    980721      3777         0
energy = 0.210338 cross section =  3.226560e+00
        0.011544  0.986175  0.002281  0.000000
        0.011477  0.986185  0.002338  0.000000
           11477    986185      2338         0
energy = 0.252406 cross section =  3.027158e+00
        0.008573  0.990056  0.001371  0.000000
        0.008622  0.990016  0.001362  0.000000
            8622    990016      1362         0
energy = 0.302887 cross section =  2.829510e+00
        0.006391  0.992770  0.000839  0.000000
        0.006292  0.992850  0.000858  0.000000
            6292    992850       858         0
energy = 0.363464 cross section =  2.637090e+00
        0.004769  0.994708  0.000523  0.000000
        0.004880  0.994655  0.000465  0.000000
            4880    994655       465         0
energy = 0.436157 cross section =  2.451313e+00
        0.003567  0.996099  0.000334  0.000000
        0.003540  0.996105  0.000355  0.000000
            3540    996105       355         0
energy = 0.523389 cross section =  2.272476e+00
        0.002674  0.997106  0.000220  0.000000
        0.002643  0.997134  0.000223  0.000000
            2643    997134       223         0
energy = 0.628067 cross section =  2.100384e+00
        0.002011  0.997840  0.000149  0.000000
        0.001988  0.997848  0.000164  0.000000
            1988    997848       164         0
energy = 0.75368 cross section =  1.933460e+00
        0.001519  0.998376  0.000105  0.000000
        0.001558  0.998352  0.000090  0.000000
            1558    998352        90         0
energy = 0.904416 cross section =  1.774151e+00
        0.001150  0.998774  0.000077  0.000000
        0.001255  0.998665  0.000080  0.000000
            1255    998665        80         0
energy = 1.0853 cross section =  1.622613e+00
        0.000873  0.999059  0.000058  0.000010
        0.000888  0.999032  0.000067  0.000013
             888    999032        67        13
energy = 1.30236 cross section =  1.479856e+00
        0.000665  0.998717  0.000044  0.000574
        0.000636  0.998760  0.000041  0.000563
             636    998760        41       563
energy = 1.56283 cross section =  1.346635e+00
        0.000507  0.996714  0.000035  0.002744
        0.000530  0.996651  0.000039  0.002780
             530    996651        39      2780
energy = 1.8754 cross section =  1.222869e+00
        0.000388  0.992295  0.000029  0.007288
        0.000405  0.992272  0.000030  0.007293
             405    992272        30      7293
energy = 2.25048 cross section =  1.109837e+00
        0.000297  0.984891  0.000024  0.014788
        0.000326  0.984694  0.000036  0.014944
             326    984694        36     14944
energy = 2.70057 cross section =  1.007488e+00
        0.000227  0.973813  0.000020  0.025939
        0.000201  0.973954  0.000023  0.025822
             201    973954        23     25822
energy = 3.24069 cross section =  9.155226e-01
        0.000174  0.958528  0.000018  0.041280
        0.000163  0.958346  0.000019  0.041472
             163    958346        19     41472
energy = 3.88882 cross section =  8.333497e-01
        0.000132  0.938067  0.000015  0.061785
        0.000125  0.937774  0.000012  0.062089
             125    937774        12     62089
energy = 4.66659 cross section =  7.607172e-01
        0.000101  0.912026  0.000013  0.087860
        0.000088  0.911943  0.000021  0.087948
              88    911943        21     87948
energy = 5.5999 cross section =  6.974742e-01
        0.000076  0.880025  0.000012  0.119887
        0.000076  0.880306  0.000019  0.119599
              76    880306        19    119599
energy = 6.71989 cross section =  6.435611e-01
        0.000057  0.841405  0.000010  0.158527
        0.000042  0.841127  0.000011  0.158820
              42    841127        11    158820
energy = 8.06386 cross section =  5.979326e-01
        0.000043  0.796681  0.000009  0.203267
        0.000048  0.796924  0.000011  0.203017
              48    796924        11    203017
energy = 9.67663 cross section =  5.596219e-01
        0.000032  0.746528  0.000008  0.253433
        0.000041  0.746144  0.000011  0.253804
              41    746144        11    253804
energy = 11.612 cross section =  5.280693e-01
        0.000023  0.691920  0.000007  0.308050
        0.000031  0.692372  0.000006  0.307591
              31    692372         6    307591
energy = 13.9344 cross section =  5.029317e-01
        0.000017  0.634007  0.000006  0.365971
        0.000021  0.633948  0.000004  0.366027
              21    633948         4    366027
energy = 16.7212 cross section =  4.833851e-01
        0.000012  0.574568  0.000005  0.425414
        0.000013  0.574585  0.000003  0.425399
              13    574585         3    425399
energy = 20.0655 cross section =  4.690481e-01
        0.000009  0.514690  0.000004  0.485297
        0.000016  0.515213  0.000003  0.484768
              16    515213         3    484768
energy = 24.0786 cross section =  4.590585e-01
        0.000006  0.456076  0.000004  0.543914
        0.000004  0.456108  0.000001  0.543887
               4    456108         1    543887
