label = heated_000  temperature = 0
temperature = 2.58522e-08
numberOfSamples = 1000000
energy = 1e-12 cross section =  0.000000e+00
energy = 1.2e-12 cross section =  0.000000e+00
energy = 1.44e-12 cross section =  0.000000e+00
energy = 1.728e-12 cross section =  0.000000e+00
energy = 2.0736e-12 cross section =  0.000000e+00
energy = 2.48832e-12 cross section =  0.000000e+00
energy = 2.98598e-12 cross section =  0.000000e+00
energy = 3.58318e-12 cross section =  0.000000e+00
energy = 4.29982e-12 cross section =  0.000000e+00
energy = 5.15978e-12 cross section =  0.000000e+00
energy = 6.19174e-12 cross section =  0.000000e+00
energy = 7.43008e-12 cross section =  0.000000e+00
energy = 8.9161e-12 cross section =  0.000000e+00
energy = 1.06993e-11 cross section =  0.000000e+00
energy = 1.28392e-11 cross section =  0.000000e+00
energy = 1.5407e-11 cross section =  0.000000e+00
energy = 1.84884e-11 cross section =  0.000000e+00
energy = 2.21861e-11 cross section =  0.000000e+00
energy = 2.66233e-11 cross section =  0.000000e+00
energy = 3.1948e-11 cross section =  0.000000e+00
energy = 3.83376e-11 cross section =  0.000000e+00
energy = 4.60051e-11 cross section =  0.000000e+00
energy = 5.52061e-11 cross section =  0.000000e+00
energy = 6.62474e-11 cross section =  0.000000e+00
energy = 7.94968e-11 cross section =  0.000000e+00
energy = 9.53962e-11 cross section =  0.000000e+00
energy = 1.14475e-10 cross section =  0.000000e+00
energy = 1.37371e-10 cross section =  0.000000e+00
energy = 1.64845e-10 cross section =  0.000000e+00
energy = 1.97814e-10 cross section =  0.000000e+00
energy = 2.37376e-10 cross section =  0.000000e+00
energy = 2.84852e-10 cross section =  0.000000e+00
energy = 3.41822e-10 cross section =  0.000000e+00
energy = 4.10186e-10 cross section =  0.000000e+00
energy = 4.92224e-10 cross section =  0.000000e+00
energy = 5.90668e-10 cross section =  0.000000e+00
energy = 7.08802e-10 cross section =  0.000000e+00
energy = 8.50562e-10 cross section =  0.000000e+00
energy = 1.02067e-09 cross section =  0.000000e+00
energy = 1.22481e-09 cross section =  0.000000e+00
energy = 1.46977e-09 cross section =  0.000000e+00
energy = 1.76373e-09 cross section =  0.000000e+00
energy = 2.11647e-09 cross section =  0.000000e+00
energy = 2.53977e-09 cross section =  0.000000e+00
energy = 3.04772e-09 cross section =  0.000000e+00
energy = 3.65726e-09 cross section =  0.000000e+00
energy = 4.38871e-09 cross section =  0.000000e+00
energy = 5.26646e-09 cross section =  0.000000e+00
energy = 6.31975e-09 cross section =  0.000000e+00
energy = 7.5837e-09 cross section =  0.000000e+00
energy = 9.10044e-09 cross section =  0.000000e+00
energy = 1.09205e-08 cross section =  0.000000e+00
energy = 1.31046e-08 cross section =  0.000000e+00
energy = 1.57256e-08 cross section =  0.000000e+00
energy = 1.88707e-08 cross section =  0.000000e+00
energy = 2.26448e-08 cross section =  0.000000e+00
energy = 2.71738e-08 cross section =  0.000000e+00
energy = 3.26085e-08 cross section =  0.000000e+00
energy = 3.91302e-08 cross section =  0.000000e+00
energy = 4.69563e-08 cross section =  0.000000e+00
energy = 5.63475e-08 cross section =  0.000000e+00
energy = 6.7617e-08 cross section =  0.000000e+00
energy = 8.11404e-08 cross section =  0.000000e+00
energy = 9.73685e-08 cross section =  0.000000e+00
energy = 1.16842e-07 cross section =  0.000000e+00
energy = 1.40211e-07 cross section =  0.000000e+00
energy = 1.68253e-07 cross section =  0.000000e+00
energy = 2.01903e-07 cross section =  0.000000e+00
energy = 2.42284e-07 cross section =  0.000000e+00
energy = 2.90741e-07 cross section =  0.000000e+00
energy = 3.48889e-07 cross section =  0.000000e+00
energy = 4.18667e-07 cross section =  0.000000e+00
energy = 5.024e-07 cross section =  0.000000e+00
energy = 6.0288e-07 cross section =  0.000000e+00
energy = 7.23456e-07 cross section =  0.000000e+00
energy = 8.68147e-07 cross section =  0.000000e+00
energy = 1.04178e-06 cross section =  0.000000e+00
energy = 1.25013e-06 cross section =  0.000000e+00
energy = 1.50016e-06 cross section =  0.000000e+00
energy = 1.80019e-06 cross section =  0.000000e+00
energy = 2.16023e-06 cross section =  0.000000e+00
energy = 2.59227e-06 cross section =  0.000000e+00
energy = 3.11073e-06 cross section =  0.000000e+00
energy = 3.73287e-06 cross section =  0.000000e+00
energy = 4.47945e-06 cross section =  0.000000e+00
energy = 5.37534e-06 cross section =  0.000000e+00
energy = 6.45041e-06 cross section =  0.000000e+00
energy = 7.74049e-06 cross section =  0.000000e+00
energy = 9.28859e-06 cross section =  0.000000e+00
energy = 1.11463e-05 cross section =  0.000000e+00
energy = 1.33756e-05 cross section =  0.000000e+00
energy = 1.60507e-05 cross section =  0.000000e+00
energy = 1.92608e-05 cross section =  0.000000e+00
energy = 2.3113e-05 cross section =  0.000000e+00
energy = 2.77356e-05 cross section =  0.000000e+00
energy = 3.32827e-05 cross section =  0.000000e+00
energy = 3.99392e-05 cross section =  0.000000e+00
energy = 4.79271e-05 cross section =  0.000000e+00
energy = 5.75125e-05 cross section =  0.000000e+00
energy = 6.9015e-05 cross section =  0.000000e+00
energy = 8.2818e-05 cross section =  0.000000e+00
energy = 9.93816e-05 cross section =  0.000000e+00
energy = 0.000119258 cross section =  0.000000e+00
energy = 0.000143109 cross section =  0.000000e+00
energy = 0.000171731 cross section =  0.000000e+00
energy = 0.000206078 cross section =  0.000000e+00
energy = 0.000247293 cross section =  0.000000e+00
energy = 0.000296752 cross section =  0.000000e+00
energy = 0.000356102 cross section =  0.000000e+00
energy = 0.000427323 cross section =  0.000000e+00
energy = 0.000512787 cross section =  0.000000e+00
energy = 0.000615344 cross section =  0.000000e+00
energy = 0.000738413 cross section =  0.000000e+00
energy = 0.000886096 cross section =  0.000000e+00
energy = 0.00106332 cross section =  0.000000e+00
energy = 0.00127598 cross section =  0.000000e+00
energy = 0.00153117 cross section =  0.000000e+00
energy = 0.00183741 cross section =  0.000000e+00
energy = 0.00220489 cross section =  0.000000e+00
energy = 0.00264587 cross section =  0.000000e+00
energy = 0.00317504 cross section =  0.000000e+00
energy = 0.00381005 cross section =  0.000000e+00
energy = 0.00457206 cross section =  0.000000e+00
energy = 0.00548647 cross section =  0.000000e+00
energy = 0.00658377 cross section =  0.000000e+00
energy = 0.00790052 cross section =  0.000000e+00
energy = 0.00948063 cross section =  0.000000e+00
energy = 0.0113768 cross section =  0.000000e+00
energy = 0.0136521 cross section =  0.000000e+00
energy = 0.0163825 cross section =  0.000000e+00
energy = 0.019659 cross section =  0.000000e+00
energy = 0.0235908 cross section =  0.000000e+00
energy = 0.028309 cross section =  0.000000e+00
energy = 0.0339708 cross section =  0.000000e+00
energy = 0.040765 cross section =  0.000000e+00
energy = 0.0489179 cross section =  0.000000e+00
energy = 0.0587015 cross section =  0.000000e+00
energy = 0.0704418 cross section =  0.000000e+00
energy = 0.0845302 cross section =  0.000000e+00
energy = 0.101436 cross section =  0.000000e+00
energy = 0.121724 cross section =  0.000000e+00
energy = 0.146068 cross section =  0.000000e+00
energy = 0.175282 cross section =  0.000000e+00
energy = 0.210338 cross section =  0.000000e+00
energy = 0.252406 cross section =  0.000000e+00
energy = 0.302887 cross section =  0.000000e+00
energy = 0.363464 cross section =  0.000000e+00
energy = 0.436157 cross section =  0.000000e+00
energy = 0.523389 cross section =  0.000000e+00
energy = 0.628067 cross section =  0.000000e+00
energy = 0.75368 cross section =  0.000000e+00
energy = 0.904416 cross section =  0.000000e+00
energy = 1.0853 cross section =  0.000000e+00
energy = 1.30236 cross section =  0.000000e+00
energy = 1.56283 cross section =  0.000000e+00
energy = 1.8754 cross section =  0.000000e+00
energy = 2.25048 cross section =  0.000000e+00
energy = 2.70057 cross section =  0.000000e+00
energy = 3.24069 cross section =  0.000000e+00
energy = 3.88882 cross section =  0.000000e+00
energy = 4.66659 cross section =  0.000000e+00
energy = 5.5999 cross section =  0.000000e+00
energy = 6.71989 cross section =  0.000000e+00
energy = 8.06386 cross section =  0.000000e+00
energy = 9.67663 cross section =  0.000000e+00
energy = 11.612 cross section =  0.000000e+00
energy = 13.9344 cross section =  6.969376e-04
        0.000000  1.000000
        0.000000  1.000000
               0   1000000
energy = 16.7212 cross section =  4.205069e-03
        0.105218  0.894782
        0.105318  0.894682
          105318    894682
energy = 20.0655 cross section =  2.316051e-03
        0.304290  0.695710
        0.304016  0.695984
          304016    695984
energy = 24.0786 cross section =  1.206275e-02
        0.461634  0.538366
        0.461896  0.538104
          461896    538104
