label = heated_000  temperature = 2.586e-08
temperature = 2.58522e-08
numberOfSamples = 1000000
energy = 1e-12 cross section =  1.391050e+03
        0.117563  0.870411  0.000000  0.012026
        0.117591  0.870324  0.000000  0.012085
          117591    870324         0     12085
energy = 1.2e-12 cross section =  1.391050e+03
        0.117563  0.870411  0.000000  0.012026
        0.117701  0.870419  0.000000  0.011880
          117701    870419         0     11880
energy = 1.44e-12 cross section =  1.391050e+03
        0.117563  0.870411  0.000000  0.012026
        0.117462  0.870437  0.000000  0.012101
          117462    870437         0     12101
energy = 1.728e-12 cross section =  1.391050e+03
        0.117563  0.870411  0.000000  0.012026
        0.117796  0.870194  0.000000  0.012010
          117796    870194         0     12010
energy = 2.0736e-12 cross section =  1.391050e+03
        0.117563  0.870411  0.000000  0.012026
        0.117992  0.869948  0.000000  0.012060
          117992    869948         0     12060
energy = 2.48832e-12 cross section =  1.391050e+03
        0.117563  0.870411  0.000000  0.012026
        0.117542  0.870453  0.000000  0.012005
          117542    870453         0     12005
energy = 2.98598e-12 cross section =  1.391050e+03
        0.117563  0.870411  0.000000  0.012026
        0.117728  0.870307  0.000000  0.011965
          117728    870307         0     11965
energy = 3.58318e-12 cross section =  1.391050e+03
        0.117563  0.870411  0.000000  0.012026
        0.117359  0.870581  0.000000  0.012060
          117359    870581         0     12060
energy = 4.29982e-12 cross section =  1.391050e+03
        0.117563  0.870411  0.000000  0.012026
        0.117460  0.870555  0.000000  0.011985
          117460    870555         0     11985
energy = 5.15978e-12 cross section =  1.391050e+03
        0.117563  0.870411  0.000000  0.012026
        0.117737  0.870192  0.000000  0.012071
          117737    870192         0     12071
energy = 6.19174e-12 cross section =  1.391050e+03
        0.117563  0.870411  0.000000  0.012026
        0.117771  0.870075  0.000000  0.012154
          117771    870075         0     12154
energy = 7.43008e-12 cross section =  1.391050e+03
        0.117563  0.870411  0.000000  0.012026
        0.117302  0.870716  0.000000  0.011982
          117302    870716         0     11982
energy = 8.9161e-12 cross section =  1.391050e+03
        0.117563  0.870411  0.000000  0.012026
        0.117738  0.870334  0.000000  0.011928
          117738    870334         0     11928
energy = 1.06993e-11 cross section =  1.355097e+03
        0.120678  0.867387  0.000000  0.011936
        0.120664  0.867346  0.000000  0.011990
          120664    867346         0     11990
energy = 1.28392e-11 cross section =  1.250311e+03
        0.130777  0.857414  0.000000  0.011809
        0.131757  0.856342  0.000000  0.011901
          131757    856342         0     11901
energy = 1.5407e-11 cross section =  1.155448e+03
        0.141494  0.846841  0.000000  0.011665
        0.142198  0.846328  0.000000  0.011474
          142198    846328         0     11474
energy = 1.84884e-11 cross section =  1.070982e+03
        0.152628  0.835883  0.000000  0.011489
        0.152509  0.835988  0.000000  0.011503
          152509    835988         0     11503
energy = 2.21861e-11 cross section =  9.930791e+02
        0.164569  0.824120  0.000000  0.011311
        0.164791  0.823923  0.000000  0.011286
          164791    823923         0     11286
energy = 2.66233e-11 cross section =  9.210943e+02
        0.177388  0.811479  0.000000  0.011132
        0.177539  0.811297  0.000000  0.011164
          177539    811297         0     11164
energy = 3.1948e-11 cross section =  8.545027e+02
        0.191158  0.797888  0.000000  0.010954
        0.191120  0.797940  0.000000  0.010940
          191120    797940         0     10940
energy = 3.83376e-11 cross section =  7.933273e+02
        0.205829  0.783401  0.000000  0.010771
        0.205785  0.783310  0.000000  0.010905
          205785    783310         0     10905
energy = 4.60051e-11 cross section =  7.397842e+02
        0.220636  0.768821  0.000000  0.010543
        0.219946  0.769330  0.000000  0.010724
          219946    769330         0     10724
energy = 5.52061e-11 cross section =  6.910249e+02
        0.236088  0.753608  0.000000  0.010304
        0.235465  0.754162  0.000000  0.010373
          235465    754162         0     10373
energy = 6.62474e-11 cross section =  6.459125e+02
        0.252428  0.737509  0.000000  0.010063
        0.253777  0.736229  0.000000  0.009994
          253777    736229         0      9994
energy = 7.94968e-11 cross section =  6.041975e+02
        0.269666  0.720514  0.000000  0.009820
        0.269776  0.720306  0.000000  0.009918
          269776    720306         0      9918
energy = 9.53962e-11 cross section =  5.656848e+02
        0.287781  0.702644  0.000000  0.009575
        0.287954  0.702471  0.000000  0.009575
          287954    702471         0      9575
energy = 1.14475e-10 cross section =  5.310690e+02
        0.306226  0.684463  0.000000  0.009311
        0.305420  0.685197  0.000000  0.009383
          305420    685197         0      9383
energy = 1.37371e-10 cross section =  5.003730e+02
        0.324614  0.666365  0.000000  0.009021
        0.325152  0.665866  0.000000  0.008982
          325152    665866         0      8982
energy = 1.64845e-10 cross section =  4.721876e+02
        0.343484  0.647789  0.000000  0.008727
        0.343622  0.647725  0.000000  0.008653
          343622    647725         0      8653
energy = 1.97814e-10 cross section =  4.461209e+02
        0.362911  0.628657  0.000000  0.008432
        0.362395  0.629234  0.000000  0.008371
          362395    629234         0      8371
energy = 2.37376e-10 cross section =  4.219349e+02
        0.382898  0.608964  0.000000  0.008139
        0.382652  0.609242  0.000000  0.008106
          382652    609242         0      8106
energy = 2.84852e-10 cross section =  3.996969e+02
        0.403168  0.588989  0.000000  0.007843
        0.403181  0.589102  0.000000  0.007717
          403181    589102         0      7717
energy = 3.41822e-10 cross section =  3.800634e+02
        0.422691  0.569780  0.000000  0.007529
        0.422217  0.570290  0.000000  0.007493
          422217    570290         0      7493
energy = 4.10186e-10 cross section =  3.624406e+02
        0.441602  0.551191  0.000000  0.007207
        0.442763  0.550140  0.000000  0.007097
          442763    550140         0      7097
energy = 4.92224e-10 cross section =  3.460214e+02
        0.460494  0.532615  0.000000  0.006891
        0.460704  0.532339  0.000000  0.006957
          460704    532339         0      6957
energy = 5.90668e-10 cross section =  3.308040e+02
        0.479089  0.514331  0.000000  0.006580
        0.479658  0.513798  0.000000  0.006544
          479658    513798         0      6544
energy = 7.08802e-10 cross section =  3.168297e+02
        0.496976  0.496752  0.000000  0.006272
        0.496521  0.497153  0.000000  0.006326
          496521    497153         0      6326
energy = 8.50562e-10 cross section =  3.040258e+02
        0.513850  0.480184  0.000000  0.005967
        0.513893  0.480097  0.000000  0.006010
          513893    480097         0      6010
energy = 1.02067e-09 cross section =  2.926684e+02
        0.528734  0.465608  0.000000  0.005658
        0.528823  0.465461  0.000000  0.005716
          528823    465461         0      5716
energy = 1.22481e-09 cross section =  2.827103e+02
        0.541076  0.453577  0.000000  0.005347
        0.541043  0.453504  0.000000  0.005453
          541043    453504         0      5453
energy = 1.46977e-09 cross section =  2.728882e+02
        0.553394  0.441548  0.000000  0.005057
        0.553654  0.441313  0.000000  0.005033
          553654    441313         0      5033
energy = 1.76373e-09 cross section =  2.630507e+02
        0.565201  0.430010  0.000000  0.004789
        0.565121  0.430244  0.000000  0.004635
          565121    430244         0      4635
energy = 2.11647e-09 cross section =  2.545494e+02
        0.573054  0.422428  0.000000  0.004518
        0.574022  0.421406  0.000000  0.004572
          574022    421406         0      4572
energy = 2.53977e-09 cross section =  2.464193e+02
        0.578539  0.417201  0.000000  0.004260
        0.578851  0.416948  0.000000  0.004201
          578851    416948         0      4201
energy = 3.04772e-09 cross section =  2.391519e+02
        0.580655  0.415338  0.000000  0.004007
        0.579949  0.416032  0.000000  0.004019
          579949    416032         0      4019
energy = 3.65726e-09 cross section =  2.320381e+02
        0.579330  0.416900  0.000000  0.003770
        0.579177  0.416946  0.000000  0.003877
          579177    416946         0      3877
energy = 4.38871e-09 cross section =  2.254942e+02
        0.574461  0.421998  0.000000  0.003541
        0.574787  0.421652  0.000000  0.003561
          574787    421652         0      3561
energy = 5.26646e-09 cross section =  2.193067e+02
        0.564907  0.431769  0.000000  0.003324
        0.564502  0.432149  0.000000  0.003349
          564502    432149         0      3349
energy = 6.31975e-09 cross section =  2.133812e+02
        0.550868  0.446013  0.000000  0.003119
        0.550985  0.445916  0.000000  0.003099
          550985    445916         0      3099
energy = 7.5837e-09 cross section =  2.078679e+02
        0.531851  0.465226  0.000000  0.002923
        0.532018  0.465045  0.000000  0.002937
          532018    465045         0      2937
energy = 9.10044e-09 cross section =  2.029445e+02
        0.507246  0.490022  0.000000  0.002733
        0.506964  0.490204  0.000000  0.002832
          506964    490204         0      2832
energy = 1.09205e-08 cross section =  1.991383e+02
        0.475627  0.521831  0.000000  0.002542
        0.475361  0.521995  0.000000  0.002644
          475361    521995         0      2644
energy = 1.31046e-08 cross section =  1.959705e+02
        0.439535  0.558106  0.000000  0.002358
        0.438817  0.558746  0.000000  0.002437
          438817    558746         0      2437
energy = 1.57256e-08 cross section =  1.921634e+02
        0.402101  0.595703  0.000000  0.002196
        0.402940  0.594889  0.000000  0.002171
          402940    594889         0      2171
energy = 1.88707e-08 cross section =  1.899849e+02
        0.360051  0.637922  0.000000  0.002027
        0.360335  0.637571  0.000000  0.002094
          360335    637571         0      2094
energy = 2.26448e-08 cross section =  1.873128e+02
        0.318871  0.679252  0.000000  0.001877
        0.319255  0.678935  0.000000  0.001810
          319255    678935         0      1810
energy = 2.71738e-08 cross section =  1.838494e+02
        0.280072  0.718182  0.000000  0.001746
        0.280795  0.717542  0.000000  0.001663
          280795    717542         0      1663
energy = 3.26085e-08 cross section =  1.798828e+02
        0.244236  0.754135  0.000000  0.001629
        0.244399  0.754043  0.000000  0.001558
          244399    754043         0      1558
energy = 3.91302e-08 cross section =  1.753416e+02
        0.211563  0.786912  0.000000  0.001525
        0.211554  0.786912  0.000000  0.001534
          211554    786912         0      1534
energy = 4.69563e-08 cross section =  1.695893e+02
        0.183726  0.814834  0.000000  0.001440
        0.184184  0.814402  0.000000  0.001414
          184184    814402         0      1414
energy = 5.63475e-08 cross section =  1.618699e+02
        0.160920  0.837702  0.000000  0.001377
        0.161474  0.837211  0.000000  0.001315
          161474    837211         0      1315
energy = 6.7617e-08 cross section =  1.529475e+02
        0.142138  0.856532  0.000000  0.001330
        0.142230  0.856415  0.000000  0.001355
          142230    856415         0      1355
energy = 8.11404e-08 cross section =  1.429888e+02
        0.126825  0.871876  0.000000  0.001299
        0.127137  0.871606  0.000000  0.001257
          127137    871606         0      1257
energy = 9.73685e-08 cross section =  1.327195e+02
        0.113796  0.884927  0.000000  0.001278
        0.113661  0.885030  0.000000  0.001309
          113661    885030         0      1309
energy = 1.16842e-07 cross section =  1.233426e+02
        0.102038  0.896707  0.000000  0.001255
        0.102539  0.896158  0.000000  0.001303
          102539    896158         0      1303
energy = 1.40211e-07 cross section =  1.159141e+02
        0.090493  0.908288  0.000000  0.001219
        0.090401  0.908397  0.000000  0.001202
           90401    908397         0      1202
energy = 1.68253e-07 cross section =  1.104532e+02
        0.079165  0.919668  0.000000  0.001168
        0.079247  0.919604  0.000000  0.001149
           79247    919604         0      1149
energy = 2.01903e-07 cross section =  1.068735e+02
        0.068177  0.930721  0.000000  0.001102
        0.068326  0.930534  0.000000  0.001140
           68326    930534         0      1140
energy = 2.42284e-07 cross section =  1.031373e+02
        0.058856  0.940101  0.000000  0.001042
        0.059134  0.939825  0.000000  0.001041
           59134    939825         0      1041
energy = 2.90741e-07 cross section =  9.815606e+01
        0.051533  0.947467  0.000000  0.001000
        0.051287  0.947735  0.000000  0.000978
           51287    947735         0       978
energy = 3.48889e-07 cross section =  9.336204e+01
        0.045158  0.953883  0.000000  0.000959
        0.045239  0.953793  0.000000  0.000968
           45239    953793         0       968
energy = 4.18667e-07 cross section =  9.119734e+01
        0.038530  0.960573  0.000000  0.000897
        0.038673  0.960447  0.000000  0.000880
           38673    960447         0       880
energy = 5.024e-07 cross section =  8.896570e+01
        0.032907  0.966254  0.000000  0.000839
        0.033135  0.965999  0.000000  0.000866
           33135    965999         0       866
energy = 6.0288e-07 cross section =  8.720575e+01
        0.027970  0.971248  0.000000  0.000781
        0.027961  0.971305  0.000000  0.000734
           27961    971305         0       734
energy = 7.23456e-07 cross section =  8.590875e+01
        0.023675  0.975601  0.000000  0.000724
        0.023824  0.975387  0.000000  0.000789
           23824    975387         0       789
energy = 8.68147e-07 cross section =  8.478736e+01
        0.019982  0.979348  0.000000  0.000670
        0.019766  0.979581  0.000000  0.000653
           19766    979581         0       653
energy = 1.04178e-06 cross section =  8.384780e+01
        0.016838  0.982544  0.000000  0.000618
        0.016825  0.982578  0.000000  0.000597
           16825    982578         0       597
energy = 1.25013e-06 cross section =  8.305145e+01
        0.014162  0.985268  0.000000  0.000570
        0.014023  0.985406  0.000000  0.000571
           14023    985406         0       571
energy = 1.50016e-06 cross section =  8.233068e+01
        0.011910  0.987565  0.000000  0.000525
        0.011865  0.987602  0.000000  0.000533
           11865    987602         0       533
energy = 1.80019e-06 cross section =  8.167371e+01
        0.010001  0.989516  0.000000  0.000483
        0.009963  0.989575  0.000000  0.000462
            9963    989575         0       462
energy = 2.16023e-06 cross section =  8.107246e+01
        0.008398  0.991158  0.000000  0.000444
        0.008262  0.991280  0.000000  0.000458
            8262    991280         0       458
energy = 2.59227e-06 cross section =  8.051514e+01
        0.007051  0.992541  0.000000  0.000408
        0.006951  0.992659  0.000000  0.000390
            6951    992659         0       390
energy = 3.11073e-06 cross section =  8.000992e+01
        0.005909  0.993716  0.000000  0.000375
        0.005859  0.993752  0.000000  0.000389
            5859    993752         0       389
energy = 3.73287e-06 cross section =  7.953944e+01
        0.004953  0.994703  0.000000  0.000344
        0.004840  0.994823  0.000000  0.000337
            4840    994823         0       337
energy = 4.47945e-06 cross section =  7.908292e+01
        0.004152  0.995532  0.000000  0.000316
        0.004127  0.995583  0.000000  0.000290
            4127    995583         0       290
energy = 5.37534e-06 cross section =  2.050907e+01
        0.000000  0.000000  0.998887  0.001113
        0.000000  0.000000  0.998855  0.001145
               0         0    998855      1145
energy = 6.45041e-06 cross section =  2.050126e+01
        0.000000  0.000000  0.998984  0.001016
        0.000000  0.000000  0.998971  0.001029
               0         0    998971      1029
energy = 7.74049e-06 cross section =  2.049244e+01
        0.000000  0.000000  0.999072  0.000928
        0.000000  0.000000  0.999121  0.000879
               0         0    999121       879
energy = 9.28859e-06 cross section =  2.048239e+01
        0.000000  0.000000  0.999152  0.000848
        0.000000  0.000000  0.999169  0.000831
               0         0    999169       831
energy = 1.11463e-05 cross section =  2.047602e+01
        0.000000  0.000000  0.999226  0.000774
        0.000000  0.000000  0.999197  0.000803
               0         0    999197       803
energy = 1.33756e-05 cross section =  2.047271e+01
        0.000000  0.000000  0.999294  0.000706
        0.000000  0.000000  0.999325  0.000675
               0         0    999325       675
energy = 1.60507e-05 cross section =  2.046913e+01
        0.000000  0.000000  0.999355  0.000645
        0.000000  0.000000  0.999358  0.000642
               0         0    999358       642
energy = 1.92608e-05 cross section =  2.046520e+01
        0.000000  0.000000  0.999411  0.000589
        0.000000  0.000000  0.999432  0.000568
               0         0    999432       568
energy = 2.3113e-05 cross section =  2.046082e+01
        0.000000  0.000000  0.999462  0.000538
        0.000000  0.000000  0.999444  0.000556
               0         0    999444       556
energy = 2.77356e-05 cross section =  2.045585e+01
        0.000000  0.000000  0.999509  0.000491
        0.000000  0.000000  0.999494  0.000506
               0         0    999494       506
energy = 3.32827e-05 cross section =  2.045017e+01
        0.000000  0.000000  0.999552  0.000448
        0.000000  0.000000  0.999573  0.000427
               0         0    999573       427
energy = 3.99392e-05 cross section =  2.044608e+01
        0.000000  0.000000  0.999591  0.000409
        0.000000  0.000000  0.999568  0.000432
               0         0    999568       432
energy = 4.79271e-05 cross section =  2.044364e+01
        0.000000  0.000000  0.999626  0.000374
        0.000000  0.000000  0.999601  0.000399
               0         0    999601       399
energy = 5.75125e-05 cross section =  2.044093e+01
        0.000000  0.000000  0.999659  0.000341
        0.000000  0.000000  0.999644  0.000356
               0         0    999644       356
energy = 6.9015e-05 cross section =  2.043786e+01
        0.000000  0.000000  0.999688  0.000312
        0.000000  0.000000  0.999680  0.000320
               0         0    999680       320
energy = 8.2818e-05 cross section =  2.043435e+01
        0.000000  0.000000  0.999716  0.000284
        0.000000  0.000000  0.999713  0.000287
               0         0    999713       287
energy = 9.93816e-05 cross section =  2.043089e+01
        0.000000  0.000000  0.999740  0.000260
        0.000000  0.000000  0.999752  0.000248
               0         0    999752       248
energy = 0.000119258 cross section =  2.042779e+01
        0.000000  0.000000  0.999763  0.000237
        0.000000  0.000000  0.999754  0.000246
               0         0    999754       246
energy = 0.000143109 cross section =  2.042421e+01
        0.000000  0.000000  0.999784  0.000216
        0.000000  0.000000  0.999761  0.000239
               0         0    999761       239
energy = 0.000171731 cross section =  2.042003e+01
        0.000000  0.000000  0.999803  0.000197
        0.000000  0.000000  0.999810  0.000190
               0         0    999810       190
energy = 0.000206078 cross section =  2.041513e+01
        0.000000  0.000000  0.999820  0.000180
        0.000000  0.000000  0.999807  0.000193
               0         0    999807       193
energy = 0.000247293 cross section =  2.040935e+01
        0.000000  0.000000  0.999835  0.000165
        0.000000  0.000000  0.999821  0.000179
               0         0    999821       179
energy = 0.000296752 cross section =  2.040250e+01
        0.000000  0.000000  0.999850  0.000150
        0.000000  0.000000  0.999839  0.000161
               0         0    999839       161
energy = 0.000356102 cross section =  2.039437e+01
        0.000000  0.000000  0.999863  0.000137
        0.000000  0.000000  0.999878  0.000122
               0         0    999878       122
energy = 0.000427323 cross section =  2.038469e+01
        0.000000  0.000000  0.999875  0.000125
        0.000000  0.000000  0.999870  0.000130
               0         0    999870       130
energy = 0.000512787 cross section =  2.037314e+01
        0.000000  0.000000  0.999886  0.000114
        0.000000  0.000000  0.999871  0.000129
               0         0    999871       129
energy = 0.000615344 cross section =  2.035935e+01
        0.000000  0.000000  0.999896  0.000104
        0.000000  0.000000  0.999895  0.000105
               0         0    999895       105
energy = 0.000738413 cross section =  2.034286e+01
        0.000000  0.000000  0.999905  0.000095
        0.000000  0.000000  0.999907  0.000093
               0         0    999907        93
energy = 0.000886096 cross section =  2.032312e+01
        0.000000  0.000000  0.999913  0.000087
        0.000000  0.000000  0.999902  0.000098
               0         0    999902        98
energy = 0.00106332 cross section =  2.029949e+01
        0.000000  0.000000  0.999921  0.000079
        0.000000  0.000000  0.999917  0.000083
               0         0    999917        83
energy = 0.00127598 cross section =  2.027117e+01
        0.000000  0.000000  0.999928  0.000072
        0.000000  0.000000  0.999944  0.000056
               0         0    999944        56
energy = 0.00153117 cross section =  2.023723e+01
        0.000000  0.000000  0.999934  0.000066
        0.000000  0.000000  0.999933  0.000067
               0         0    999933        67
energy = 0.00183741 cross section =  2.019654e+01
        0.000000  0.000000  0.999940  0.000060
        0.000000  0.000000  0.999937  0.000063
               0         0    999937        63
energy = 0.00220489 cross section =  2.014774e+01
        0.000000  0.000000  0.999945  0.000055
        0.000000  0.000000  0.999944  0.000056
               0         0    999944        56
energy = 0.00264587 cross section =  2.008922e+01
        0.000000  0.000000  0.999950  0.000050
        0.000000  0.000000  0.999953  0.000047
               0         0    999953        47
energy = 0.00317504 cross section =  2.002032e+01
        0.000000  0.000000  0.999954  0.000046
        0.000000  0.000000  0.999947  0.000053
               0         0    999947        53
energy = 0.00381005 cross section =  1.994083e+01
        0.000000  0.000000  0.999958  0.000042
        0.000000  0.000000  0.999965  0.000035
               0         0    999965        35
energy = 0.00457206 cross section =  1.984546e+01
        0.000000  0.000000  0.999962  0.000038
        0.000000  0.000000  0.999954  0.000046
               0         0    999954        46
energy = 0.00548647 cross section =  1.973104e+01
        0.000000  0.000000  0.999965  0.000035
        0.000000  0.000000  0.999968  0.000032
               0         0    999968        32
energy = 0.00658377 cross section =  1.959376e+01
        0.000000  0.000000  0.999968  0.000032
        0.000000  0.000000  0.999972  0.000028
               0         0    999972        28
energy = 0.00790052 cross section =  1.943457e+01
        0.000000  0.000000  0.999971  0.000029
        0.000000  0.000000  0.999973  0.000027
               0         0    999973        27
energy = 0.00948063 cross section =  1.924661e+01
        0.000000  0.000000  0.999973  0.000027
        0.000000  0.000000  0.999972  0.000028
               0         0    999972        28
energy = 0.0113768 cross section =  1.902903e+01
        0.000000  0.000000  0.999976  0.000024
        0.000000  0.000000  0.999980  0.000020
               0         0    999980        20
energy = 0.0136521 cross section =  1.877154e+01
        0.000000  0.000000  0.999978  0.000022
        0.000000  0.000000  0.999975  0.000025
               0         0    999975        25
energy = 0.0163825 cross section =  1.847603e+01
        0.000000  0.000000  0.999980  0.000020
        0.000000  0.000000  0.999983  0.000017
               0         0    999983        17
energy = 0.019659 cross section =  1.813379e+01
        0.000000  0.000000  0.999982  0.000018
        0.000000  0.000000  0.999979  0.000021
               0         0    999979        21
energy = 0.0235908 cross section =  1.774187e+01
        0.000000  0.000000  0.999983  0.000017
        0.000000  0.000000  0.999977  0.000023
               0         0    999977        23
energy = 0.028309 cross section =  1.729687e+01
        0.000000  0.000000  0.999985  0.000015
        0.000000  0.000000  0.999982  0.000018
               0         0    999982        18
energy = 0.0339708 cross section =  1.679668e+01
        0.000000  0.000000  0.999986  0.000014
        0.000000  0.000000  0.999987  0.000013
               0         0    999987        13
energy = 0.040765 cross section =  1.623744e+01
        0.000000  0.000000  0.999987  0.000013
        0.000000  0.000000  0.999989  0.000011
               0         0    999989        11
energy = 0.0489179 cross section =  1.562352e+01
        0.000000  0.000000  0.999988  0.000012
        0.000000  0.000000  0.999984  0.000016
               0         0    999984        16
energy = 0.0587015 cross section =  1.495394e+01
        0.000000  0.000000  0.999989  0.000011
        0.000000  0.000000  0.999985  0.000015
               0         0    999985        15
energy = 0.0704418 cross section =  1.424082e+01
        0.000000  0.000000  0.999990  0.000010
        0.000000  0.000000  0.999990  0.000010
               0         0    999990        10
energy = 0.0845302 cross section =  1.347914e+01
        0.000000  0.000000  0.999991  0.000009
        0.000000  0.000000  0.999986  0.000014
               0         0    999986        14
energy = 0.101436 cross section =  1.268307e+01
        0.000000  0.000000  0.999992  0.000008
        0.000000  0.000000  0.999994  0.000006
               0         0    999994         6
energy = 0.121724 cross section =  1.186916e+01
        0.000000  0.000000  0.999992  0.000008
        0.000000  0.000000  0.999993  0.000007
               0         0    999993         7
energy = 0.146068 cross section =  1.104750e+01
        0.000000  0.000000  0.999993  0.000007
        0.000000  0.000000  0.999986  0.000014
               0         0    999986        14
energy = 0.175282 cross section =  1.022903e+01
        0.000000  0.000000  0.999993  0.000007
        0.000000  0.000000  0.999996  0.000004
               0         0    999996         4
energy = 0.210338 cross section =  9.431830e+00
        0.000000  0.000000  0.999994  0.000006
        0.000000  0.000000  0.999993  0.000007
               0         0    999993         7
energy = 0.252406 cross section =  8.656682e+00
        0.000000  0.000000  0.999994  0.000006
        0.000000  0.000000  0.999994  0.000006
               0         0    999994         6
energy = 0.302887 cross section =  7.917751e+00
        0.000000  0.000000  0.999994  0.000006
        0.000000  0.000000  0.999994  0.000006
               0         0    999994         6
energy = 0.363464 cross section =  7.224711e+00
        0.000000  0.000000  0.999994  0.000006
        0.000000  0.000000  0.999993  0.000007
               0         0    999993         7
energy = 0.436157 cross section =  6.579485e+00
        0.000000  0.000000  0.999994  0.000006
        0.000000  0.000000  0.999990  0.000010
               0         0    999990        10
energy = 0.523389 cross section =  5.988526e+00
        0.000000  0.000000  0.999994  0.000006
        0.000000  0.000000  0.999993  0.000007
               0         0    999993         7
energy = 0.628067 cross section =  5.440521e+00
        0.000000  0.000000  0.999994  0.000006
        0.000000  0.000000  0.999991  0.000009
               0         0    999991         9
energy = 0.75368 cross section =  4.938723e+00
        0.000000  0.000000  0.999993  0.000007
        0.000000  0.000000  0.999994  0.000006
               0         0    999994         6
energy = 0.904416 cross section =  4.483480e+00
        0.000000  0.000000  0.999993  0.000007
        0.000000  0.000000  0.999993  0.000007
               0         0    999993         7
energy = 1.0853 cross section =  4.069542e+00
        0.000000  0.000000  0.999992  0.000008
        0.000000  0.000000  0.999992  0.000008
               0         0    999992         8
energy = 1.30236 cross section =  3.687895e+00
        0.000000  0.000000  0.999991  0.000009
        0.000000  0.000000  0.999997  0.000003
               0         0    999997         3
energy = 1.56283 cross section =  3.339970e+00
        0.000000  0.000000  0.999989  0.000011
        0.000000  0.000000  0.999985  0.000015
               0         0    999985        15
energy = 1.8754 cross section =  3.017036e+00
        0.000000  0.000000  0.999988  0.000012
        0.000000  0.000000  0.999990  0.000010
               0         0    999990        10
energy = 2.25048 cross section =  2.719051e+00
        0.000000  0.000000  0.999986  0.000014
        0.000000  0.000000  0.999986  0.000014
               0         0    999986        14
energy = 2.70057 cross section =  2.440410e+00
        0.000000  0.000000  0.999985  0.000015
        0.000000  0.000000  0.999985  0.000015
               0         0    999985        15
energy = 3.24069 cross section =  2.179534e+00
        0.000000  0.000000  0.999983  0.000017
        0.000000  0.000000  0.999980  0.000020
               0         0    999980        20
energy = 3.88882 cross section =  1.936518e+00
        0.000000  0.000000  0.999981  0.000019
        0.000000  0.000000  0.999984  0.000016
               0         0    999984        16
energy = 4.66659 cross section =  1.709551e+00
        0.000000  0.000000  0.999979  0.000021
        0.000000  0.000000  0.999995  0.000005
               0         0    999995         5
energy = 5.5999 cross section =  1.498565e+00
        0.000000  0.000000  0.999977  0.000023
        0.000000  0.000000  0.999979  0.000021
               0         0    999979        21
energy = 6.71989 cross section =  1.304186e+00
        0.000000  0.000000  0.999974  0.000026
        0.000000  0.000000  0.999968  0.000032
               0         0    999968        32
energy = 8.06386 cross section =  1.126164e+00
        0.000000  0.000000  0.999971  0.000029
        0.000000  0.000000  0.999971  0.000029
               0         0    999971        29
energy = 9.67663 cross section =  9.646892e-01
        0.000000  0.000000  0.999967  0.000033
        0.000000  0.000000  0.999972  0.000028
               0         0    999972        28
energy = 11.612 cross section =  8.194809e-01
        0.000000  0.000000  0.999963  0.000037
        0.000000  0.000000  0.999959  0.000041
               0         0    999959        41
energy = 13.9344 cross section =  6.907796e-01
        0.000000  0.000000  0.999957  0.000043
        0.000000  0.000000  0.999965  0.000035
               0         0    999965        35
energy = 16.7212 cross section =  5.780943e-01
        0.000000  0.000000  0.999951  0.000049
        0.000000  0.000000  0.999950  0.000050
               0         0    999950        50
energy = 20.0655 cross section =  4.818783e-01
        0.000000  0.000000  0.999944  0.000056
        0.000000  0.000000  0.999935  0.000065
               0         0    999935        65
energy = 24.0786 cross section =  4.818783e-01
        0.000000  0.000000  0.999944  0.000056
        0.000000  0.000000  0.999928  0.000072
               0         0    999928        72
