label = MultiGroup_000  temperature = 0
reaction (  0) = O + photon [coherent]  threshold = 0
    energy = 1e-13
        productIndex    1 KE = 1e-13
    energy = 2e-13
        productIndex    1 KE = 2e-13
    energy = 4e-13
        productIndex    1 KE = 4e-13
    energy = 8e-13
        productIndex    1 KE = 8e-13
    energy = 1.6e-12
        productIndex    1 KE = 1.6e-12
    energy = 3.2e-12
        productIndex    1 KE = 3.2e-12
    energy = 6.4e-12
        productIndex    1 KE = 6.4e-12
    energy = 1.28e-11
        productIndex    1 KE = 1.28e-11
    energy = 2.56e-11
        productIndex    1 KE = 2.56e-11
    energy = 5.12e-11
        productIndex    1 KE = 5.12e-11
    energy = 1.024e-10
        productIndex    1 KE = 1.024e-10
    energy = 2.048e-10
        productIndex    1 KE = 2.048e-10
    energy = 4.096e-10
        productIndex    1 KE = 4.096e-10
    energy = 8.192e-10
        productIndex    1 KE = 8.192e-10
    energy = 1.6384e-09
        productIndex    1 KE = 1.6384e-09
    energy = 3.2768e-09
        productIndex    1 KE = 3.2768e-09
    energy = 6.5536e-09
        productIndex    1 KE = 6.5536e-09
    energy = 1.31072e-08
        productIndex    1 KE = 1.31072e-08
    energy = 2.62144e-08
        productIndex    1 KE = 2.62144e-08
    energy = 5.24288e-08
        productIndex    1 KE = 5.24288e-08
    energy = 1.04858e-07
        productIndex    1 KE = 1.04858e-07
    energy = 2.09715e-07
        productIndex    1 KE = 2.09715e-07
    energy = 4.1943e-07
        productIndex    1 KE = 4.1943e-07
    energy = 8.38861e-07
        productIndex    1 KE = 8.38861e-07
    energy = 1.67772e-06
        productIndex    1 KE = 1.67772e-06
    energy = 3.35544e-06
        productIndex    1 KE = 3.35544e-06
    energy = 6.71089e-06
        productIndex    1 KE = 6.71089e-06
    energy = 1.34218e-05
        productIndex    1 KE = 1.34218e-05
    energy = 2.68435e-05
        productIndex    1 KE = 2.68435e-05
    energy = 5.36871e-05
        productIndex    1 KE = 5.36871e-05
    energy = 0.000107374
        productIndex    1 KE = 0.000107374
    energy = 0.000214748
        productIndex    1 KE = 0.000214748
    energy = 0.000429497
        productIndex    1 KE = 0.000429497
    energy = 0.000858993
        productIndex    1 KE = 0.000858993
    energy = 0.00171799
        productIndex    1 KE = 0.00171799
    energy = 0.00343597
        productIndex    1 KE = 0.00343597
    energy = 0.00687195
        productIndex    1 KE = 0.00687195
    energy = 0.0137439
        productIndex    1 KE = 0.0137439
    energy = 0.0274878
        productIndex    1 KE = 0.0274878
    energy = 0.0549756
        productIndex    1 KE = 0.0549756
    energy = 0.109951
        productIndex    1 KE = 0.109951
    energy = 0.219902
        productIndex    1 KE = 0.219902
    energy = 0.439805
        productIndex    1 KE = 0.439805
    energy = 0.879609
        productIndex    1 KE = 0.879609
    energy = 1.75922
        productIndex    1 KE = 1.75922
    energy = 3.51844
        productIndex    1 KE = 3.51844
    energy = 7.03687
        productIndex    1 KE = 7.03687
    energy = 14.0737
        productIndex    1 KE = 14.0737
    energy = 28.1475
        productIndex    1 KE = 28.1475
    energy = 56.295
        productIndex    1 KE = 56.295
reaction (  1) = O + photon [incoherent]  threshold = 0
    energy = 1e-13
        productIndex    1 KE = 1e-13
    energy = 2e-13
        productIndex    1 KE = 2e-13
    energy = 4e-13
        productIndex    1 KE = 4e-13
    energy = 8e-13
        productIndex    1 KE = 8e-13
    energy = 1.6e-12
        productIndex    1 KE = 1.6e-12
    energy = 3.2e-12
        productIndex    1 KE = 3.2e-12
    energy = 6.4e-12
        productIndex    1 KE = 6.4e-12
    energy = 1.28e-11
        productIndex    1 KE = 1.28e-11
    energy = 2.56e-11
        productIndex    1 KE = 2.56e-11
    energy = 5.12e-11
        productIndex    1 KE = 5.12e-11
    energy = 1.024e-10
        productIndex    1 KE = 1.024e-10
    energy = 2.048e-10
        productIndex    1 KE = 2.048e-10
    energy = 4.096e-10
        productIndex    1 KE = 4.096e-10
    energy = 8.192e-10
        productIndex    1 KE = 8.192e-10
    energy = 1.6384e-09
        productIndex    1 KE = 1.6384e-09
    energy = 3.2768e-09
        productIndex    1 KE = 3.2768e-09
    energy = 6.5536e-09
        productIndex    1 KE = 6.5536e-09
    energy = 1.31072e-08
        productIndex    1 KE = 1.31072e-08
    energy = 2.62144e-08
        productIndex    1 KE = 2.62144e-08
    energy = 5.24288e-08
        productIndex    1 KE = 5.24288e-08
    energy = 1.04858e-07
        productIndex    1 KE = 1.04858e-07
    energy = 2.09715e-07
        productIndex    1 KE = 2.09715e-07
    energy = 4.1943e-07
        productIndex    1 KE = 4.1943e-07
    energy = 8.38861e-07
        productIndex    1 KE = 8.38859e-07
    energy = 1.67772e-06
        productIndex    1 KE = 1.67772e-06
    energy = 3.35544e-06
        productIndex    1 KE = 3.35542e-06
    energy = 6.71089e-06
        productIndex    1 KE = 6.71072e-06
    energy = 1.34218e-05
        productIndex    1 KE = 1.34212e-05
    energy = 2.68435e-05
        productIndex    1 KE = 2.68407e-05
    energy = 5.36871e-05
        productIndex    1 KE = 5.36792e-05
    energy = 0.000107374
        productIndex    1 KE = 0.00010733
    energy = 0.000214748
        productIndex    1 KE = 0.000214571
    energy = 0.000429497
        productIndex    1 KE = 0.000429193
    energy = 0.000858993
        productIndex    1 KE = 0.00085613
    energy = 0.00171799
        productIndex    1 KE = 0.00170703
    energy = 0.00343597
        productIndex    1 KE = 0.00340944
    energy = 0.00687195
        productIndex    1 KE = 0.00673523
    energy = 0.0137439
        productIndex    1 KE = 0.0133691
    energy = 0.0274878
        productIndex    1 KE = 0.0262099
    energy = 0.0549756
        productIndex    1 KE = 0.054441
    energy = 0.109951
        productIndex    1 KE = 0.101256
    energy = 0.219902
        productIndex    1 KE = 0.21316
    energy = 0.439805
        productIndex    1 KE = 0.403091
    energy = 0.879609
        productIndex    1 KE = 0.584438
    energy = 1.75922
        productIndex    1 KE = 1.32651
    energy = 3.51844
        productIndex    1 KE = 2.27719
    energy = 7.03687
        productIndex    1 KE = 5.58725
    energy = 14.0737
        productIndex    1 KE = 0.836053
    energy = 28.1475
        productIndex    1 KE = 0.966982
    energy = 56.295
        productIndex    1 KE = 4.59084
reaction (  2) = e- + O [photo-electric]  threshold = 0
    energy = 1e-13
    energy = 2e-13
    energy = 4e-13
    energy = 8e-13
    energy = 1.6e-12
    energy = 3.2e-12
    energy = 6.4e-12
    energy = 1.28e-11
    energy = 2.56e-11
    energy = 5.12e-11
    energy = 1.024e-10
    energy = 2.048e-10
    energy = 4.096e-10
    energy = 8.192e-10
    energy = 1.6384e-09
    energy = 3.2768e-09
    energy = 6.5536e-09
    energy = 1.31072e-08
    energy = 2.62144e-08
    energy = 5.24288e-08
    energy = 1.04858e-07
    energy = 2.09715e-07
    energy = 4.1943e-07
    energy = 8.38861e-07
    energy = 1.67772e-06
    energy = 3.35544e-06
    energy = 6.71089e-06
    energy = 1.34218e-05
    energy = 2.68435e-05
    energy = 5.36871e-05
    energy = 0.000107374
    energy = 0.000214748
    energy = 0.000429497
    energy = 0.000858993
    energy = 0.00171799
    energy = 0.00343597
    energy = 0.00687195
    energy = 0.0137439
    energy = 0.0274878
    energy = 0.0549756
    energy = 0.109951
    energy = 0.219902
    energy = 0.439805
    energy = 0.879609
    energy = 1.75922
    energy = 3.51844
    energy = 7.03687
    energy = 14.0737
    energy = 28.1475
    energy = 56.295
reaction (  3) = O + photon [pair production: electron field]  threshold = 1.022
    energy = 1.022
        productIndex    1 KE = 0.510999
        productIndex    1 KE = 0.510999
    energy = 2.044
        productIndex    1 KE = 0.510999
        productIndex    1 KE = 0.510999
    energy = 4.088
        productIndex    1 KE = 0.510999
        productIndex    1 KE = 0.510999
    energy = 8.176
        productIndex    1 KE = 0.510999
        productIndex    1 KE = 0.510999
    energy = 16.352
        productIndex    1 KE = 0.510999
        productIndex    1 KE = 0.510999
    energy = 32.704
        productIndex    1 KE = 0.510999
        productIndex    1 KE = 0.510999
    energy = 65.408
        productIndex    1 KE = 0.510999
        productIndex    1 KE = 0.510999
