# time = 0.0
len( data ) = 22545
len( f ) = 22545
# time = 0.0
1000 of 10000
2000 of 10000
3000 of 10000
4000 of 10000
5000 of 10000
6000 of 10000
7000 of 10000
8000 of 10000
9000 of 10000
10000 of 10000
# time = 47.08
