  0 <unknownID>
  1 <tooManyIDs>
  2 <invalidID>
  3 <errnoID>
  4 <statusMessageReporting>

  0 <unknownID>
  1 <tooManyIDs>
  2 <invalidID>
  3 <errnoID>
  4 <statusMessageReporting>
  5 <check3>

======= Status message reports =======
smr_setReportInfo, MACRO = 0
    At line nn of check3.c in function main
======= Status message reports =======
smr_setReportInfo2, MACRO = 1
    At line nn of check3.c in function main
======= Status message reports =======
smr_vsetReportInfo2, MACRO = 1
    At line nn of check3.c in function _smr_setReportInfo2

======= Status message reports =======
smr_setReportWarning, MACRO = 0
    At line nn of check3.c in function main
======= Status message reports =======
smr_setReportWarning2, MACRO = 1
    At line nn of check3.c in function main
======= Status message reports =======
smr_vsetReportWarning2, MACRO = 1
    At line nn of check3.c in function _smr_setReportWarning2

======= Status message reports =======
smr_setReportError, MACRO = 0
    At line nn of check3.c in function main
======= Status message reports =======
smr_setReportError2, MACRO = 1
    At line nn of check3.c in function main
======= Status message reports =======
smr_vsetReportError2, MACRO = 1
    At line nn of check3.c in function _smr_setReportError2

