n
  Al26_m1: ENDF/B-8.0
  Am241: ENDF/B-8.0
  Am242: ENDF/B-8.0
  Am242_m1: ENDF/B-8.0
  Am243: ENDF/B-8.0
  Pb207: ENDF/B-8.0
  Pm143: ENDF/B-8.0
  Pm148_m1: ENDF/B-8.0
  Pm149: ENDF/B-8.0
  Re186_m1: ENDF/B-8.0
  Tm168: ENDF/B-8.0
