photon       gamma
h2           d
h3           t
he3          h
he4          a
Co58_e1      Co58_m1
Ag110_e2     Ag110_m1
Am242_e2     Am242_m1
