1
LLNL_fid_1
FLUX: label = 'LLNL_fid_1': maximum order = 0
