label = heated_000  temperature = 2.586e-08
temperature = 2.58522e-08
numberOfSamples = 1000000
energy = 1e-12 cross section =  3.480269e+02
        0.234947  0.716986  0.000000  0.048067
        0.234778  0.717103  0.000000  0.048119
          234778    717103         0     48119
energy = 1.2e-12 cross section =  3.480269e+02
        0.234947  0.716986  0.000000  0.048067
        0.234498  0.717904  0.000000  0.047598
          234498    717904         0     47598
energy = 1.44e-12 cross section =  3.480269e+02
        0.234947  0.716986  0.000000  0.048067
        0.234623  0.717209  0.000000  0.048168
          234623    717209         0     48168
energy = 1.728e-12 cross section =  3.480269e+02
        0.234947  0.716986  0.000000  0.048067
        0.235441  0.716312  0.000000  0.048247
          235441    716312         0     48247
energy = 2.0736e-12 cross section =  3.480269e+02
        0.234947  0.716986  0.000000  0.048067
        0.235313  0.716618  0.000000  0.048069
          235313    716618         0     48069
energy = 2.48832e-12 cross section =  3.480269e+02
        0.234947  0.716986  0.000000  0.048067
        0.235304  0.717072  0.000000  0.047624
          235304    717072         0     47624
energy = 2.98598e-12 cross section =  3.480269e+02
        0.234947  0.716986  0.000000  0.048067
        0.234777  0.717559  0.000000  0.047664
          234777    717559         0     47664
energy = 3.58318e-12 cross section =  3.480269e+02
        0.234947  0.716986  0.000000  0.048067
        0.234140  0.717655  0.000000  0.048205
          234140    717655         0     48205
energy = 4.29982e-12 cross section =  3.480269e+02
        0.234947  0.716986  0.000000  0.048067
        0.234978  0.717179  0.000000  0.047843
          234978    717179         0     47843
energy = 5.15978e-12 cross section =  3.480269e+02
        0.234947  0.716986  0.000000  0.048067
        0.234972  0.717066  0.000000  0.047962
          234972    717066         0     47962
energy = 6.19174e-12 cross section =  3.480269e+02
        0.234947  0.716986  0.000000  0.048067
        0.235035  0.716499  0.000000  0.048466
          235035    716499         0     48466
energy = 7.43008e-12 cross section =  3.480269e+02
        0.234947  0.716986  0.000000  0.048067
        0.234770  0.717311  0.000000  0.047919
          234770    717311         0     47919
energy = 8.9161e-12 cross section =  3.480269e+02
        0.234947  0.716986  0.000000  0.048067
        0.234566  0.717443  0.000000  0.047991
          234566    717443         0     47991
energy = 1.06993e-11 cross section =  3.426649e+02
        0.238615  0.714185  0.000000  0.047200
        0.238229  0.714509  0.000000  0.047262
          238229    714509         0     47262
energy = 1.28392e-11 cross section =  3.265464e+02
        0.250363  0.704421  0.000000  0.045216
        0.251312  0.703406  0.000000  0.045282
          251312    703406         0     45282
energy = 1.5407e-11 cross section =  3.076083e+02
        0.265739  0.690443  0.000000  0.043818
        0.266115  0.690125  0.000000  0.043760
          266115    690125         0     43760
energy = 1.84884e-11 cross section =  2.852520e+02
        0.286516  0.670348  0.000000  0.043136
        0.286056  0.670705  0.000000  0.043239
          286056    670705         0     43239
energy = 2.21861e-11 cross section =  2.617788e+02
        0.312144  0.644948  0.000000  0.042908
        0.312984  0.643836  0.000000  0.043180
          312984    643836         0     43180
energy = 2.66233e-11 cross section =  2.511612e+02
        0.325259  0.633915  0.000000  0.040826
        0.325388  0.634010  0.000000  0.040602
          325388    634010         0     40602
energy = 3.1948e-11 cross section =  2.387007e+02
        0.342136  0.618650  0.000000  0.039213
        0.342537  0.618366  0.000000  0.039097
          342537    618366         0     39097
energy = 3.83376e-11 cross section =  2.240050e+02
        0.364453  0.597403  0.000000  0.038144
        0.364568  0.597267  0.000000  0.038165
          364568    597267         0     38165
energy = 4.60051e-11 cross section =  2.066040e+02
        0.394980  0.567268  0.000000  0.037752
        0.394613  0.567540  0.000000  0.037847
          394613    567540         0     37847
energy = 5.52061e-11 cross section =  1.989907e+02
        0.409882  0.554337  0.000000  0.035781
        0.409311  0.554643  0.000000  0.036046
          409311    554643         0     36046
energy = 6.62474e-11 cross section =  1.907821e+02
        0.427256  0.538676  0.000000  0.034068
        0.428214  0.537910  0.000000  0.033876
          428214    537910         0     33876
energy = 7.94968e-11 cross section =  1.811102e+02
        0.449741  0.517497  0.000000  0.032761
        0.449940  0.517092  0.000000  0.032968
          449940    517092         0     32968
energy = 9.53962e-11 cross section =  1.696666e+02
        0.479651  0.488423  0.000000  0.031925
        0.480422  0.487649  0.000000  0.031929
          480422    487649         0     31929
energy = 1.14475e-10 cross section =  1.628692e+02
        0.499141  0.470498  0.000000  0.030361
        0.498647  0.471081  0.000000  0.030272
          498647    471081         0     30272
energy = 1.37371e-10 cross section =  1.574381e+02
        0.515705  0.455623  0.000000  0.028672
        0.516604  0.454584  0.000000  0.028812
          516604    454584         0     28812
energy = 1.64845e-10 cross section =  1.510443e+02
        0.536715  0.436003  0.000000  0.027282
        0.536989  0.435664  0.000000  0.027347
          536989    435664         0     27347
energy = 1.97814e-10 cross section =  1.434855e+02
        0.563959  0.409824  0.000000  0.026217
        0.563600  0.410112  0.000000  0.026288
          563600    410112         0     26288
energy = 2.37376e-10 cross section =  1.377890e+02
        0.585991  0.389087  0.000000  0.024922
        0.585226  0.389810  0.000000  0.024964
          585226    389810         0     24964
energy = 2.84852e-10 cross section =  1.342019e+02
        0.600073  0.376569  0.000000  0.023358
        0.600188  0.376677  0.000000  0.023135
          600188    376677         0     23135
energy = 3.41822e-10 cross section =  1.299849e+02
        0.617594  0.360392  0.000000  0.022014
        0.616971  0.361218  0.000000  0.021811
          616971    361218         0     21811
energy = 4.10186e-10 cross section =  1.250053e+02
        0.639786  0.339318  0.000000  0.020896
        0.640747  0.338470  0.000000  0.020783
          640747    338470         0     20783
energy = 4.92224e-10 cross section =  1.203771e+02
        0.661381  0.318811  0.000000  0.019808
        0.661321  0.318804  0.000000  0.019875
          661321    318804         0     19875
energy = 5.90668e-10 cross section =  1.178359e+02
        0.671989  0.309539  0.000000  0.018472
        0.671972  0.309601  0.000000  0.018427
          671972    309601         0     18427
energy = 7.08802e-10 cross section =  1.148554e+02
        0.685007  0.297691  0.000000  0.017301
        0.685112  0.297652  0.000000  0.017236
          685112    297652         0     17236
energy = 8.50562e-10 cross section =  1.113331e+02
        0.701208  0.282499  0.000000  0.016294
        0.701305  0.282134  0.000000  0.016561
          701305    282134         0     16561
energy = 1.02067e-09 cross section =  1.074529e+02
        0.719762  0.264827  0.000000  0.015412
        0.719903  0.264514  0.000000  0.015583
          719903    264514         0     15583
energy = 1.22481e-09 cross section =  1.054161e+02
        0.725710  0.259949  0.000000  0.014341
        0.725383  0.260041  0.000000  0.014576
          725383    260041         0     14576
energy = 1.46977e-09 cross section =  1.030133e+02
        0.732864  0.253739  0.000000  0.013397
        0.732972  0.253600  0.000000  0.013428
          732972    253600         0     13428
energy = 1.76373e-09 cross section =  1.001678e+02
        0.741622  0.245801  0.000000  0.012577
        0.741885  0.245620  0.000000  0.012495
          741885    245620         0     12495
energy = 2.11647e-09 cross section =  9.689254e+01
        0.752811  0.235320  0.000000  0.011869
        0.753427  0.234581  0.000000  0.011992
          753427    234581         0     11992
energy = 2.53977e-09 cross section =  9.468841e+01
        0.753348  0.235565  0.000000  0.011087
        0.753527  0.235414  0.000000  0.011059
          753527    235414         0     11059
energy = 3.04772e-09 cross section =  9.227195e+01
        0.752159  0.237455  0.000000  0.010386
        0.752143  0.237502  0.000000  0.010355
          752143    237502         0     10355
energy = 3.65726e-09 cross section =  8.956757e+01
        0.750899  0.239334  0.000000  0.009767
        0.750831  0.239258  0.000000  0.009911
          750831    239258         0      9911
energy = 4.38871e-09 cross section =  8.639328e+01
        0.749210  0.241547  0.000000  0.009243
        0.750054  0.240637  0.000000  0.009309
          750054    240637         0      9309
energy = 5.26646e-09 cross section =  8.361751e+01
        0.740806  0.250476  0.000000  0.008718
        0.740539  0.250711  0.000000  0.008750
          740539    250711         0      8750
energy = 6.31975e-09 cross section =  8.084937e+01
        0.727031  0.264738  0.000000  0.008231
        0.727313  0.264427  0.000000  0.008260
          727313    264427         0      8260
energy = 7.5837e-09 cross section =  7.783710e+01
        0.710124  0.282071  0.000000  0.007805
        0.709703  0.282404  0.000000  0.007893
          709703    282404         0      7893
energy = 9.10044e-09 cross section =  7.462777e+01
        0.689497  0.303072  0.000000  0.007431
        0.689075  0.303290  0.000000  0.007635
          689075    303290         0      7635
energy = 1.09205e-08 cross section =  7.137815e+01
        0.663438  0.329469  0.000000  0.007093
        0.662622  0.330212  0.000000  0.007166
          662622    330212         0      7166
energy = 1.31046e-08 cross section =  6.824009e+01
        0.630990  0.362238  0.000000  0.006773
        0.630323  0.362762  0.000000  0.006915
          630323    362762         0      6915
energy = 1.57256e-08 cross section =  6.521496e+01
        0.592367  0.401163  0.000000  0.006469
        0.593126  0.400517  0.000000  0.006357
          593126    400517         0      6357
energy = 1.88707e-08 cross section =  6.249329e+01
        0.547500  0.446337  0.000000  0.006163
        0.548303  0.445545  0.000000  0.006152
          548303    445545         0      6152
energy = 2.26448e-08 cross section =  5.972504e+01
        0.500079  0.494035  0.000000  0.005887
        0.500456  0.493778  0.000000  0.005766
          500456    493778         0      5766
energy = 2.71738e-08 cross section =  5.616437e+01
        0.458568  0.535718  0.000000  0.005714
        0.459482  0.535006  0.000000  0.005512
          459482    535006         0      5512
energy = 3.26085e-08 cross section =  5.303481e+01
        0.413977  0.580499  0.000000  0.005524
        0.413771  0.580730  0.000000  0.005499
          413771    580730         0      5499
energy = 3.91302e-08 cross section =  5.044131e+01
        0.367736  0.626961  0.000000  0.005303
        0.367406  0.627321  0.000000  0.005273
          367406    627321         0      5273
energy = 4.69563e-08 cross section =  4.832274e+01
        0.322269  0.672678  0.000000  0.005053
        0.322464  0.672458  0.000000  0.005078
          322464    672458         0      5078
energy = 5.63475e-08 cross section =  4.478984e+01
        0.290772  0.704251  0.000000  0.004977
        0.291087  0.703968  0.000000  0.004945
          291087    703968         0      4945
energy = 6.7617e-08 cross section =  4.146109e+01
        0.262152  0.732940  0.000000  0.004908
        0.262015  0.733063  0.000000  0.004922
          262015    733063         0      4922
energy = 8.11404e-08 cross section =  3.824887e+01
        0.236880  0.758264  0.000000  0.004856
        0.237292  0.757866  0.000000  0.004842
          237292    757866         0      4842
energy = 9.73685e-08 cross section =  3.506567e+01
        0.215489  0.779675  0.000000  0.004836
        0.214916  0.780185  0.000000  0.004899
          214916    780185         0      4899
energy = 1.16842e-07 cross section =  3.308357e+01
        0.190268  0.805054  0.000000  0.004678
        0.190823  0.804524  0.000000  0.004653
          190823    804524         0      4653
energy = 1.40211e-07 cross section =  3.141482e+01
        0.166946  0.828556  0.000000  0.004498
        0.167051  0.828497  0.000000  0.004452
          167051    828497         0      4452
energy = 1.68253e-07 cross section =  2.980147e+01
        0.146627  0.849045  0.000000  0.004328
        0.146253  0.849384  0.000000  0.004363
          146253    849384         0      4363
energy = 2.01903e-07 cross section =  2.819162e+01
        0.129201  0.866621  0.000000  0.004178
        0.129541  0.866268  0.000000  0.004191
          129541    866268         0      4191
energy = 2.42284e-07 cross section =  2.700935e+01
        0.112380  0.883640  0.000000  0.003980
        0.112530  0.883479  0.000000  0.003991
          112530    883479         0      3991
energy = 2.90741e-07 cross section =  2.610868e+01
        0.096936  0.899305  0.000000  0.003759
        0.096727  0.899581  0.000000  0.003692
           96727    899581         0      3692
energy = 3.48889e-07 cross section =  2.521261e+01
        0.083594  0.912853  0.000000  0.003553
        0.083469  0.912908  0.000000  0.003623
           83469    912908         0      3623
energy = 4.18667e-07 cross section =  2.429661e+01
        0.072295  0.924339  0.000000  0.003365
        0.072604  0.924050  0.000000  0.003346
           72604    924050         0      3346
energy = 5.024e-07 cross section =  2.358666e+01
        0.062051  0.934784  0.000000  0.003165
        0.062179  0.934652  0.000000  0.003169
           62179    934652         0      3169
energy = 6.0288e-07 cross section =  2.321398e+01
        0.052557  0.944507  0.000000  0.002935
        0.052600  0.944542  0.000000  0.002858
           52600    944542         0      2858
energy = 7.23456e-07 cross section =  2.285713e+01
        0.044465  0.952814  0.000000  0.002721
        0.044384  0.952821  0.000000  0.002795
           44384    952821         0      2795
energy = 8.68147e-07 cross section =  2.250570e+01
        0.037633  0.959844  0.000000  0.002523
        0.037420  0.959982  0.000000  0.002598
           37420    959982         0      2598
energy = 1.04178e-06 cross section =  2.218765e+01
        0.031832  0.965832  0.000000  0.002336
        0.031902  0.965780  0.000000  0.002318
           31902    965780         0      2318
energy = 1.25013e-06 cross section =  2.200779e+01
        0.026722  0.971128  0.000000  0.002150
        0.026532  0.971273  0.000000  0.002195
           26532    971273         0      2195
energy = 1.50016e-06 cross section =  2.183707e+01
        0.022442  0.975580  0.000000  0.001978
        0.022416  0.975593  0.000000  0.001991
           22416    975593         0      1991
energy = 1.80019e-06 cross section =  2.166941e+01
        0.018850  0.979330  0.000000  0.001820
        0.018739  0.979465  0.000000  0.001796
           18739    979465         0      1796
energy = 2.16023e-06 cross section =  2.150048e+01
        0.015839  0.982486  0.000000  0.001675
        0.015730  0.982600  0.000000  0.001670
           15730    982600         0      1670
energy = 2.59227e-06 cross section =  2.139564e+01
        0.013261  0.985203  0.000000  0.001536
        0.013151  0.985335  0.000000  0.001514
           13151    985335         0      1514
energy = 3.11073e-06 cross section =  2.129155e+01
        0.011102  0.987489  0.000000  0.001409
        0.010963  0.987573  0.000000  0.001464
           10963    987573         0      1464
energy = 3.73287e-06 cross section =  2.118489e+01
        0.009298  0.989409  0.000000  0.001293
        0.009172  0.989528  0.000000  0.001300
            9172    989528         0      1300
energy = 4.47945e-06 cross section =  2.107213e+01
        0.007791  0.991023  0.000000  0.001186
        0.007782  0.991101  0.000000  0.001117
            7782    991101         0      1117
energy = 5.37534e-06 cross section =  2.050907e+01
        0.000000  0.000000  0.998887  0.001113
        0.000000  0.000000  0.998855  0.001145
               0         0    998855      1145
energy = 6.45041e-06 cross section =  2.050126e+01
        0.000000  0.000000  0.998984  0.001016
        0.000000  0.000000  0.998971  0.001029
               0         0    998971      1029
energy = 7.74049e-06 cross section =  2.049244e+01
        0.000000  0.000000  0.999072  0.000928
        0.000000  0.000000  0.999121  0.000879
               0         0    999121       879
energy = 9.28859e-06 cross section =  2.048239e+01
        0.000000  0.000000  0.999152  0.000848
        0.000000  0.000000  0.999169  0.000831
               0         0    999169       831
energy = 1.11463e-05 cross section =  2.047602e+01
        0.000000  0.000000  0.999226  0.000774
        0.000000  0.000000  0.999197  0.000803
               0         0    999197       803
energy = 1.33756e-05 cross section =  2.047271e+01
        0.000000  0.000000  0.999294  0.000706
        0.000000  0.000000  0.999325  0.000675
               0         0    999325       675
energy = 1.60507e-05 cross section =  2.046913e+01
        0.000000  0.000000  0.999355  0.000645
        0.000000  0.000000  0.999358  0.000642
               0         0    999358       642
energy = 1.92608e-05 cross section =  2.046520e+01
        0.000000  0.000000  0.999411  0.000589
        0.000000  0.000000  0.999432  0.000568
               0         0    999432       568
energy = 2.3113e-05 cross section =  2.046082e+01
        0.000000  0.000000  0.999462  0.000538
        0.000000  0.000000  0.999444  0.000556
               0         0    999444       556
energy = 2.77356e-05 cross section =  2.045585e+01
        0.000000  0.000000  0.999509  0.000491
        0.000000  0.000000  0.999494  0.000506
               0         0    999494       506
energy = 3.32827e-05 cross section =  2.045017e+01
        0.000000  0.000000  0.999552  0.000448
        0.000000  0.000000  0.999573  0.000427
               0         0    999573       427
energy = 3.99392e-05 cross section =  2.044608e+01
        0.000000  0.000000  0.999591  0.000409
        0.000000  0.000000  0.999568  0.000432
               0         0    999568       432
energy = 4.79271e-05 cross section =  2.044364e+01
        0.000000  0.000000  0.999626  0.000374
        0.000000  0.000000  0.999601  0.000399
               0         0    999601       399
energy = 5.75125e-05 cross section =  2.044093e+01
        0.000000  0.000000  0.999659  0.000341
        0.000000  0.000000  0.999644  0.000356
               0         0    999644       356
energy = 6.9015e-05 cross section =  2.043786e+01
        0.000000  0.000000  0.999688  0.000312
        0.000000  0.000000  0.999680  0.000320
               0         0    999680       320
energy = 8.2818e-05 cross section =  2.043435e+01
        0.000000  0.000000  0.999716  0.000284
        0.000000  0.000000  0.999713  0.000287
               0         0    999713       287
energy = 9.93816e-05 cross section =  2.043089e+01
        0.000000  0.000000  0.999740  0.000260
        0.000000  0.000000  0.999752  0.000248
               0         0    999752       248
energy = 0.000119258 cross section =  2.042779e+01
        0.000000  0.000000  0.999763  0.000237
        0.000000  0.000000  0.999754  0.000246
               0         0    999754       246
energy = 0.000143109 cross section =  2.042421e+01
        0.000000  0.000000  0.999784  0.000216
        0.000000  0.000000  0.999761  0.000239
               0         0    999761       239
energy = 0.000171731 cross section =  2.042003e+01
        0.000000  0.000000  0.999803  0.000197
        0.000000  0.000000  0.999810  0.000190
               0         0    999810       190
energy = 0.000206078 cross section =  2.041513e+01
        0.000000  0.000000  0.999820  0.000180
        0.000000  0.000000  0.999807  0.000193
               0         0    999807       193
energy = 0.000247293 cross section =  2.040935e+01
        0.000000  0.000000  0.999835  0.000165
        0.000000  0.000000  0.999821  0.000179
               0         0    999821       179
energy = 0.000296752 cross section =  2.040250e+01
        0.000000  0.000000  0.999850  0.000150
        0.000000  0.000000  0.999839  0.000161
               0         0    999839       161
energy = 0.000356102 cross section =  2.039437e+01
        0.000000  0.000000  0.999863  0.000137
        0.000000  0.000000  0.999878  0.000122
               0         0    999878       122
energy = 0.000427323 cross section =  2.038469e+01
        0.000000  0.000000  0.999875  0.000125
        0.000000  0.000000  0.999870  0.000130
               0         0    999870       130
energy = 0.000512787 cross section =  2.037314e+01
        0.000000  0.000000  0.999886  0.000114
        0.000000  0.000000  0.999871  0.000129
               0         0    999871       129
energy = 0.000615344 cross section =  2.035935e+01
        0.000000  0.000000  0.999896  0.000104
        0.000000  0.000000  0.999895  0.000105
               0         0    999895       105
energy = 0.000738413 cross section =  2.034286e+01
        0.000000  0.000000  0.999905  0.000095
        0.000000  0.000000  0.999907  0.000093
               0         0    999907        93
energy = 0.000886096 cross section =  2.032312e+01
        0.000000  0.000000  0.999913  0.000087
        0.000000  0.000000  0.999902  0.000098
               0         0    999902        98
energy = 0.00106332 cross section =  2.029949e+01
        0.000000  0.000000  0.999921  0.000079
        0.000000  0.000000  0.999917  0.000083
               0         0    999917        83
energy = 0.00127598 cross section =  2.027117e+01
        0.000000  0.000000  0.999928  0.000072
        0.000000  0.000000  0.999944  0.000056
               0         0    999944        56
energy = 0.00153117 cross section =  2.023723e+01
        0.000000  0.000000  0.999934  0.000066
        0.000000  0.000000  0.999933  0.000067
               0         0    999933        67
energy = 0.00183741 cross section =  2.019654e+01
        0.000000  0.000000  0.999940  0.000060
        0.000000  0.000000  0.999937  0.000063
               0         0    999937        63
energy = 0.00220489 cross section =  2.014774e+01
        0.000000  0.000000  0.999945  0.000055
        0.000000  0.000000  0.999944  0.000056
               0         0    999944        56
energy = 0.00264587 cross section =  2.008922e+01
        0.000000  0.000000  0.999950  0.000050
        0.000000  0.000000  0.999953  0.000047
               0         0    999953        47
energy = 0.00317504 cross section =  2.002032e+01
        0.000000  0.000000  0.999954  0.000046
        0.000000  0.000000  0.999947  0.000053
               0         0    999947        53
energy = 0.00381005 cross section =  1.994083e+01
        0.000000  0.000000  0.999958  0.000042
        0.000000  0.000000  0.999965  0.000035
               0         0    999965        35
energy = 0.00457206 cross section =  1.984546e+01
        0.000000  0.000000  0.999962  0.000038
        0.000000  0.000000  0.999954  0.000046
               0         0    999954        46
energy = 0.00548647 cross section =  1.973104e+01
        0.000000  0.000000  0.999965  0.000035
        0.000000  0.000000  0.999968  0.000032
               0         0    999968        32
energy = 0.00658377 cross section =  1.959376e+01
        0.000000  0.000000  0.999968  0.000032
        0.000000  0.000000  0.999972  0.000028
               0         0    999972        28
energy = 0.00790052 cross section =  1.943457e+01
        0.000000  0.000000  0.999971  0.000029
        0.000000  0.000000  0.999973  0.000027
               0         0    999973        27
energy = 0.00948063 cross section =  1.924661e+01
        0.000000  0.000000  0.999973  0.000027
        0.000000  0.000000  0.999972  0.000028
               0         0    999972        28
energy = 0.0113768 cross section =  1.902903e+01
        0.000000  0.000000  0.999976  0.000024
        0.000000  0.000000  0.999980  0.000020
               0         0    999980        20
energy = 0.0136521 cross section =  1.877154e+01
        0.000000  0.000000  0.999978  0.000022
        0.000000  0.000000  0.999975  0.000025
               0         0    999975        25
energy = 0.0163825 cross section =  1.847603e+01
        0.000000  0.000000  0.999980  0.000020
        0.000000  0.000000  0.999983  0.000017
               0         0    999983        17
energy = 0.019659 cross section =  1.813379e+01
        0.000000  0.000000  0.999982  0.000018
        0.000000  0.000000  0.999979  0.000021
               0         0    999979        21
energy = 0.0235908 cross section =  1.774187e+01
        0.000000  0.000000  0.999983  0.000017
        0.000000  0.000000  0.999977  0.000023
               0         0    999977        23
energy = 0.028309 cross section =  1.729687e+01
        0.000000  0.000000  0.999985  0.000015
        0.000000  0.000000  0.999982  0.000018
               0         0    999982        18
energy = 0.0339708 cross section =  1.679668e+01
        0.000000  0.000000  0.999986  0.000014
        0.000000  0.000000  0.999987  0.000013
               0         0    999987        13
energy = 0.040765 cross section =  1.623744e+01
        0.000000  0.000000  0.999987  0.000013
        0.000000  0.000000  0.999989  0.000011
               0         0    999989        11
energy = 0.0489179 cross section =  1.562352e+01
        0.000000  0.000000  0.999988  0.000012
        0.000000  0.000000  0.999984  0.000016
               0         0    999984        16
energy = 0.0587015 cross section =  1.495394e+01
        0.000000  0.000000  0.999989  0.000011
        0.000000  0.000000  0.999985  0.000015
               0         0    999985        15
energy = 0.0704418 cross section =  1.424082e+01
        0.000000  0.000000  0.999990  0.000010
        0.000000  0.000000  0.999990  0.000010
               0         0    999990        10
energy = 0.0845302 cross section =  1.347914e+01
        0.000000  0.000000  0.999991  0.000009
        0.000000  0.000000  0.999986  0.000014
               0         0    999986        14
energy = 0.101436 cross section =  1.268307e+01
        0.000000  0.000000  0.999992  0.000008
        0.000000  0.000000  0.999994  0.000006
               0         0    999994         6
energy = 0.121724 cross section =  1.186916e+01
        0.000000  0.000000  0.999992  0.000008
        0.000000  0.000000  0.999993  0.000007
               0         0    999993         7
energy = 0.146068 cross section =  1.104750e+01
        0.000000  0.000000  0.999993  0.000007
        0.000000  0.000000  0.999986  0.000014
               0         0    999986        14
energy = 0.175282 cross section =  1.022903e+01
        0.000000  0.000000  0.999993  0.000007
        0.000000  0.000000  0.999996  0.000004
               0         0    999996         4
energy = 0.210338 cross section =  9.431830e+00
        0.000000  0.000000  0.999994  0.000006
        0.000000  0.000000  0.999993  0.000007
               0         0    999993         7
energy = 0.252406 cross section =  8.656682e+00
        0.000000  0.000000  0.999994  0.000006
        0.000000  0.000000  0.999994  0.000006
               0         0    999994         6
energy = 0.302887 cross section =  7.917751e+00
        0.000000  0.000000  0.999994  0.000006
        0.000000  0.000000  0.999994  0.000006
               0         0    999994         6
energy = 0.363464 cross section =  7.224711e+00
        0.000000  0.000000  0.999994  0.000006
        0.000000  0.000000  0.999993  0.000007
               0         0    999993         7
energy = 0.436157 cross section =  6.579485e+00
        0.000000  0.000000  0.999994  0.000006
        0.000000  0.000000  0.999990  0.000010
               0         0    999990        10
energy = 0.523389 cross section =  5.988526e+00
        0.000000  0.000000  0.999994  0.000006
        0.000000  0.000000  0.999993  0.000007
               0         0    999993         7
energy = 0.628067 cross section =  5.440521e+00
        0.000000  0.000000  0.999994  0.000006
        0.000000  0.000000  0.999991  0.000009
               0         0    999991         9
energy = 0.75368 cross section =  4.938723e+00
        0.000000  0.000000  0.999993  0.000007
        0.000000  0.000000  0.999994  0.000006
               0         0    999994         6
energy = 0.904416 cross section =  4.483480e+00
        0.000000  0.000000  0.999993  0.000007
        0.000000  0.000000  0.999993  0.000007
               0         0    999993         7
energy = 1.0853 cross section =  4.069542e+00
        0.000000  0.000000  0.999992  0.000008
        0.000000  0.000000  0.999992  0.000008
               0         0    999992         8
energy = 1.30236 cross section =  3.687895e+00
        0.000000  0.000000  0.999991  0.000009
        0.000000  0.000000  0.999997  0.000003
               0         0    999997         3
energy = 1.56283 cross section =  3.339970e+00
        0.000000  0.000000  0.999989  0.000011
        0.000000  0.000000  0.999985  0.000015
               0         0    999985        15
energy = 1.8754 cross section =  3.017036e+00
        0.000000  0.000000  0.999988  0.000012
        0.000000  0.000000  0.999990  0.000010
               0         0    999990        10
energy = 2.25048 cross section =  2.719051e+00
        0.000000  0.000000  0.999986  0.000014
        0.000000  0.000000  0.999986  0.000014
               0         0    999986        14
energy = 2.70057 cross section =  2.440410e+00
        0.000000  0.000000  0.999985  0.000015
        0.000000  0.000000  0.999985  0.000015
               0         0    999985        15
energy = 3.24069 cross section =  2.179534e+00
        0.000000  0.000000  0.999983  0.000017
        0.000000  0.000000  0.999980  0.000020
               0         0    999980        20
energy = 3.88882 cross section =  1.936518e+00
        0.000000  0.000000  0.999981  0.000019
        0.000000  0.000000  0.999984  0.000016
               0         0    999984        16
energy = 4.66659 cross section =  1.709551e+00
        0.000000  0.000000  0.999979  0.000021
        0.000000  0.000000  0.999995  0.000005
               0         0    999995         5
energy = 5.5999 cross section =  1.498565e+00
        0.000000  0.000000  0.999977  0.000023
        0.000000  0.000000  0.999979  0.000021
               0         0    999979        21
energy = 6.71989 cross section =  1.304186e+00
        0.000000  0.000000  0.999974  0.000026
        0.000000  0.000000  0.999968  0.000032
               0         0    999968        32
energy = 8.06386 cross section =  1.126164e+00
        0.000000  0.000000  0.999971  0.000029
        0.000000  0.000000  0.999971  0.000029
               0         0    999971        29
energy = 9.67663 cross section =  9.646892e-01
        0.000000  0.000000  0.999967  0.000033
        0.000000  0.000000  0.999972  0.000028
               0         0    999972        28
energy = 11.612 cross section =  8.194809e-01
        0.000000  0.000000  0.999963  0.000037
        0.000000  0.000000  0.999959  0.000041
               0         0    999959        41
energy = 13.9344 cross section =  6.907796e-01
        0.000000  0.000000  0.999957  0.000043
        0.000000  0.000000  0.999965  0.000035
               0         0    999965        35
energy = 16.7212 cross section =  5.780943e-01
        0.000000  0.000000  0.999951  0.000049
        0.000000  0.000000  0.999950  0.000050
               0         0    999950        50
energy = 20.0655 cross section =  4.818783e-01
        0.000000  0.000000  0.999944  0.000056
        0.000000  0.000000  0.999935  0.000065
               0         0    999935        65
energy = 24.0786 cross section =  4.818783e-01
        0.000000  0.000000  0.999944  0.000056
        0.000000  0.000000  0.999928  0.000072
               0         0    999928        72
