label = MultiGroup_000  temperature = 0
reaction (  0) = n + O15  threshold = 15.6638
    energy = 15.6638
        productIndex    6 KE = 0.000518433
    energy = 31.3276
        productIndex    6 KE = 14.8825
    energy = 62.6552
        productIndex    6 KE = 43.5827
reaction (  1) = H1 + N15  threshold = 12.1275
    energy = 12.1275
    energy = 24.255
    energy = 48.51
    energy = 97.02
reaction (  2) = sumOfRemainingOutputChannels  threshold = 7.1619
    energy = 7.1619
    energy = 14.3238
    energy = 28.6476
        productIndex    3 KE = 5.2353
    energy = 57.2952
        productIndex    6 KE = 3.59631
        productIndex    3 KE = 2.69496
reaction (  3) = O + photon [coherent]  threshold = 0
    energy = 1e-13
        productIndex    3 KE = 1e-13
    energy = 2e-13
        productIndex    3 KE = 2e-13
    energy = 4e-13
        productIndex    3 KE = 4e-13
    energy = 8e-13
        productIndex    3 KE = 8e-13
    energy = 1.6e-12
        productIndex    3 KE = 1.6e-12
    energy = 3.2e-12
        productIndex    3 KE = 3.2e-12
    energy = 6.4e-12
        productIndex    3 KE = 6.4e-12
    energy = 1.28e-11
        productIndex    3 KE = 1.28e-11
    energy = 2.56e-11
        productIndex    3 KE = 2.56e-11
    energy = 5.12e-11
        productIndex    3 KE = 5.12e-11
    energy = 1.024e-10
        productIndex    3 KE = 1.024e-10
    energy = 2.048e-10
        productIndex    3 KE = 2.048e-10
    energy = 4.096e-10
        productIndex    3 KE = 4.096e-10
    energy = 8.192e-10
        productIndex    3 KE = 8.192e-10
    energy = 1.6384e-09
        productIndex    3 KE = 1.6384e-09
    energy = 3.2768e-09
        productIndex    3 KE = 3.2768e-09
    energy = 6.5536e-09
        productIndex    3 KE = 6.5536e-09
    energy = 1.31072e-08
        productIndex    3 KE = 1.31072e-08
    energy = 2.62144e-08
        productIndex    3 KE = 2.62144e-08
    energy = 5.24288e-08
        productIndex    3 KE = 5.24288e-08
    energy = 1.04858e-07
        productIndex    3 KE = 1.04858e-07
    energy = 2.09715e-07
        productIndex    3 KE = 2.09715e-07
    energy = 4.1943e-07
        productIndex    3 KE = 4.1943e-07
    energy = 8.38861e-07
        productIndex    3 KE = 8.38861e-07
    energy = 1.67772e-06
        productIndex    3 KE = 1.67772e-06
    energy = 3.35544e-06
        productIndex    3 KE = 3.35544e-06
    energy = 6.71089e-06
        productIndex    3 KE = 6.71089e-06
    energy = 1.34218e-05
        productIndex    3 KE = 1.34218e-05
    energy = 2.68435e-05
        productIndex    3 KE = 2.68435e-05
    energy = 5.36871e-05
        productIndex    3 KE = 5.36871e-05
    energy = 0.000107374
        productIndex    3 KE = 0.000107374
    energy = 0.000214748
        productIndex    3 KE = 0.000214748
    energy = 0.000429497
        productIndex    3 KE = 0.000429497
    energy = 0.000858993
        productIndex    3 KE = 0.000858993
    energy = 0.00171799
        productIndex    3 KE = 0.00171799
    energy = 0.00343597
        productIndex    3 KE = 0.00343597
    energy = 0.00687195
        productIndex    3 KE = 0.00687195
    energy = 0.0137439
        productIndex    3 KE = 0.0137439
    energy = 0.0274878
        productIndex    3 KE = 0.0274878
    energy = 0.0549756
        productIndex    3 KE = 0.0549756
    energy = 0.109951
        productIndex    3 KE = 0.109951
    energy = 0.219902
        productIndex    3 KE = 0.219902
    energy = 0.439805
        productIndex    3 KE = 0.439805
    energy = 0.879609
        productIndex    3 KE = 0.879609
    energy = 1.75922
        productIndex    3 KE = 1.75922
    energy = 3.51844
        productIndex    3 KE = 3.51844
    energy = 7.03687
        productIndex    3 KE = 7.03687
    energy = 14.0737
        productIndex    3 KE = 14.0737
    energy = 28.1475
        productIndex    3 KE = 28.1475
    energy = 56.295
        productIndex    3 KE = 56.295
reaction (  4) = O + photon [incoherent]  threshold = 0
    energy = 1e-13
        productIndex    3 KE = 1e-13
    energy = 2e-13
        productIndex    3 KE = 2e-13
    energy = 4e-13
        productIndex    3 KE = 4e-13
    energy = 8e-13
        productIndex    3 KE = 8e-13
    energy = 1.6e-12
        productIndex    3 KE = 1.6e-12
    energy = 3.2e-12
        productIndex    3 KE = 3.2e-12
    energy = 6.4e-12
        productIndex    3 KE = 6.4e-12
    energy = 1.28e-11
        productIndex    3 KE = 1.28e-11
    energy = 2.56e-11
        productIndex    3 KE = 2.56e-11
    energy = 5.12e-11
        productIndex    3 KE = 5.12e-11
    energy = 1.024e-10
        productIndex    3 KE = 1.024e-10
    energy = 2.048e-10
        productIndex    3 KE = 2.048e-10
    energy = 4.096e-10
        productIndex    3 KE = 4.096e-10
    energy = 8.192e-10
        productIndex    3 KE = 8.192e-10
    energy = 1.6384e-09
        productIndex    3 KE = 1.6384e-09
    energy = 3.2768e-09
        productIndex    3 KE = 3.2768e-09
    energy = 6.5536e-09
        productIndex    3 KE = 6.5536e-09
    energy = 1.31072e-08
        productIndex    3 KE = 1.31072e-08
    energy = 2.62144e-08
        productIndex    3 KE = 2.62144e-08
    energy = 5.24288e-08
        productIndex    3 KE = 5.24288e-08
    energy = 1.04858e-07
        productIndex    3 KE = 1.04858e-07
    energy = 2.09715e-07
        productIndex    3 KE = 2.09715e-07
    energy = 4.1943e-07
        productIndex    3 KE = 4.1943e-07
    energy = 8.38861e-07
        productIndex    3 KE = 8.38858e-07
    energy = 1.67772e-06
        productIndex    3 KE = 1.67771e-06
    energy = 3.35544e-06
        productIndex    3 KE = 3.35541e-06
    energy = 6.71089e-06
        productIndex    3 KE = 6.71082e-06
    energy = 1.34218e-05
        productIndex    3 KE = 1.34214e-05
    energy = 2.68435e-05
        productIndex    3 KE = 2.68408e-05
    energy = 5.36871e-05
        productIndex    3 KE = 5.36779e-05
    energy = 0.000107374
        productIndex    3 KE = 0.000107329
    energy = 0.000214748
        productIndex    3 KE = 0.000214623
    energy = 0.000429497
        productIndex    3 KE = 0.000428795
    energy = 0.000858993
        productIndex    3 KE = 0.000856165
    energy = 0.00171799
        productIndex    3 KE = 0.00171209
    energy = 0.00343597
        productIndex    3 KE = 0.00339961
    energy = 0.00687195
        productIndex    3 KE = 0.00679606
    energy = 0.0137439
        productIndex    3 KE = 0.013046
    energy = 0.0274878
        productIndex    3 KE = 0.0249372
    energy = 0.0549756
        productIndex    3 KE = 0.0475814
    energy = 0.109951
        productIndex    3 KE = 0.0922793
    energy = 0.219902
        productIndex    3 KE = 0.158197
    energy = 0.439805
        productIndex    3 KE = 0.424528
    energy = 0.879609
        productIndex    3 KE = 0.521399
    energy = 1.75922
        productIndex    3 KE = 0.324924
    energy = 3.51844
        productIndex    3 KE = 1.36725
    energy = 7.03687
        productIndex    3 KE = 0.477552
    energy = 14.0737
        productIndex    3 KE = 1.37752
    energy = 28.1475
        productIndex    3 KE = 1.43097
    energy = 56.295
        productIndex    3 KE = 2.34772
reaction (  5) = e- + O [photo-electric]  threshold = 0
    energy = 1e-13
    energy = 2e-13
    energy = 4e-13
    energy = 8e-13
    energy = 1.6e-12
    energy = 3.2e-12
    energy = 6.4e-12
    energy = 1.28e-11
    energy = 2.56e-11
    energy = 5.12e-11
    energy = 1.024e-10
    energy = 2.048e-10
    energy = 4.096e-10
    energy = 8.192e-10
    energy = 1.6384e-09
    energy = 3.2768e-09
    energy = 6.5536e-09
    energy = 1.31072e-08
    energy = 2.62144e-08
    energy = 5.24288e-08
    energy = 1.04858e-07
    energy = 2.09715e-07
    energy = 4.1943e-07
    energy = 8.38861e-07
    energy = 1.67772e-06
    energy = 3.35544e-06
    energy = 6.71089e-06
    energy = 1.34218e-05
    energy = 2.68435e-05
    energy = 5.36871e-05
    energy = 0.000107374
    energy = 0.000214748
    energy = 0.000429497
    energy = 0.000858993
    energy = 0.00171799
    energy = 0.00343597
    energy = 0.00687195
    energy = 0.0137439
    energy = 0.0274878
    energy = 0.0549756
    energy = 0.109951
    energy = 0.219902
    energy = 0.439805
    energy = 0.879609
    energy = 1.75922
    energy = 3.51844
    energy = 7.03687
    energy = 14.0737
    energy = 28.1475
    energy = 56.295
reaction (  6) = O + photon [pair production: electron field]  threshold = 1.022
    energy = 1.022
        productIndex    3 KE = 0.510999
        productIndex    3 KE = 0.510999
    energy = 2.044
        productIndex    3 KE = 0.510999
        productIndex    3 KE = 0.510999
    energy = 4.088
        productIndex    3 KE = 0.510999
        productIndex    3 KE = 0.510999
    energy = 8.176
        productIndex    3 KE = 0.510999
        productIndex    3 KE = 0.510999
    energy = 16.352
        productIndex    3 KE = 0.510999
        productIndex    3 KE = 0.510999
    energy = 32.704
        productIndex    3 KE = 0.510999
        productIndex    3 KE = 0.510999
    energy = 65.408
        productIndex    3 KE = 0.510999
        productIndex    3 KE = 0.510999
