label = MultiGroup_000  temperature = 2.586e-08
reaction (  0) = n [thermalNeutronScatteringLaw incoherent-elastic]  threshold = 0
    energy = 1e-13
        productIndex            n KE = 1e-13
    energy = 2e-13
        productIndex            n KE = 2e-13
    energy = 4e-13
        productIndex            n KE = 4e-13
    energy = 8e-13
        productIndex            n KE = 8e-13
    energy = 1.6e-12
        productIndex            n KE = 1.6e-12
    energy = 3.2e-12
        productIndex            n KE = 3.2e-12
    energy = 6.4e-12
        productIndex            n KE = 6.4e-12
    energy = 1.28e-11
        productIndex            n KE = 1.28e-11
    energy = 2.56e-11
        productIndex            n KE = 2.56e-11
    energy = 5.12e-11
        productIndex            n KE = 5.12e-11
    energy = 1.024e-10
        productIndex            n KE = 1.024e-10
    energy = 2.048e-10
        productIndex            n KE = 2.048e-10
    energy = 4.096e-10
        productIndex            n KE = 4.096e-10
    energy = 8.192e-10
        productIndex            n KE = 8.192e-10
    energy = 1.6384e-09
        productIndex            n KE = 1.6384e-09
    energy = 3.2768e-09
        productIndex            n KE = 3.2768e-09
    energy = 6.5536e-09
        productIndex            n KE = 6.5536e-09
    energy = 1.31072e-08
        productIndex            n KE = 1.31072e-08
    energy = 2.62144e-08
        productIndex            n KE = 2.62144e-08
    energy = 5.24288e-08
        productIndex            n KE = 5.24288e-08
    energy = 1.04858e-07
        productIndex            n KE = 1.04858e-07
    energy = 2.09715e-07
        productIndex            n KE = 2.09715e-07
    energy = 4.1943e-07
        productIndex            n KE = 4.1943e-07
    energy = 8.38861e-07
        productIndex            n KE = 8.38861e-07
    energy = 1.67772e-06
        productIndex            n KE = 1.67772e-06
    energy = 3.35544e-06
        productIndex            n KE = 3.35544e-06
    energy = 6.71089e-06
        productIndex            n KE = 6.71089e-06
    energy = 1.34218e-05
        productIndex            n KE = 1.34218e-05
    energy = 2.68435e-05
        productIndex            n KE = 2.68435e-05
    energy = 5.36871e-05
        productIndex            n KE = 5.36871e-05
    energy = 0.000107374
        productIndex            n KE = 0.000107374
    energy = 0.000214748
        productIndex            n KE = 0.000214748
    energy = 0.000429497
        productIndex            n KE = 0.000429497
    energy = 0.000858993
        productIndex            n KE = 0.000858993
    energy = 0.00171799
        productIndex            n KE = 0.00171799
    energy = 0.00343597
        productIndex            n KE = 0.00343597
    energy = 0.00687195
        productIndex            n KE = 0.00687195
    energy = 0.0137439
        productIndex            n KE = 0.0137439
    energy = 0.0274878
        productIndex            n KE = 0.0274878
    energy = 0.0549756
        productIndex            n KE = 0.0549756
    energy = 0.109951
        productIndex            n KE = 0.109951
    energy = 0.219902
        productIndex            n KE = 0.219902
    energy = 0.439805
        productIndex            n KE = 0.439805
    energy = 0.879609
        productIndex            n KE = 0.879609
    energy = 1.75922
        productIndex            n KE = 1.75922
    energy = 3.51844
        productIndex            n KE = 3.51844
    energy = 7.03687
        productIndex            n KE = 7.03687
    energy = 14.0737
        productIndex            n KE = 14.0737
    energy = 28.1475
        productIndex            n KE = 28.1475
    energy = 56.295
        productIndex            n KE = 56.295
reaction (  1) = n [thermalNeutronScatteringLaw incoherent-inelastic]  threshold = 0
    energy = 1e-13
        productIndex            n KE = 9.20601e-09
    energy = 2e-13
        productIndex            n KE = 2.02879e-08
    energy = 4e-13
        productIndex            n KE = 1.07931e-08
    energy = 8e-13
        productIndex            n KE = 6.02718e-08
    energy = 1.6e-12
        productIndex            n KE = 1.80593e-08
    energy = 3.2e-12
        productIndex            n KE = 2.59303e-08
    energy = 6.4e-12
        productIndex            n KE = 1.99091e-08
    energy = 1.28e-11
        productIndex            n KE = 2.83082e-08
    energy = 2.56e-11
        productIndex            n KE = 1.076e-08
    energy = 5.12e-11
        productIndex            n KE = 1.76793e-08
    energy = 1.024e-10
        productIndex            n KE = 1.13192e-08
    energy = 2.048e-10
        productIndex            n KE = 2.36967e-08
    energy = 4.096e-10
        productIndex            n KE = 4.03236e-09
    energy = 8.192e-10
        productIndex            n KE = 3.48389e-08
    energy = 1.6384e-09
        productIndex            n KE = 1.80874e-08
    energy = 3.2768e-09
        productIndex            n KE = 7.85109e-08
    energy = 6.5536e-09
        productIndex            n KE = 2.11573e-08
    energy = 1.31072e-08
        productIndex            n KE = 1.56459e-08
    energy = 2.62144e-08
        productIndex            n KE = 4.60006e-08
    energy = 5.24288e-08
        productIndex            n KE = 2.95828e-08
    energy = 1.04858e-07
        productIndex            n KE = 1.1369e-07
    energy = 2.09715e-07
        productIndex            n KE = 1.98568e-07
    energy = 4.1943e-07
        productIndex            n KE = 1.27678e-07
    energy = 8.38861e-07
        productIndex            n KE = 1.60737e-07
    energy = 1.67772e-06
        productIndex            n KE = 1.53759e-06
    energy = 3.35544e-06
        productIndex            n KE = 2.33799e-06
    energy = 6.71089e-06
        productIndex            n KE = 4.04145e-06
    energy = 1.34218e-05
        productIndex            n KE = 1.79478e-06
    energy = 2.68435e-05
        productIndex            n KE = 1.14825e-06
    energy = 5.36871e-05
        productIndex            n KE = 4.54432e-06
    energy = 0.000107374
        productIndex            n KE = 2.46894e-06
    energy = 0.000214748
        productIndex            n KE = 4.64044e-06
    energy = 0.000429497
        productIndex            n KE = 2.83003e-06
    energy = 0.000858993
        productIndex            n KE = 3.9473e-06
    energy = 0.00171799
        productIndex            n KE = 2.919e-06
    energy = 0.00343597
        productIndex            n KE = 1.21739e-06
    energy = 0.00687195
        productIndex            n KE = 3.30659e-06
    energy = 0.0137439
        productIndex            n KE = 4.27485e-06
    energy = 0.0274878
        productIndex            n KE = 4.77077e-07
    energy = 0.0549756
        productIndex            n KE = 1.57811e-06
    energy = 0.109951
        productIndex            n KE = 5.01722e-06
    energy = 0.219902
        productIndex            n KE = 2.35014e-06
    energy = 0.439805
        productIndex            n KE = 1.25591e-06
    energy = 0.879609
        productIndex            n KE = 4.5613e-06
    energy = 1.75922
        productIndex            n KE = 3.08451e-06
    energy = 3.51844
        productIndex            n KE = 2.55731e-06
    energy = 7.03687
        productIndex            n KE = 1.85854e-06
    energy = 14.0737
        productIndex            n KE = 8.25808e-07
    energy = 28.1475
        productIndex            n KE = 1.16815e-06
    energy = 56.295
        productIndex            n KE = 4.59549e-06
reaction (  2) = n + H1  threshold = 0
    energy = 1e-13
        productIndex            n KE = 6.56347e-14
    energy = 2e-13
        productIndex            n KE = 8.2353e-14
    energy = 4e-13
        productIndex            n KE = 3.13313e-13
    energy = 8e-13
        productIndex            n KE = 4.09907e-13
    energy = 1.6e-12
        productIndex            n KE = 2.32818e-13
    energy = 3.2e-12
        productIndex            n KE = 2.95232e-12
    energy = 6.4e-12
        productIndex            n KE = 2.91269e-12
    energy = 1.28e-11
        productIndex            n KE = 1.04043e-11
    energy = 2.56e-11
        productIndex            n KE = 1.91695e-11
    energy = 5.12e-11
        productIndex            n KE = 7.05997e-12
    energy = 1.024e-10
        productIndex            n KE = 8.44508e-11
    energy = 2.048e-10
        productIndex            n KE = 6.34441e-11
    energy = 4.096e-10
        productIndex            n KE = 3.60027e-10
    energy = 8.192e-10
        productIndex            n KE = 1.77893e-10
    energy = 1.6384e-09
        productIndex            n KE = 9.36172e-10
    energy = 3.2768e-09
        productIndex            n KE = 1.49745e-09
    energy = 6.5536e-09
        productIndex            n KE = 1.02645e-09
    energy = 1.31072e-08
        productIndex            n KE = 4.75727e-09
    energy = 2.62144e-08
        productIndex            n KE = 8.50155e-09
    energy = 5.24288e-08
        productIndex            n KE = 6.57278e-10
    energy = 1.04858e-07
        productIndex            n KE = 3.11385e-08
    energy = 2.09715e-07
        productIndex            n KE = 1.27325e-07
    energy = 4.1943e-07
        productIndex            n KE = 8.25737e-08
    energy = 8.38861e-07
        productIndex            n KE = 6.6766e-07
    energy = 1.67772e-06
        productIndex            n KE = 9.89114e-08
    energy = 3.35544e-06
        productIndex            n KE = 3.21053e-06
    energy = 6.71089e-06
        productIndex            n KE = 6.59309e-06
    energy = 1.34218e-05
        productIndex            n KE = 1.26029e-05
    energy = 2.68435e-05
        productIndex            n KE = 2.65352e-05
    energy = 5.36871e-05
        productIndex            n KE = 2.40771e-05
    energy = 0.000107374
        productIndex            n KE = 8.29633e-05
    energy = 0.000214748
        productIndex            n KE = 1.90196e-05
    energy = 0.000429497
        productIndex            n KE = 3.38689e-05
    energy = 0.000858993
        productIndex            n KE = 0.000191062
    energy = 0.00171799
        productIndex            n KE = 0.00144799
    energy = 0.00343597
        productIndex            n KE = 0.00335988
    energy = 0.00687195
        productIndex            n KE = 0.000198824
    energy = 0.0137439
        productIndex            n KE = 0.01026
    energy = 0.0274878
        productIndex            n KE = 0.00634866
    energy = 0.0549756
        productIndex            n KE = 0.0220369
    energy = 0.109951
        productIndex            n KE = 0.0499779
    energy = 0.219902
        productIndex            n KE = 0.2087
    energy = 0.439805
        productIndex            n KE = 0.10137
    energy = 0.879609
        productIndex            n KE = 0.143162
    energy = 1.75922
        productIndex            n KE = 0.436108
    energy = 3.51844
        productIndex            n KE = 2.82363
    energy = 7.03687
        productIndex            n KE = 6.37071
    energy = 14.0737
        productIndex            n KE = 6.27854
    energy = 28.1475
        productIndex            n KE = 12.4337
    energy = 56.295
        productIndex            n KE = 9.47839
reaction (  3) = H2 + photon  threshold = 0
    energy = 1e-13
    energy = 2e-13
    energy = 4e-13
    energy = 8e-13
    energy = 1.6e-12
    energy = 3.2e-12
    energy = 6.4e-12
    energy = 1.28e-11
    energy = 2.56e-11
    energy = 5.12e-11
    energy = 1.024e-10
    energy = 2.048e-10
    energy = 4.096e-10
    energy = 8.192e-10
    energy = 1.6384e-09
    energy = 3.2768e-09
    energy = 6.5536e-09
    energy = 1.31072e-08
    energy = 2.62144e-08
    energy = 5.24288e-08
    energy = 1.04858e-07
    energy = 2.09715e-07
    energy = 4.1943e-07
    energy = 8.38861e-07
    energy = 1.67772e-06
    energy = 3.35544e-06
    energy = 6.71089e-06
    energy = 1.34218e-05
    energy = 2.68435e-05
    energy = 5.36871e-05
    energy = 0.000107374
    energy = 0.000214748
    energy = 0.000429497
    energy = 0.000858993
    energy = 0.00171799
    energy = 0.00343597
    energy = 0.00687195
    energy = 0.0137439
    energy = 0.0274878
    energy = 0.0549756
    energy = 0.109951
    energy = 0.219902
    energy = 0.439805
    energy = 0.879609
    energy = 1.75922
    energy = 3.51844
    energy = 7.03687
    energy = 14.0737
    energy = 28.1475
    energy = 56.295
