particle info: id = U235 index = 5918 isAlias = 0 final = 5918
particle info: id = 92235 index = 9565 isAlias = 1 final = 5918 parent index = 5918
