/.../GIDI/Test/Data/MG_MC/photo-atomic/photoat-001_H_000.xml
Deposition momentum:: -1.89622289130e-02 -1.88092609536e-02 -1.85458835627e-02 -1.80717821022e-02 -1.74317735361e-02 -1.65813230300e-02 -1.54837515083e-02 -1.41835560442e-02 -1.25488664926e-02 -1.07082623944e-02 -8.45588272456e-03 -5.98536666968e-03 -3.02970219332e-03  1.63838814146e-04  3.91322160860e-03  7.91150950794e-03  1.25267451957e-02  1.80735539487e-02  2.49624186929e-02  3.25982303686e-02  4.08810225832e-02  5.00225077893e-02  5.99030010256e-02  7.04759392416e-02  8.19634782078e-02  9.40812529795e-02  1.06996554420e-01  1.20740137959e-01  1.35243581087e-01  1.50533631131e-01  1.66849235815e-01  1.83823561022e-01  2.01948999920e-01  2.21060870346e-01  2.41331221139e-01  2.62871951051e-01  2.86016246543e-01  3.10492890279e-01  3.37045224746e-01  4.08533828914e-01
