n + O16
    209  1 -1
    4  1 0
n + (O16_e1 -> O16)
    209  1 -1
    4  1 0
n + (O16_e2 -> O16)
    209  1 -1
    4  1 0
n + (O16_e3 -> O16)
    209  1 -1
    4  1 0
n + (O16_e4 -> O16)
    209  1 -1
    4  1 0
n + (O16_e5 -> O16)
    209  1 -1
    4  1 0
n + (O16_e6 -> O16)
    209  1 -1
    4  1 0
n + (O16_e7 -> O16)
    209  1 -1
    4  1 0
n + (O16 -> O16 + photon) [continuum]
    209  1 -1
    4  1 0
    1  -1 11
2n + O15 + photon
    207  1 -1
    4  2 0
    1  -1 11
n + H1 + N15 + photon
    16  1 -1
    176  1 -1
    4  1 0
    1  -1 11
H1 + N16
    16  1 -1
    178  1 -1
H1 + (N16_e1 -> N16)
    16  1 -1
    178  1 -1
H1 + (N16_e2 -> N16)
    16  1 -1
    178  1 -1
H1 + (N16_e3 -> N16)
    16  1 -1
    178  1 -1
H2 + N15
    18  1 10
    176  1 -1
H2 + (N15_e1 -> N15)
    18  1 10
    176  1 -1
H2 + (N15_e2 -> N15)
    18  1 10
    176  1 -1
H2 + (N15_e3 -> N15)
    18  1 10
    176  1 -1
H2 + (N15_e4 -> N15)
    18  1 10
    176  1 -1
H2 + (N15_e5 -> N15)
    18  1 10
    176  1 -1
H2 + (N15_e6 -> N15)
    18  1 10
    176  1 -1
H2 + (N15_e7 -> N15)
    18  1 10
    176  1 -1
H2 + (N15_e8 -> N15)
    18  1 10
    176  1 -1
H3 + N14
    20  1 -1
    174  1 -1
H3 + (N14_e1 -> N14)
    20  1 -1
    174  1 -1
H3 + (N14_e2 -> N14)
    20  1 -1
    174  1 -1
He4 + C13
    143  1 -1
    35  1 -1
He4 + (C13_e1 -> C13)
    143  1 -1
    35  1 -1
He4 + (C13_e2 -> C13)
    143  1 -1
    35  1 -1
He4 + (C13_e3 -> C13)
    143  1 -1
    35  1 -1
O17 + photon
    211  1 -1
    1  -1 11
n + He4 + C12 + photon
    141  1 -1
    35  1 -1
    4  1 0
    1  -1 11
n + 4He4 + photon
    35  4 -1
    4  1 0
    1  -1 11
2He4 + Be9 + photon
    83  1 -1
    35  2 -1
    1  -1 11
