                                  n + H1  threshold =            0  threshold =            0
                             H2 + photon  threshold =            0  threshold =            0
List of reactions:
    reaction: n + H1
    reaction: H2 + photon
temperature =  1.0e-08                          cross section deposition energy  deposition momentum  production energy      neutron gain         photon gain
    energy =            1e-12 index =      0   1.18999960e+03   5.94999699e-09      8.26745277e-02      3.71511131e+01     -1.66998990e+01      1.66998990e+01
    energy =            2e-12 index =      0   1.18999960e+03   5.94999699e-09      8.26745277e-02      3.71511131e+01     -1.66998990e+01      1.66998990e+01
    energy =            4e-12 index =      0   1.18999960e+03   5.94999699e-09      8.26745277e-02      3.71511131e+01     -1.66998990e+01      1.66998990e+01
    energy =            8e-12 index =      0   1.18999960e+03   5.94999699e-09      8.26745277e-02      3.71511131e+01     -1.66998990e+01      1.66998990e+01
    energy =          1.6e-11 index =      0   9.40962338e+02   7.52649099e-09      5.18656487e-02      2.93740744e+01     -1.32040210e+01      1.32040210e+01
    energy =          3.2e-11 index =      0   6.65490606e+02   1.06462905e-08      1.92793861e-02      2.07704401e+01     -9.33657765e+00      9.33657765e+00
    energy =          6.4e-11 index =      0   4.70722681e+02   1.50627086e-08     -1.18728434e-03      1.46856299e+01     -6.60137789e+00      6.60137789e+00
    energy =         1.28e-10 index =      0   3.33148701e+02   2.13186017e-08     -1.20388693e-02      1.03851653e+01     -4.66826422e+00      4.66826422e+00
    energy =         2.56e-10 index =      0   2.35956494e+02   3.01977697e-08     -1.45707370e-02      7.34351894e+00     -3.30100540e+00      3.30100540e+00
    energy =         5.12e-10 index =      0   1.67374286e+02   4.28450155e-08     -9.16235182e-03      5.19230518e+00     -2.33400738e+00      2.33400738e+00
    energy =        1.024e-09 index =      0   1.19115604e+02   6.09804756e-08      5.06455935e-03      3.67164509e+00     -1.65045128e+00      1.65045128e+00
    energy =        2.048e-09 index =      0   8.53207378e+01   8.73548028e-08      3.02337370e-02      2.59633611e+00     -1.16708618e+00      1.16708618e+00
    energy =        4.096e-09 index =      0   6.18113033e+01   1.26578608e-07      7.06826256e-02      1.83580347e+00     -8.25217067e-01      8.25217067e-01
    energy =        8.192e-09 index =      0   4.57851317e+01   1.87523578e-07      8.21599312e-02      1.29809487e+00     -5.83510197e-01      5.83510197e-01
    energy =       1.6384e-08 index =     96   3.51659820e+01   2.88047422e-07      9.39354906e-02      9.17944498e-01     -4.12627756e-01      4.12627756e-01
    energy =       3.2768e-08 index =    230   2.85199826e+01   4.67249107e-07      1.09116755e-01      6.49053181e-01     -2.91757681e-01      2.91757681e-01
    energy =       6.5536e-08 index =    363   2.46589009e+01   8.07934473e-07      1.35803899e-01      4.59035790e-01     -2.06342441e-01      2.06342441e-01
    energy =      1.31072e-07 index =    497   2.26005774e+01   1.48115026e-06      1.77310856e-01      3.24543395e-01     -1.45886394e-01      1.45886394e-01
    energy =      2.62144e-07 index =    631   2.15519182e+01   2.82481721e-06      2.39312795e-01      2.29483336e-01     -1.03155686e-01      1.03155686e-01
    energy =      5.24288e-07 index =    765   2.10172260e+01   5.50947842e-06      3.30262419e-01      1.62283348e-01     -7.29484342e-02      7.29484342e-02
    energy =      1.04858e-06 index =    899   2.07437847e+01   1.08756834e-05      4.61307035e-01      1.14742351e-01     -5.15781499e-02      5.15781499e-02
    energy =      2.09715e-06 index =   1032   2.06002167e+01   2.16008026e-05      6.47491530e-01      8.11506925e-02     -3.64782710e-02      3.64782710e-02
    energy =       4.1943e-06 index =   1166   2.05294667e+01   4.30533202e-05      9.11902148e-01      5.73750112e-02     -2.57907991e-02      2.57907991e-02
    energy =      8.38861e-06 index =   1300   2.04859641e+01   8.59242925e-05      1.28704505e+00      4.05735097e-02     -1.82383099e-02      1.82383099e-02
    energy =      1.67772e-05 index =   1434   2.04655379e+01   1.71677382e-04      1.81833506e+00      2.86793444e-02     -1.28917310e-02      1.28917310e-02
    energy =      3.35544e-05 index =   1567   2.04510467e+01   3.43111598e-04      2.56827899e+00      2.02776594e-02     -9.11506645e-03      9.11506645e-03
    energy =      6.71089e-05 index =   1701   2.04383288e+01   6.85796197e-04      3.62882406e+00      1.43388574e-02     -6.44549924e-03      6.44549924e-03
    energy =      0.000134218 index =   1835   2.04275936e+01   1.37087262e-03      5.12866010e+00      1.01311703e-02     -4.55409024e-03      4.55409024e-03
    energy =      0.000268435 index =   1969   2.04085690e+01   2.73919121e-03      7.24717519e+00      7.15663412e-03     -3.21699829e-03      3.21699829e-03
    energy =      0.000536871 index =   2103   2.03722483e+01   5.46861749e-03      1.02287461e+01      5.05285799e-03     -2.27132409e-03      2.27132409e-03
    energy =       0.00107374 index =   2236   2.03008263e+01   1.08989132e-02      1.44173232e+01      3.55824783e-03     -1.59947777e-03      1.59947777e-03
    energy =       0.00214748 index =   2370   2.01588491e+01   2.16452948e-02      2.02438152e+01      2.49718952e-03     -1.12251853e-03      1.12251853e-03
    energy =       0.00429497 index =   2504   1.98785240e+01   4.26886136e-02      2.82347774e+01      1.74000774e-03     -7.82155667e-04      7.82155667e-04
    energy =       0.00858993 index =   2638   1.93561907e+01   8.31345089e-02      3.88781703e+01      1.19579743e-03     -5.37526192e-04      5.37526192e-04
    energy =        0.0171799 index =   2772   1.83927877e+01   1.57673844e-01      5.20438570e+01      8.08818780e-04     -3.63574355e-04      3.63574355e-04
    energy =        0.0343597 index =   2905   1.68061900e+01   2.85105771e-01      6.63456738e+01      5.38773645e-04     -2.42185623e-04      2.42185623e-04
    energy =        0.0687195 index =   3039   1.43611679e+01   4.90718546e-01      8.11408187e+01      3.14981058e-04     -1.41588002e-04      1.41588002e-04
    energy =         0.137439 index =   3173   1.13807927e+01   7.73669814e-01      9.05734621e+01      1.82131746e-04     -8.18705421e-05      8.18705421e-05
    energy =         0.274878 index =   3307   8.37709773e+00   1.13588516e+00      9.41645211e+01      1.07438090e-04     -4.82947914e-05      4.82947914e-05
    energy =         0.549756 index =   3441   5.84766562e+00   1.60119835e+00      9.36691185e+01      7.69698699e-05     -3.45989379e-05      3.45989379e-05
    energy =          1.09951 index =   3574   4.04932231e+00   2.21800410e+00      9.17603373e+01      7.58077667e-05     -3.40765577e-05      3.40765577e-05
    energy =          2.19902 index =   3708   2.74934984e+00   3.02769954e+00      8.84595516e+01      8.23461265e-05     -3.70156338e-05      3.70156338e-05
    energy =          4.39805 index =   3842   1.77577894e+00   3.92116123e+00      8.10193212e+01      7.98609816e-05     -3.58985295e-05      3.58985295e-05
    energy =          8.79609 index =   3976   1.04411270e+00   4.63546009e+00      6.77379320e+01      7.18292263e-05     -3.22881531e-05      3.22881531e-05
    energy =          17.5922 index =   4001   5.49972170e-01   4.91425673e+00      5.07717653e+01      6.28739249e-05     -2.82626309e-05      2.82626309e-05
    energy =          35.1844 index =   4001   4.82783747e-01   4.90549087e+00      4.75323447e+01      6.05627266e-05     -2.72237178e-05      2.72237178e-05
temperature =  1.0e-06                          cross section deposition energy  deposition momentum  production energy      neutron gain         photon gain
    energy =            1e-12 index =      0   7.31185672e+03   3.65592773e-08      5.02096100e-01      3.71509286e+01     -1.66998161e+01      1.66998161e+01
    energy =            2e-12 index =      0   7.31185672e+03   3.65592773e-08      5.02096100e-01      3.71509286e+01     -1.66998161e+01      1.66998161e+01
    energy =            4e-12 index =      0   7.31185672e+03   3.65592773e-08      5.02096100e-01      3.71509286e+01     -1.66998161e+01      1.66998161e+01
    energy =            8e-12 index =      0   7.31185672e+03   3.65592773e-08      5.02096100e-01      3.71509286e+01     -1.66998161e+01      1.66998161e+01
    energy =          1.6e-11 index =      0   5.78123865e+03   4.62424775e-08      3.12774346e-01      2.93739285e+01     -1.32039554e+01      1.32039554e+01
    energy =          3.2e-11 index =      0   4.08794188e+03   6.53972799e-08      1.12540825e-01      2.07703368e+01     -9.33653123e+00      9.33653123e+00
    energy =          6.4e-11 index =      0   2.89038842e+03   9.24894400e-08     -1.31752848e-02      1.46855568e+01     -6.60134502e+00      6.60134502e+00
    energy =         1.28e-10 index =      0   2.04402531e+03   1.30799050e-07     -7.97435822e-02      1.03851134e+01     -4.66824091e+00      4.66824091e+00
    energy =         2.56e-10 index =      0   1.44542489e+03   1.84984780e-07     -9.51234118e-02      7.34348206e+00     -3.30098882e+00      3.30098882e+00
    energy =         5.12e-10 index =      0   1.02208834e+03   2.61636043e-07     -6.17969516e-02      5.19227881e+00     -2.33399553e+00      2.33399553e+00
    energy =        1.024e-09 index =      0   7.22874184e+02   3.70067956e-07      2.49321758e-02      3.67162603e+00     -1.65044272e+00      1.65044272e+00
    energy =        2.048e-09 index =      0   5.11340821e+02   5.23526922e-07      1.75478899e-01      2.59632207e+00     -1.16707987e+00      1.16707987e+00
    energy =        4.096e-09 index =      0   3.61801713e+02   7.40893256e-07      4.08164621e-01      1.83579279e+00     -8.25212267e-01      8.25212267e-01
    energy =        8.192e-09 index =      0   2.56176736e+02   1.04920828e-06      4.54439484e-01      1.29808638e+00     -5.83506377e-01      5.83506377e-01
    energy =       1.6384e-08 index =     96   1.81644988e+02   1.48779556e-06      4.80426134e-01      9.17937417e-01     -4.12624573e-01      4.12624573e-01
    energy =       3.2768e-08 index =    230   1.29131233e+02   2.11541592e-06      4.89994480e-01      6.49063670e-01     -2.91762396e-01      2.91762396e-01
    energy =       6.5536e-08 index =    363   9.22781281e+01   3.02362071e-06      5.05081427e-01      4.58930103e-01     -2.06294933e-01      2.06294933e-01
    energy =      1.31072e-07 index =    497   6.66320306e+01   4.36615418e-06      5.20490603e-01      3.24537785e-01     -1.45883872e-01      1.45883872e-01
    energy =      2.62144e-07 index =    631   4.90064723e+01   6.42257705e-06      5.42663742e-01      2.29481852e-01     -1.03155018e-01      1.03155018e-01
    energy =      5.24288e-07 index =    765   3.72405494e+01   9.76232626e-06      5.84311941e-01      1.62250537e-01     -7.29336854e-02      7.29336854e-02
    energy =      1.04858e-06 index =    899   2.97362032e+01   1.55890508e-05      6.60803170e-01      1.14739469e-01     -5.15768543e-02      5.15768543e-02
    energy =      2.09715e-06 index =   1032   2.53040503e+01   2.65282979e-05      7.94960154e-01      8.11541040e-02     -3.64798045e-02      3.64798045e-02
    energy =       4.1943e-06 index =   1166   2.29008064e+01   4.80263467e-05      1.01733870e+00      5.73636113e-02     -2.57856747e-02      2.57856747e-02
    energy =      8.38861e-06 index =   1300   2.16745140e+01   9.09067386e-05      1.36179092e+00      4.05696451e-02     -1.82365728e-02      1.82365728e-02
    energy =      1.67772e-05 index =   1434   2.10563142e+01   1.76632921e-04      1.87075016e+00      2.86843396e-02     -1.28939764e-02      1.28939764e-02
    energy =      3.35544e-05 index =   1567   2.07460396e+01   3.48059484e-04      2.60533981e+00      2.02782137e-02     -9.11531564e-03      9.11531564e-03
    energy =      6.71089e-05 index =   1701   2.05885336e+01   6.90831035e-04      3.65534817e+00      1.43382500e-02     -6.44522621e-03      6.44522621e-03
    energy =      0.000134218 index =   1835   2.05072024e+01   1.37621423e-03      5.14859946e+00      1.01312353e-02     -4.55411943e-03      4.55411943e-03
    energy =      0.000268435 index =   1969   2.04464661e+01   2.74427756e-03      7.26100381e+00      7.15621108e-03     -3.21680813e-03      3.21680813e-03
    energy =      0.000536871 index =   2103   2.03876069e+01   5.47273978e-03      1.02366284e+01      5.05259090e-03     -2.27120403e-03      2.27120403e-03
    energy =       0.00107374 index =   2236   2.03071673e+01   1.09023139e-02      1.44218238e+01      3.55820924e-03     -1.59946042e-03      1.59946042e-03
    energy =       0.00214748 index =   2370   2.01599452e+01   2.16464726e-02      2.02449163e+01      2.49716201e-03     -1.12250616e-03      1.12250616e-03
    energy =       0.00429497 index =   2504   1.98806883e+01   4.26932606e-02      2.82378511e+01      1.74000143e-03     -7.82152829e-04      7.82152829e-04
    energy =       0.00858993 index =   2638   1.93574173e+01   8.31397757e-02      3.88806336e+01      1.19579421e-03     -5.37524747e-04      5.37524747e-04
    energy =        0.0171799 index =   2772   1.83937514e+01   1.57816009e-01      5.21492457e+01      8.08593456e-04     -3.63473069e-04      3.63473069e-04
    energy =        0.0343597 index =   2905   1.68037790e+01   2.85845341e-01      6.66082029e+01      5.38600895e-04     -2.42107970e-04      2.42107970e-04
    energy =        0.0687195 index =   3039   1.43619879e+01   4.91468259e-01      8.12825471e+01      3.14930738e-04     -1.41565382e-04      1.41565382e-04
    energy =         0.137439 index =   3173   1.13826763e+01   7.75547421e-01      9.07805842e+01      1.82105889e-04     -8.18589189e-05      8.18589189e-05
    energy =         0.274878 index =   3307   8.37826008e+00   1.13828731e+00      9.43303434e+01      1.07427004e-04     -4.82898080e-05      4.82898080e-05
    energy =         0.549756 index =   3441   5.84820642e+00   1.60134472e+00      9.36777313e+01      7.69792049e-05     -3.46031342e-05      3.46031342e-05
    energy =          1.09951 index =   3574   4.04954465e+00   2.21812646e+00      9.17653875e+01      7.58085852e-05     -3.40769257e-05      3.40769257e-05
    energy =          2.19902 index =   3708   2.74941324e+00   3.02777201e+00      8.84616675e+01      8.23452625e-05     -3.70152454e-05      3.70152454e-05
    energy =          4.39805 index =   3842   1.77579591e+00   3.92120152e+00      8.10201514e+01      7.98609743e-05     -3.58985262e-05      3.58985262e-05
    energy =          8.79609 index =   3976   1.04418832e+00   4.63558508e+00      6.77417588e+01      7.18304674e-05     -3.22887110e-05      3.22887110e-05
    energy =          17.5922 index =   4001   5.50003425e-01   4.91436840e+00      5.07735058e+01      6.28753786e-05     -2.82632844e-05      2.82632844e-05
    energy =          35.1844 index =   4001   4.82837604e-01   4.90603810e+00      4.75376469e+01      6.05647914e-05     -2.72246460e-05      2.72246460e-05
temperature =  1.0e-04                          cross section deposition energy  deposition momentum  production energy      neutron gain         photon gain
    energy =            1e-12 index =      0   7.28729978e+04   3.64364926e-07      4.99382941e+00      3.71099637e+01     -1.66814018e+01      1.66814018e+01
    energy =            2e-12 index =      0   7.28729978e+04   3.64364926e-07      4.99382941e+00      3.71099637e+01     -1.66814018e+01      1.66814018e+01
    energy =            4e-12 index =      0   7.28729978e+04   3.64364926e-07      4.99382941e+00      3.71099637e+01     -1.66814018e+01      1.66814018e+01
    energy =            8e-12 index =      0   7.28729978e+04   3.64364926e-07      4.99382941e+00      3.71099637e+01     -1.66814018e+01      1.66814018e+01
    energy =          1.6e-11 index =      0   5.76181094e+04   4.60870792e-07      3.10697114e+00      2.93415390e+01     -1.31893959e+01      1.31893959e+01
    energy =          3.2e-11 index =      0   4.07418301e+04   6.51771350e-07      1.11135421e+00      2.07474342e+01     -9.32623619e+00      9.32623619e+00
    energy =          6.4e-11 index =      0   2.88062985e+04   9.21771021e-07     -1.41574374e-01      1.46693636e+01     -6.59406597e+00      6.59406597e+00
    energy =         1.28e-10 index =      0   2.03708137e+04   1.30354590e-06     -8.04992910e-01      1.03736622e+01     -4.66309342e+00      4.66309342e+00
    energy =         2.56e-10 index =      0   1.44045388e+04   1.84348435e-06     -9.58223929e-01      7.33538468e+00     -3.29734895e+00      3.29734895e+00
    energy =         5.12e-10 index =      0   1.01848748e+04   2.60714066e-06     -6.26056487e-01      5.18655348e+00     -2.33142192e+00      2.33142192e+00
    energy =        1.024e-09 index =      0   7.20206221e+03   3.68701772e-06      2.38139547e-01      3.66757747e+00     -1.64862284e+00      1.64862284e+00
    energy =        2.048e-09 index =      0   5.09282171e+03   5.21418645e-06      1.73746647e+00      2.59345920e+00     -1.16579298e+00      1.16579298e+00
    energy =        4.096e-09 index =      0   3.60102825e+03   7.37413454e-06      4.05222761e+00      1.83376853e+00     -8.24302337e-01      8.24302337e-01
    energy =        8.192e-09 index =      0   2.54631648e+03   1.04287877e-05      4.50675439e+00      1.29665503e+00     -5.82862967e-01      5.82862967e-01
    energy =       1.6384e-08 index =     96   1.80066822e+03   1.47486547e-05      4.75231052e+00      9.16925243e-01     -4.12169588e-01      4.12169588e-01
    energy =       3.2768e-08 index =    230   1.27330255e+03   2.08590486e-05      4.82145743e+00      6.48347973e-01     -2.91440681e-01      2.91440681e-01
    energy =       6.5536e-08 index =    363   9.00405645e+02   2.95029501e-05      4.91830920e+00      4.58424060e-01     -2.06067460e-01      2.06067460e-01
    energy =      1.31072e-07 index =    497   6.36871175e+02   4.17314638e-05      4.96504885e+00      3.24179931e-01     -1.45723013e-01      1.45723013e-01
    energy =      2.62144e-07 index =    631   4.50530212e+02   5.90429249e-05      4.97941634e+00      2.29228814e-01     -1.03041275e-01      1.03041275e-01
    energy =      5.24288e-07 index =    765   3.18815867e+02   8.35748592e-05      4.99362434e+00      1.62071635e-01     -7.28532667e-02      7.28532667e-02
    energy =      1.04858e-06 index =    899   2.25850551e+02   1.18393939e-04      5.01118610e+00      1.14612959e-01     -5.15199866e-02      5.15199866e-02
    energy =      2.09715e-06 index =   1032   1.60255677e+02   1.68012586e-04      5.03086007e+00      8.10444182e-02     -3.64304994e-02      3.64304994e-02
    energy =       4.1943e-06 index =   1166   1.14085383e+02   2.39246604e-04      5.06349001e+00      5.73004252e-02     -2.57572718e-02      2.57572718e-02
    energy =      8.38861e-06 index =   1300   8.17805118e+01   3.42971218e-04      5.13464180e+00      4.05189834e-02     -1.82137997e-02      1.82137997e-02
    energy =      1.67772e-05 index =   1434   5.93634478e+01   4.97900358e-04      5.27104796e+00      2.86505867e-02     -1.28788041e-02      1.28788041e-02
    energy =      3.35544e-05 index =   1567   4.40920758e+01   7.39698919e-04      5.53577810e+00      2.02548944e-02     -9.10483328e-03      9.10483328e-03
    energy =      6.71089e-05 index =   1701   3.40175434e+01   1.14136212e-03      6.03924998e+00      1.43191056e-02     -6.43662054e-03      6.43662054e-03
    energy =      0.000134218 index =   1835   2.77605835e+01   1.86277307e-03      6.96919752e+00      1.01210541e-02     -4.54954285e-03      4.54954285e-03
    energy =      0.000268435 index =   1969   2.41555654e+01   3.24170641e-03      8.57600624e+00      7.15062920e-03     -3.21429900e-03      3.21429900e-03
    energy =      0.000536871 index =   2103   2.22399544e+01   5.96976777e-03      1.11679222e+01      5.04582044e-03     -2.26816063e-03      2.26816063e-03
    energy =       0.00107374 index =   2236   2.12138647e+01   1.13885197e-02      1.50630376e+01      3.55502056e-03     -1.59802707e-03      1.59802707e-03
    energy =       0.00214748 index =   2370   2.05968892e+01   2.21157131e-02      2.06856130e+01      2.49357609e-03     -1.12089425e-03      1.12089425e-03
    energy =       0.00429497 index =   2504   2.00836318e+01   4.31277745e-02      2.85190490e+01      1.73854497e-03     -7.81498131e-04      7.81498131e-04
    energy =       0.00858993 index =   2638   1.94413066e+01   8.34994239e-02      3.90501609e+01      1.19649047e-03     -5.37837721e-04      5.37837721e-04
    energy =        0.0171799 index =   2772   1.84296409e+01   1.58308424e-01      5.23473747e+01      8.06661143e-04     -3.62604469e-04      3.62604469e-04
    energy =        0.0343597 index =   2905   1.68061162e+01   2.88736407e-01      6.75088344e+01      5.36330633e-04     -2.41087458e-04      2.41087458e-04
    energy =        0.0687195 index =   3039   1.43581759e+01   4.93356541e-01      8.15688250e+01      3.14395815e-04     -1.41324927e-04      1.41324927e-04
    energy =         0.137439 index =   3173   1.13762510e+01   7.80646332e-01      9.12752967e+01      1.81901989e-04     -8.17672635e-05      8.17672635e-05
    energy =         0.274878 index =   3307   8.37478186e+00   1.14872154e+00      9.50001202e+01      1.07368487e-04     -4.82635037e-05      4.82635037e-05
    energy =         0.549756 index =   3441   5.84687089e+00   1.60550738e+00      9.38763827e+01      7.69701072e-05     -3.45990446e-05      3.45990446e-05
    energy =          1.09951 index =   3574   4.04898134e+00   2.22767276e+00      9.20552392e+01      7.58191007e-05     -3.40816525e-05      3.40816525e-05
    energy =          2.19902 index =   3708   2.74999173e+00   3.02840586e+00      8.84801889e+01      8.23386822e-05     -3.70122875e-05      3.70122875e-05
    energy =          4.39805 index =   3842   1.77593631e+00   3.92150818e+00      8.10264906e+01      7.98612268e-05     -3.58986397e-05      3.58986397e-05
    energy =          8.79609 index =   3976   1.04422931e+00   4.63601772e+00      6.77456971e+01      7.18304539e-05     -3.22887049e-05      3.22887049e-05
    energy =          17.5922 index =   4001   5.49997353e-01   4.91451239e+00      5.07743056e+01      6.28909974e-05     -2.82703052e-05      2.82703052e-05
    energy =          35.1844 index =   4001   4.83413458e-01   4.91188927e+00      4.75943403e+01      6.05869618e-05     -2.72346119e-05      2.72346119e-05
