                   H + photon [coherent]  threshold =            0  threshold =            0
                 H + photon [incoherent]  threshold =            0  threshold =            0
e- + e-_anti + H [pair production: electron field]  threshold =        2.044  threshold =        2.044
e- + e-_anti + H [pair production: nuclear field]  threshold =        1.022  threshold =        1.022
                           e- + H{1s1/2}  threshold =            0  threshold =            0
List of reactions:
    reaction: H + photon [coherent]
    reaction: H + photon [incoherent]
    reaction: e- + e-_anti + H [pair production: electron field]
    reaction: e- + e-_anti + H [pair production: nuclear field]
    reaction: e- + H{1s1/2}
temperature =  1.0e-08                          cross section deposition energy  deposition momentum  production energy         photon gain
    energy =            1e-12 index =      0   9.98317600e-06   2.61980381e-19      9.88755337e-12      0.00000000e+00      0.00000000e+00
    energy =            2e-12 index =      0   9.98317600e-06   2.61980381e-19      9.88755337e-12      0.00000000e+00      0.00000000e+00
    energy =            4e-12 index =      0   9.98317600e-06   2.61980381e-19      9.88755337e-12      0.00000000e+00      0.00000000e+00
    energy =            8e-12 index =      0   9.98317600e-06   2.61980381e-19      9.88755337e-12      0.00000000e+00      0.00000000e+00
    energy =          1.6e-11 index =      0   9.98317600e-06   2.61980381e-19      9.88755337e-12      0.00000000e+00      0.00000000e+00
    energy =          3.2e-11 index =      0   9.98317600e-06   2.61980381e-19      9.88755337e-12      0.00000000e+00      0.00000000e+00
    energy =          6.4e-11 index =      0   9.98317600e-06   2.61980381e-19      9.88755337e-12      0.00000000e+00      0.00000000e+00
    energy =         1.28e-10 index =      0   9.98317600e-06   2.61980381e-19      9.88755337e-12      0.00000000e+00      0.00000000e+00
    energy =         2.56e-10 index =      0   9.98317600e-06   2.61980381e-19      9.88755337e-12      0.00000000e+00      0.00000000e+00
    energy =         5.12e-10 index =      0   9.98317600e-06   2.61980381e-19      9.88755337e-12      0.00000000e+00      0.00000000e+00
    energy =        1.024e-09 index =      0   9.98317600e-06   2.61980381e-19      9.88755337e-12      0.00000000e+00      0.00000000e+00
    energy =        2.048e-09 index =      0   9.98317600e-06   2.61980381e-19      9.88755337e-12      0.00000000e+00      0.00000000e+00
    energy =        4.096e-09 index =      0   9.98317600e-06   2.61980381e-19      9.88755337e-12      0.00000000e+00      0.00000000e+00
    energy =        8.192e-09 index =      0   9.98317600e-06   2.61980381e-19      9.88755337e-12      0.00000000e+00      0.00000000e+00
    energy =       1.6384e-08 index =     96   9.98317600e-06   2.61980381e-19      9.88755337e-12      0.00000000e+00      0.00000000e+00
    energy =       3.2768e-08 index =    230   9.98317600e-06   2.61980381e-19      9.88755337e-12      0.00000000e+00      0.00000000e+00
    energy =       6.5536e-08 index =    363   9.98317600e-06   2.61980381e-19      9.88755337e-12      0.00000000e+00      0.00000000e+00
    energy =      1.31072e-07 index =    497   9.98317600e-06   2.61980381e-19      9.88755337e-12      0.00000000e+00      0.00000000e+00
    energy =      2.62144e-07 index =    631   9.98317600e-06   2.61980381e-19      9.88755337e-12      0.00000000e+00      0.00000000e+00
    energy =      5.24288e-07 index =    765   9.98317600e-06   2.61980381e-19      9.88755337e-12      0.00000000e+00      0.00000000e+00
    energy =      1.04858e-06 index =    899   1.19955430e-05   3.19639509e-19      1.24903853e-11      0.00000000e+00      0.00000000e+00
    energy =      2.09715e-06 index =   1032   2.07863309e-04   5.12729306e-18      4.37303932e-10      0.00000000e+00      0.00000000e+00
    energy =       4.1943e-06 index =   1166   4.49548179e-03   8.14247272e-17      1.88602143e-08      0.00000000e+00      0.00000000e+00
    energy =      8.38861e-06 index =   1300   5.28679107e-01   1.30670506e-15      4.43671902e-06      0.00000000e+00      0.00000000e+00
    energy =      1.67772e-05 index =   1434   3.58517061e+06   6.01411534e+01      6.01411776e+01      0.00000000e+00     -3.58516916e+06
    energy =      3.35544e-05 index =   1567   5.10300397e+05   1.71215542e+01      1.71215863e+01      0.00000000e+00     -5.10299439e+05
    energy =      6.71089e-05 index =   1701   6.54322993e+04   4.39071964e+00      4.39077143e+00      0.00000000e+00     -6.54315271e+04
    energy =      0.000134218 index =   1835   7.73640679e+03   1.03818489e+00      1.03827883e+00      0.00000000e+00     -7.73570519e+03
    energy =      0.000268435 index =   1969   8.56352836e+02   2.29657167e-01      2.29836955e-01      0.00000000e+00     -8.55676258e+02
    energy =      0.000536871 index =   2103   9.03565059e+01   4.81450535e-02      4.84897751e-02      0.00000000e+00     -8.96879297e+01
    energy =       0.00107374 index =   2236   9.66131395e+00   9.65865324e-03      1.02713861e-02      0.00000000e+00     -8.99552456e+00
    energy =       0.00214748 index =   2370   1.53277378e+00   1.87735413e-03      2.71760521e-03      0.00000000e+00     -8.72748517e-01
    energy =       0.00429497 index =   2504   7.35253662e-01   3.74828213e-04      1.13078711e-03      0.00000000e+00     -8.24904824e-02
    energy =       0.00858993 index =   2638   6.46619479e-01   1.54305944e-04      1.10727793e-03      0.00000000e+00     -7.68782867e-03
    energy =        0.0171799 index =   2772   6.24037968e-01   3.49440875e-04      8.74164843e-03      0.00000000e+00     -7.06467701e-04
    energy =        0.0343597 index =   2905   5.88499226e-01   1.19407819e-03     -9.86549547e-03      0.00000000e+00     -6.45930098e-05
    energy =        0.0687195 index =   3039   5.32047101e-01   3.81780772e-03     -1.38712822e-02      0.00000000e+00     -5.93616768e-06
    energy =         0.137439 index =   3173   4.54010615e-01   1.07166689e-02     -1.80898541e-02      0.00000000e+00     -5.60397575e-07
    energy =         0.274878 index =   3307   3.64406113e-01   2.58743864e-02     -1.80980007e-02      0.00000000e+00     -5.80160250e-08
    energy =         0.549756 index =   3441   2.77487305e-01   5.42381849e-02     -7.93546245e-03      0.00000000e+00     -7.71815039e-09
    energy =          1.09951 index =   3574   2.01274244e-01   1.00370813e-01      2.00526334e-02      0.00000000e+00      4.32701318e-07
    energy =          2.19902 index =   3708   1.38657458e-01   1.65356881e-01      7.24009932e-02      0.00000000e+00      2.38807441e-04
    energy =          4.39805 index =   3842   9.12779274e-02   2.48129067e-01      1.51468677e-01      0.00000000e+00      1.15893389e-03
    energy =          8.79609 index =   3976   5.88125411e-02   3.54267699e-01      2.61737207e-01      0.00000000e+00      2.91241144e-03
    energy =          17.5922 index =   4001   3.85619052e-02   5.08403616e-01      4.24540554e-01      0.00000000e+00      5.19189709e-03
    energy =          35.1844 index =   4001   2.70768522e-02   7.77493980e-01      7.04123527e-01      0.00000000e+00      7.71988959e-03
temperature =  1.0e-06                          cross section deposition energy  deposition momentum  production energy         photon gain
    energy =            1e-12 index =      0   9.98317600e-06   2.61980381e-19      9.88755337e-12      0.00000000e+00      0.00000000e+00
    energy =            2e-12 index =      0   9.98317600e-06   2.61980381e-19      9.88755337e-12      0.00000000e+00      0.00000000e+00
    energy =            4e-12 index =      0   9.98317600e-06   2.61980381e-19      9.88755337e-12      0.00000000e+00      0.00000000e+00
    energy =            8e-12 index =      0   9.98317600e-06   2.61980381e-19      9.88755337e-12      0.00000000e+00      0.00000000e+00
    energy =          1.6e-11 index =      0   9.98317600e-06   2.61980381e-19      9.88755337e-12      0.00000000e+00      0.00000000e+00
    energy =          3.2e-11 index =      0   9.98317600e-06   2.61980381e-19      9.88755337e-12      0.00000000e+00      0.00000000e+00
    energy =          6.4e-11 index =      0   9.98317600e-06   2.61980381e-19      9.88755337e-12      0.00000000e+00      0.00000000e+00
    energy =         1.28e-10 index =      0   9.98317600e-06   2.61980381e-19      9.88755337e-12      0.00000000e+00      0.00000000e+00
    energy =         2.56e-10 index =      0   9.98317600e-06   2.61980381e-19      9.88755337e-12      0.00000000e+00      0.00000000e+00
    energy =         5.12e-10 index =      0   9.98317600e-06   2.61980381e-19      9.88755337e-12      0.00000000e+00      0.00000000e+00
    energy =        1.024e-09 index =      0   9.98317600e-06   2.61980381e-19      9.88755337e-12      0.00000000e+00      0.00000000e+00
    energy =        2.048e-09 index =      0   9.98317600e-06   2.61980381e-19      9.88755337e-12      0.00000000e+00      0.00000000e+00
    energy =        4.096e-09 index =      0   9.98317600e-06   2.61980381e-19      9.88755337e-12      0.00000000e+00      0.00000000e+00
    energy =        8.192e-09 index =      0   9.98317600e-06   2.61980381e-19      9.88755337e-12      0.00000000e+00      0.00000000e+00
    energy =       1.6384e-08 index =     96   9.98317600e-06   2.61980381e-19      9.88755337e-12      0.00000000e+00      0.00000000e+00
    energy =       3.2768e-08 index =    230   9.98317600e-06   2.61980381e-19      9.88755337e-12      0.00000000e+00      0.00000000e+00
    energy =       6.5536e-08 index =    363   9.98317600e-06   2.61980381e-19      9.88755337e-12      0.00000000e+00      0.00000000e+00
    energy =      1.31072e-07 index =    497   9.98317600e-06   2.61980381e-19      9.88755337e-12      0.00000000e+00      0.00000000e+00
    energy =      2.62144e-07 index =    631   9.98317600e-06   2.61980381e-19      9.88755337e-12      0.00000000e+00      0.00000000e+00
    energy =      5.24288e-07 index =    765   9.98317600e-06   2.61980381e-19      9.88755337e-12      0.00000000e+00      0.00000000e+00
    energy =      1.04858e-06 index =    899   1.19955430e-05   3.19639509e-19      1.24903853e-11      0.00000000e+00      0.00000000e+00
    energy =      2.09715e-06 index =   1032   2.07863309e-04   5.12729306e-18      4.37303932e-10      0.00000000e+00      0.00000000e+00
    energy =       4.1943e-06 index =   1166   4.49548179e-03   8.14247272e-17      1.88602143e-08      0.00000000e+00      0.00000000e+00
    energy =      8.38861e-06 index =   1300   5.28679107e-01   1.30670506e-15      4.43671902e-06      0.00000000e+00      0.00000000e+00
    energy =      1.67772e-05 index =   1434   3.58517061e+06   6.01411534e+01      6.01411776e+01      0.00000000e+00     -3.58516916e+06
    energy =      3.35544e-05 index =   1567   5.10300397e+05   1.71215542e+01      1.71215863e+01      0.00000000e+00     -5.10299439e+05
    energy =      6.71089e-05 index =   1701   6.54322993e+04   4.39071964e+00      4.39077143e+00      0.00000000e+00     -6.54315271e+04
    energy =      0.000134218 index =   1835   7.73640679e+03   1.03818489e+00      1.03827883e+00      0.00000000e+00     -7.73570519e+03
    energy =      0.000268435 index =   1969   8.56352836e+02   2.29657167e-01      2.29836955e-01      0.00000000e+00     -8.55676258e+02
    energy =      0.000536871 index =   2103   9.03565059e+01   4.81450535e-02      4.84897751e-02      0.00000000e+00     -8.96879297e+01
    energy =       0.00107374 index =   2236   9.66131395e+00   9.65865324e-03      1.02713861e-02      0.00000000e+00     -8.99552456e+00
    energy =       0.00214748 index =   2370   1.53277378e+00   1.87735413e-03      2.71760521e-03      0.00000000e+00     -8.72748517e-01
    energy =       0.00429497 index =   2504   7.35253662e-01   3.74828213e-04      1.13078711e-03      0.00000000e+00     -8.24904824e-02
    energy =       0.00858993 index =   2638   6.46619479e-01   1.54305944e-04      1.10727793e-03      0.00000000e+00     -7.68782867e-03
    energy =        0.0171799 index =   2772   6.24037968e-01   3.49440875e-04      8.74164843e-03      0.00000000e+00     -7.06467701e-04
    energy =        0.0343597 index =   2905   5.88499226e-01   1.19407819e-03     -9.86549547e-03      0.00000000e+00     -6.45930098e-05
    energy =        0.0687195 index =   3039   5.32047101e-01   3.81780772e-03     -1.38712822e-02      0.00000000e+00     -5.93616768e-06
    energy =         0.137439 index =   3173   4.54010615e-01   1.07166689e-02     -1.80898541e-02      0.00000000e+00     -5.60397575e-07
    energy =         0.274878 index =   3307   3.64406113e-01   2.58743864e-02     -1.80980007e-02      0.00000000e+00     -5.80160250e-08
    energy =         0.549756 index =   3441   2.77487305e-01   5.42381849e-02     -7.93546245e-03      0.00000000e+00     -7.71815039e-09
    energy =          1.09951 index =   3574   2.01274244e-01   1.00370813e-01      2.00526334e-02      0.00000000e+00      4.32701318e-07
    energy =          2.19902 index =   3708   1.38657458e-01   1.65356881e-01      7.24009932e-02      0.00000000e+00      2.38807441e-04
    energy =          4.39805 index =   3842   9.12779274e-02   2.48129067e-01      1.51468677e-01      0.00000000e+00      1.15893389e-03
    energy =          8.79609 index =   3976   5.88125411e-02   3.54267699e-01      2.61737207e-01      0.00000000e+00      2.91241144e-03
    energy =          17.5922 index =   4001   3.85619052e-02   5.08403616e-01      4.24540554e-01      0.00000000e+00      5.19189709e-03
    energy =          35.1844 index =   4001   2.70768522e-02   7.77493980e-01      7.04123527e-01      0.00000000e+00      7.71988959e-03
temperature =  1.0e-04                          cross section deposition energy  deposition momentum  production energy         photon gain
    energy =            1e-12 index =      0   9.98317600e-06   2.61980381e-19      9.88755337e-12      0.00000000e+00      0.00000000e+00
    energy =            2e-12 index =      0   9.98317600e-06   2.61980381e-19      9.88755337e-12      0.00000000e+00      0.00000000e+00
    energy =            4e-12 index =      0   9.98317600e-06   2.61980381e-19      9.88755337e-12      0.00000000e+00      0.00000000e+00
    energy =            8e-12 index =      0   9.98317600e-06   2.61980381e-19      9.88755337e-12      0.00000000e+00      0.00000000e+00
    energy =          1.6e-11 index =      0   9.98317600e-06   2.61980381e-19      9.88755337e-12      0.00000000e+00      0.00000000e+00
    energy =          3.2e-11 index =      0   9.98317600e-06   2.61980381e-19      9.88755337e-12      0.00000000e+00      0.00000000e+00
    energy =          6.4e-11 index =      0   9.98317600e-06   2.61980381e-19      9.88755337e-12      0.00000000e+00      0.00000000e+00
    energy =         1.28e-10 index =      0   9.98317600e-06   2.61980381e-19      9.88755337e-12      0.00000000e+00      0.00000000e+00
    energy =         2.56e-10 index =      0   9.98317600e-06   2.61980381e-19      9.88755337e-12      0.00000000e+00      0.00000000e+00
    energy =         5.12e-10 index =      0   9.98317600e-06   2.61980381e-19      9.88755337e-12      0.00000000e+00      0.00000000e+00
    energy =        1.024e-09 index =      0   9.98317600e-06   2.61980381e-19      9.88755337e-12      0.00000000e+00      0.00000000e+00
    energy =        2.048e-09 index =      0   9.98317600e-06   2.61980381e-19      9.88755337e-12      0.00000000e+00      0.00000000e+00
    energy =        4.096e-09 index =      0   9.98317600e-06   2.61980381e-19      9.88755337e-12      0.00000000e+00      0.00000000e+00
    energy =        8.192e-09 index =      0   9.98317600e-06   2.61980381e-19      9.88755337e-12      0.00000000e+00      0.00000000e+00
    energy =       1.6384e-08 index =     96   9.98317600e-06   2.61980381e-19      9.88755337e-12      0.00000000e+00      0.00000000e+00
    energy =       3.2768e-08 index =    230   9.98317600e-06   2.61980381e-19      9.88755337e-12      0.00000000e+00      0.00000000e+00
    energy =       6.5536e-08 index =    363   9.98317600e-06   2.61980381e-19      9.88755337e-12      0.00000000e+00      0.00000000e+00
    energy =      1.31072e-07 index =    497   9.98317600e-06   2.61980381e-19      9.88755337e-12      0.00000000e+00      0.00000000e+00
    energy =      2.62144e-07 index =    631   9.98317600e-06   2.61980381e-19      9.88755337e-12      0.00000000e+00      0.00000000e+00
    energy =      5.24288e-07 index =    765   9.98317600e-06   2.61980381e-19      9.88755337e-12      0.00000000e+00      0.00000000e+00
    energy =      1.04858e-06 index =    899   1.19955430e-05   3.19639509e-19      1.24903853e-11      0.00000000e+00      0.00000000e+00
    energy =      2.09715e-06 index =   1032   2.07863309e-04   5.12729306e-18      4.37303932e-10      0.00000000e+00      0.00000000e+00
    energy =       4.1943e-06 index =   1166   4.49548179e-03   8.14247272e-17      1.88602143e-08      0.00000000e+00      0.00000000e+00
    energy =      8.38861e-06 index =   1300   5.28679107e-01   1.30670506e-15      4.43671902e-06      0.00000000e+00      0.00000000e+00
    energy =      1.67772e-05 index =   1434   3.58517061e+06   6.01411534e+01      6.01411776e+01      0.00000000e+00     -3.58516916e+06
    energy =      3.35544e-05 index =   1567   5.10300397e+05   1.71215542e+01      1.71215863e+01      0.00000000e+00     -5.10299439e+05
    energy =      6.71089e-05 index =   1701   6.54322993e+04   4.39071964e+00      4.39077143e+00      0.00000000e+00     -6.54315271e+04
    energy =      0.000134218 index =   1835   7.73640679e+03   1.03818489e+00      1.03827883e+00      0.00000000e+00     -7.73570519e+03
    energy =      0.000268435 index =   1969   8.56352836e+02   2.29657167e-01      2.29836955e-01      0.00000000e+00     -8.55676258e+02
    energy =      0.000536871 index =   2103   9.03565059e+01   4.81450535e-02      4.84897751e-02      0.00000000e+00     -8.96879297e+01
    energy =       0.00107374 index =   2236   9.66131395e+00   9.65865324e-03      1.02713861e-02      0.00000000e+00     -8.99552456e+00
    energy =       0.00214748 index =   2370   1.53277378e+00   1.87735413e-03      2.71760521e-03      0.00000000e+00     -8.72748517e-01
    energy =       0.00429497 index =   2504   7.35253662e-01   3.74828213e-04      1.13078711e-03      0.00000000e+00     -8.24904824e-02
    energy =       0.00858993 index =   2638   6.46619479e-01   1.54305944e-04      1.10727793e-03      0.00000000e+00     -7.68782867e-03
    energy =        0.0171799 index =   2772   6.24037968e-01   3.49440875e-04      8.74164843e-03      0.00000000e+00     -7.06467701e-04
    energy =        0.0343597 index =   2905   5.88499226e-01   1.19407819e-03     -9.86549547e-03      0.00000000e+00     -6.45930098e-05
    energy =        0.0687195 index =   3039   5.32047101e-01   3.81780772e-03     -1.38712822e-02      0.00000000e+00     -5.93616768e-06
    energy =         0.137439 index =   3173   4.54010615e-01   1.07166689e-02     -1.80898541e-02      0.00000000e+00     -5.60397575e-07
    energy =         0.274878 index =   3307   3.64406113e-01   2.58743864e-02     -1.80980007e-02      0.00000000e+00     -5.80160250e-08
    energy =         0.549756 index =   3441   2.77487305e-01   5.42381849e-02     -7.93546245e-03      0.00000000e+00     -7.71815039e-09
    energy =          1.09951 index =   3574   2.01274244e-01   1.00370813e-01      2.00526334e-02      0.00000000e+00      4.32701318e-07
    energy =          2.19902 index =   3708   1.38657458e-01   1.65356881e-01      7.24009932e-02      0.00000000e+00      2.38807441e-04
    energy =          4.39805 index =   3842   9.12779274e-02   2.48129067e-01      1.51468677e-01      0.00000000e+00      1.15893389e-03
    energy =          8.79609 index =   3976   5.88125411e-02   3.54267699e-01      2.61737207e-01      0.00000000e+00      2.91241144e-03
    energy =          17.5922 index =   4001   3.85619052e-02   5.08403616e-01      4.24540554e-01      0.00000000e+00      5.19189709e-03
    energy =          35.1844 index =   4001   2.70768522e-02   7.77493980e-01      7.04123527e-01      0.00000000e+00      7.71988959e-03
