XLink to split is '/'
    ''
XLink to split is './'
    '.'
XLink to split is '../'
    '..'
XLink to split is '/This/Is/An/Example/Of/A/Full/Path'
    '', 'This', 'Is', 'An', 'Example', 'Of', 'A', 'Full', 'Path'
XLink to split is '/this///is/an/example//of/a/full/path'
    '', 'this', 'is', 'an', 'example', 'of', 'a', 'full', 'path'
XLink to split is './This/Is/An/Example/Of/A/relative/Path'
    '.', 'This', 'Is', 'An', 'Example', 'Of', 'A', 'relative', 'Path'
XLink to split is './//this/is/an/example///of/a//relative/path'
    '.', 'this', 'is', 'an', 'example', 'of', 'a', 'relative', 'path'
XLink to split is '../This/Is/An/Example/Of/A/Path/Relative/To/Parent/Directory'
    '..', 'This', 'Is', 'An', 'Example', 'Of', 'A', 'Path', 'Relative', 'To', 'Parent', 'Directory'
XLink to split is '..///this/is/an//example/of/a/path///relative/to/parent/directory'
    '..', 'this', 'is', 'an', 'example', 'of', 'a', 'path', 'relative', 'to', 'parent', 'directory'
XLink to split is '../../../This/Is/An/Example/Of/A/Path/Relative/To/Parent/Directory/Three/Up'
    '..', '..', '..', 'This', 'Is', 'An', 'Example', 'Of', 'A', 'Path', 'Relative', 'To', 'Parent', 'Directory', 'Three', 'Up'
