numberOfSamples = 1000000
label = heated_000  temperature = 0
Reaction info
                                                 threshold   threshold  offset
    0                    O + photon [coherent]           0           0       0
    1                  O + photon [incoherent]           0           0       0
    2                  e- + O [photo-electric]           0           0       0
    3 O + photon [pair production: electron field]       1.022       1.022      17
Group boundaries
  index    boundary  cross section      augmented    per-cent
                                    cross section      change
      0      0.1978    3.241584074    3.241584074           0  0  0  0
      1      0.2176    3.134655164    3.134655164           0
      2      0.2394    3.031526266    3.031526266           0
      3      0.2633    2.926886237    2.926886237           0
      4      0.2897    2.825673933    2.825673933           0
      5      0.3186    2.724640805    2.724640805           0
      6      0.3505    2.624876901    2.624876901           0
      7      0.3855    2.527913489    2.527913489           0
      8      0.4241    2.431025332    2.431025332           0
      9      0.4665    2.337642131    2.337642131           0
     10      0.5132    2.244558943    2.244558943           0
     11      0.5645    2.154061298    2.154061298           0
     12      0.6209    2.065658668    2.065658668           0
     13       0.683    1.978076204    1.978076204           0
     14      0.7513    1.893854913    1.893854913           0
     15      0.8264    1.810084808    1.810084808           0
     16      0.9091    1.729377882    1.729377882           0
     17           1     1.64076829    1.640774354     0.00037  6.064186e-06
     18       1.125    1.546455421    1.546455421           0
     19       1.266    1.455887252    1.455887252           0
     20       1.424    1.369832032    1.369832032           0
     21       1.602    1.287713431    1.287713431           0
     22       1.802    1.210346607    1.210346607           0
     23       2.027     1.13673756     1.13673756           0
     24       2.281     1.06784058     1.06784058           0
     25       2.566    1.002872326    1.002872326           0
     26       2.887   0.9427000775   0.9427000775           0
     27       3.247   0.8863394266   0.8863394266           0
     28       3.653   0.8344805766   0.8344805766           0
     29        4.11   0.7862044839   0.7862044839           0
     30       4.624   0.7425173046   0.7425173046           0
     31       5.202   0.7020964109   0.7020964109           0
     32       5.852   0.6660202174   0.6660202174           0
     33       6.583    0.633072046    0.633072046           0
     34       7.406   0.6037651262   0.6037651262           0
     35       8.332   0.5775156224   0.5775156224           0
     36       9.373   0.5543896762   0.5543896762           0
     37       10.55   0.5339180627   0.5339180627           0
     38       11.86   0.5162703052   0.5162703052           0
     39       13.35   0.4853136695   0.4853136695           0
     40          20   0.4853136695   0.4853136695           0
temperature = 2.58522e-08
energy =           1e-12  group index =    0
      crossSection =  3.241584074  crossSectionAugmented =  3.241584074 ratio = 1
        0.011807  0.985817  0.002376  0.000000
        0.011807  0.985817  0.002376  0.000000
        0.011654  0.986008  0.002338  0.000000  0.000000  0.000000
           11654    986008      2338         0         0         0
energy =           2e-12  group index =    0
      crossSection =  3.241584074  crossSectionAugmented =  3.241584074 ratio = 1
        0.011807  0.985817  0.002376  0.000000
        0.011807  0.985817  0.002376  0.000000
        0.011943  0.985646  0.002411  0.000000  0.000000  0.000000
           11943    985646      2411         0         0         0
energy =           4e-12  group index =    0
      crossSection =  3.241584074  crossSectionAugmented =  3.241584074 ratio = 1
        0.011807  0.985817  0.002376  0.000000
        0.011807  0.985817  0.002376  0.000000
        0.011905  0.985780  0.002315  0.000000  0.000000  0.000000
           11905    985780      2315         0         0         0
energy =           8e-12  group index =    0
      crossSection =  3.241584074  crossSectionAugmented =  3.241584074 ratio = 1
        0.011807  0.985817  0.002376  0.000000
        0.011807  0.985817  0.002376  0.000000
        0.011871  0.985807  0.002322  0.000000  0.000000  0.000000
           11871    985807      2322         0         0         0
energy =         1.6e-11  group index =    0
      crossSection =  3.241584074  crossSectionAugmented =  3.241584074 ratio = 1
        0.011807  0.985817  0.002376  0.000000
        0.011807  0.985817  0.002376  0.000000
        0.011729  0.985944  0.002327  0.000000  0.000000  0.000000
           11729    985944      2327         0         0         0
energy =         3.2e-11  group index =    0
      crossSection =  3.241584074  crossSectionAugmented =  3.241584074 ratio = 1
        0.011807  0.985817  0.002376  0.000000
        0.011807  0.985817  0.002376  0.000000
        0.011709  0.985889  0.002402  0.000000  0.000000  0.000000
           11709    985889      2402         0         0         0
energy =         6.4e-11  group index =    0
      crossSection =  3.241584074  crossSectionAugmented =  3.241584074 ratio = 1
        0.011807  0.985817  0.002376  0.000000
        0.011807  0.985817  0.002376  0.000000
        0.011701  0.985961  0.002338  0.000000  0.000000  0.000000
           11701    985961      2338         0         0         0
energy =        1.28e-10  group index =    0
      crossSection =  3.241584074  crossSectionAugmented =  3.241584074 ratio = 1
        0.011807  0.985817  0.002376  0.000000
        0.011807  0.985817  0.002376  0.000000
        0.011799  0.985744  0.002457  0.000000  0.000000  0.000000
           11799    985744      2457         0         0         0
energy =        2.56e-10  group index =    0
      crossSection =  3.241584074  crossSectionAugmented =  3.241584074 ratio = 1
        0.011807  0.985817  0.002376  0.000000
        0.011807  0.985817  0.002376  0.000000
        0.011867  0.985719  0.002414  0.000000  0.000000  0.000000
           11867    985719      2414         0         0         0
energy =        5.12e-10  group index =    0
      crossSection =  3.241584074  crossSectionAugmented =  3.241584074 ratio = 1
        0.011807  0.985817  0.002376  0.000000
        0.011807  0.985817  0.002376  0.000000
        0.011889  0.985720  0.002391  0.000000  0.000000  0.000000
           11889    985720      2391         0         0         0
energy =       1.024e-09  group index =    0
      crossSection =  3.241584074  crossSectionAugmented =  3.241584074 ratio = 1
        0.011807  0.985817  0.002376  0.000000
        0.011807  0.985817  0.002376  0.000000
        0.011914  0.985683  0.002403  0.000000  0.000000  0.000000
           11914    985683      2403         0         0         0
energy =       2.048e-09  group index =    0
      crossSection =  3.241584074  crossSectionAugmented =  3.241584074 ratio = 1
        0.011807  0.985817  0.002376  0.000000
        0.011807  0.985817  0.002376  0.000000
        0.011689  0.986023  0.002288  0.000000  0.000000  0.000000
           11689    986023      2288         0         0         0
energy =       4.096e-09  group index =    0
      crossSection =  3.241584074  crossSectionAugmented =  3.241584074 ratio = 1
        0.011807  0.985817  0.002376  0.000000
        0.011807  0.985817  0.002376  0.000000
        0.012021  0.985610  0.002369  0.000000  0.000000  0.000000
           12021    985610      2369         0         0         0
energy =       8.192e-09  group index =    0
      crossSection =  3.241584074  crossSectionAugmented =  3.241584074 ratio = 1
        0.011807  0.985817  0.002376  0.000000
        0.011807  0.985817  0.002376  0.000000
        0.011996  0.985637  0.002367  0.000000  0.000000  0.000000
           11996    985637      2367         0         0         0
energy =      1.6384e-08  group index =    0
      crossSection =  3.241584074  crossSectionAugmented =  3.241584074 ratio = 1
        0.011807  0.985817  0.002376  0.000000
        0.011807  0.985817  0.002376  0.000000
        0.011741  0.985869  0.002390  0.000000  0.000000  0.000000
           11741    985869      2390         0         0         0
energy =      3.2768e-08  group index =    0
      crossSection =  3.241584074  crossSectionAugmented =  3.241584074 ratio = 1
        0.011807  0.985817  0.002376  0.000000
        0.011807  0.985817  0.002376  0.000000
        0.011719  0.985982  0.002299  0.000000  0.000000  0.000000
           11719    985982      2299         0         0         0
energy =      6.5536e-08  group index =    0
      crossSection =  3.241584074  crossSectionAugmented =  3.241584074 ratio = 1
        0.011807  0.985817  0.002376  0.000000
        0.011807  0.985817  0.002376  0.000000
        0.011704  0.986001  0.002295  0.000000  0.000000  0.000000
           11704    986001      2295         0         0         0
energy =     1.31072e-07  group index =    0
      crossSection =  3.241584074  crossSectionAugmented =  3.241584074 ratio = 1
        0.011807  0.985817  0.002376  0.000000
        0.011807  0.985817  0.002376  0.000000
        0.011955  0.985688  0.002357  0.000000  0.000000  0.000000
           11955    985688      2357         0         0         0
energy =     2.62144e-07  group index =    0
      crossSection =  3.241584074  crossSectionAugmented =  3.241584074 ratio = 1
        0.011807  0.985817  0.002376  0.000000
        0.011807  0.985817  0.002376  0.000000
        0.011753  0.985890  0.002357  0.000000  0.000000  0.000000
           11753    985890      2357         0         0         0
energy =     5.24288e-07  group index =    0
      crossSection =  3.241584074  crossSectionAugmented =  3.241584074 ratio = 1
        0.011807  0.985817  0.002376  0.000000
        0.011807  0.985817  0.002376  0.000000
        0.011728  0.985908  0.002364  0.000000  0.000000  0.000000
           11728    985908      2364         0         0         0
energy =    1.048576e-06  group index =    0
      crossSection =  3.241584074  crossSectionAugmented =  3.241584074 ratio = 1
        0.011807  0.985817  0.002376  0.000000
        0.011807  0.985817  0.002376  0.000000
        0.011997  0.985551  0.002452  0.000000  0.000000  0.000000
           11997    985551      2452         0         0         0
energy =    2.097152e-06  group index =    0
      crossSection =  3.241584074  crossSectionAugmented =  3.241584074 ratio = 1
        0.011807  0.985817  0.002376  0.000000
        0.011807  0.985817  0.002376  0.000000
        0.011668  0.985866  0.002466  0.000000  0.000000  0.000000
           11668    985866      2466         0         0         0
energy =    4.194304e-06  group index =    0
      crossSection =  3.241584074  crossSectionAugmented =  3.241584074 ratio = 1
        0.011807  0.985817  0.002376  0.000000
        0.011807  0.985817  0.002376  0.000000
        0.011673  0.985964  0.002363  0.000000  0.000000  0.000000
           11673    985964      2363         0         0         0
energy =    8.388608e-06  group index =    0
      crossSection =  3.241584074  crossSectionAugmented =  3.241584074 ratio = 1
        0.011807  0.985817  0.002376  0.000000
        0.011807  0.985817  0.002376  0.000000
        0.011695  0.985946  0.002359  0.000000  0.000000  0.000000
           11695    985946      2359         0         0         0
energy =   1.6777216e-05  group index =    0
      crossSection =  3.241584074  crossSectionAugmented =  3.241584074 ratio = 1
        0.011807  0.985817  0.002376  0.000000
        0.011807  0.985817  0.002376  0.000000
        0.011861  0.985782  0.002357  0.000000  0.000000  0.000000
           11861    985782      2357         0         0         0
energy =   3.3554432e-05  group index =    0
      crossSection =  3.241584074  crossSectionAugmented =  3.241584074 ratio = 1
        0.011807  0.985817  0.002376  0.000000
        0.011807  0.985817  0.002376  0.000000
        0.011713  0.985977  0.002310  0.000000  0.000000  0.000000
           11713    985977      2310         0         0         0
energy =   6.7108864e-05  group index =    0
      crossSection =  3.241584074  crossSectionAugmented =  3.241584074 ratio = 1
        0.011807  0.985817  0.002376  0.000000
        0.011807  0.985817  0.002376  0.000000
        0.011870  0.985783  0.002347  0.000000  0.000000  0.000000
           11870    985783      2347         0         0         0
energy =  0.000134217728  group index =    0
      crossSection =  3.241584074  crossSectionAugmented =  3.241584074 ratio = 1
        0.011807  0.985817  0.002376  0.000000
        0.011807  0.985817  0.002376  0.000000
        0.011764  0.985899  0.002337  0.000000  0.000000  0.000000
           11764    985899      2337         0         0         0
energy =  0.000268435456  group index =    0
      crossSection =  3.241584074  crossSectionAugmented =  3.241584074 ratio = 1
        0.011807  0.985817  0.002376  0.000000
        0.011807  0.985817  0.002376  0.000000
        0.012063  0.985590  0.002347  0.000000  0.000000  0.000000
           12063    985590      2347         0         0         0
energy =  0.000536870912  group index =    0
      crossSection =  3.241584074  crossSectionAugmented =  3.241584074 ratio = 1
        0.011807  0.985817  0.002376  0.000000
        0.011807  0.985817  0.002376  0.000000
        0.011891  0.985753  0.002356  0.000000  0.000000  0.000000
           11891    985753      2356         0         0         0
energy =  0.001073741824  group index =    0
      crossSection =  3.241584074  crossSectionAugmented =  3.241584074 ratio = 1
        0.011807  0.985817  0.002376  0.000000
        0.011807  0.985817  0.002376  0.000000
        0.011805  0.985879  0.002316  0.000000  0.000000  0.000000
           11805    985879      2316         0         0         0
energy =  0.002147483648  group index =    0
      crossSection =  3.241584074  crossSectionAugmented =  3.241584074 ratio = 1
        0.011807  0.985817  0.002376  0.000000
        0.011807  0.985817  0.002376  0.000000
        0.011980  0.985643  0.002377  0.000000  0.000000  0.000000
           11980    985643      2377         0         0         0
energy =  0.004294967296  group index =    0
      crossSection =  3.241584074  crossSectionAugmented =  3.241584074 ratio = 1
        0.011807  0.985817  0.002376  0.000000
        0.011807  0.985817  0.002376  0.000000
        0.011748  0.985929  0.002323  0.000000  0.000000  0.000000
           11748    985929      2323         0         0         0
energy =  0.008589934592  group index =    0
      crossSection =  3.241584074  crossSectionAugmented =  3.241584074 ratio = 1
        0.011807  0.985817  0.002376  0.000000
        0.011807  0.985817  0.002376  0.000000
        0.011892  0.985765  0.002343  0.000000  0.000000  0.000000
           11892    985765      2343         0         0         0
energy =   0.01717986918  group index =    0
      crossSection =  3.241584074  crossSectionAugmented =  3.241584074 ratio = 1
        0.011807  0.985817  0.002376  0.000000
        0.011807  0.985817  0.002376  0.000000
        0.011634  0.986046  0.002320  0.000000  0.000000  0.000000
           11634    986046      2320         0         0         0
energy =   0.03435973837  group index =    0
      crossSection =  3.241584074  crossSectionAugmented =  3.241584074 ratio = 1
        0.011807  0.985817  0.002376  0.000000
        0.011807  0.985817  0.002376  0.000000
        0.011820  0.985826  0.002354  0.000000  0.000000  0.000000
           11820    985826      2354         0         0         0
energy =   0.06871947674  group index =    0
      crossSection =  3.241584074  crossSectionAugmented =  3.241584074 ratio = 1
        0.011807  0.985817  0.002376  0.000000
        0.011807  0.985817  0.002376  0.000000
        0.011838  0.985735  0.002427  0.000000  0.000000  0.000000
           11838    985735      2427         0         0         0
energy =    0.1374389535  group index =    0
      crossSection =  3.241584074  crossSectionAugmented =  3.241584074 ratio = 1
        0.011807  0.985817  0.002376  0.000000
        0.011807  0.985817  0.002376  0.000000
        0.011774  0.985868  0.002358  0.000000  0.000000  0.000000
           11774    985868      2358         0         0         0
energy =    0.2748779069  group index =    3
      crossSection =  2.926886237  crossSectionAugmented =  2.926886237 ratio = 1
        0.007417  0.991507  0.001076  0.000000
        0.007417  0.991507  0.001076  0.000000
        0.007509  0.991400  0.001091  0.000000  0.000000  0.000000
            7509    991400      1091         0         0         0
energy =    0.5497558139  group index =   10
      crossSection =  2.244558943  crossSectionAugmented =  2.244558943 ratio = 1
        0.002560  0.997233  0.000207  0.000000
        0.002560  0.997233  0.000207  0.000000
        0.002610  0.997198  0.000192  0.000000  0.000000  0.000000
            2610    997198       192         0         0         0
energy =     1.099511628  group index =   17
      crossSection =   1.64076829  crossSectionAugmented =  1.640774354 ratio = 1.000003696
        0.000904  0.999028  0.000060  0.000009
        0.000904  0.999028  0.000060  0.000012
        0.000913  0.999032  0.000051  0.000004  0.000000  0.000000
             913    999032        51         4         0         0
energy =     2.199023256  group index =   23
      crossSection =   1.13673756  crossSectionAugmented =   1.13673756 ratio = 1
        0.000318  0.986948  0.000025  0.012709
        0.000318  0.986948  0.000025  0.012709
        0.000299  0.986975  0.000014  0.012712  0.000000  0.000000
             299    986975        14     12712         0         0
energy =     4.398046511  group index =   29
      crossSection = 0.7862044839  crossSectionAugmented = 0.7862044839 ratio = 1
        0.000112  0.922348  0.000014  0.077527
        0.000112  0.922348  0.000014  0.077527
        0.000123  0.922379  0.000012  0.077486  0.000000  0.000000
             123    922379        12     77486         0         0
energy =     8.796093022  group index =   35
      crossSection = 0.5775156224  crossSectionAugmented = 0.5775156224 ratio = 1
        0.000037  0.771748  0.000008  0.228207
        0.000037  0.771748  0.000008  0.228207
        0.000037  0.772197  0.000004  0.227762  0.000000  0.000000
              37    772197         4    227762         0         0
energy =     17.59218604  group index =   39
      crossSection = 0.4853136695  crossSectionAugmented = 0.4853136695 ratio = 1
        0.000013  0.578418  0.000005  0.421564
        0.000013  0.578418  0.000005  0.421564
        0.000011  0.578439  0.000004  0.421546  0.000000  0.000000
              11    578439         4    421546         0         0
