      /.../GIDI/Test/Data/MG_MC/neutrons/n-090_Th_227.xml

      energy =   2.000000e-11
        n + Th227
          Th227       5797     1.000000e+00
          n           6        1.000000e+00
        n + (Th227_e1 -> Th227 + photon)
          Th227       5797     0.000000e+00
          n           6        0.000000e+00
          photon      3        0.000000e+00
        n + (Th227_e2 -> Th227 + photon)
          Th227       5797     0.000000e+00
          n           6        0.000000e+00
          photon      3        0.000000e+00
        n + (Th227_e3 -> Th227 + photon)
          Th227       5797     0.000000e+00
          n           6        0.000000e+00
          photon      3        0.000000e+00
        n + (Th227_e4 -> Th227 + photon)
          Th227       5797     0.000000e+00
          n           6        0.000000e+00
          photon      3        0.000000e+00
        n + (Th227_e5 -> Th227 + photon)
          Th227       5797     0.000000e+00
          n           6        0.000000e+00
          photon      3        0.000000e+00
        n + (Th227_e6 -> Th227 + photon)
          Th227       5797     0.000000e+00
          n           6        0.000000e+00
          photon      3        0.000000e+00
        n + (Th227_e7 -> Th227 + photon)
          Th227       5797     0.000000e+00
          n           6        0.000000e+00
          photon      3        0.000000e+00
        n + (Th227_e8 -> Th227 + photon)
          Th227       5797     0.000000e+00
          n           6        0.000000e+00
          photon      3        0.000000e+00
        n + (Th227_e9 -> Th227 + photon)
          Th227       5797     0.000000e+00
          n           6        0.000000e+00
          photon      3        0.000000e+00
        n + (Th227_e10 -> Th227 + photon)
          Th227       5797     0.000000e+00
          n           6        0.000000e+00
          photon      3        0.000000e+00
        n + (Th227_e11 -> Th227 + photon)
          Th227       5797     0.000000e+00
          n           6        0.000000e+00
          photon      3        0.000000e+00
        n + (Th227_e12 -> Th227 + photon)
          Th227       5797     0.000000e+00
          n           6        0.000000e+00
          photon      3        0.000000e+00
        n + (Th227_e13 -> Th227 + photon)
          Th227       5797     0.000000e+00
          n           6        0.000000e+00
          photon      3        0.000000e+00
        n + (Th227_e14 -> Th227 + photon)
          Th227       5797     0.000000e+00
          n           6        0.000000e+00
          photon      3        0.000000e+00
        n + (Th227 -> Th227 + photon) [continuum]
          Th227       5797     0.000000e+00
          n           6        0.000000e+00
          photon      3        0.000000e+00
        2n + Th226 + photon
          Th226       5795     0.000000e+00
          n           6        0.000000e+00
          photon      3        0.000000e+00
        3n + Th225 + photon
          Th225       5793     0.000000e+00
          n           6        0.000000e+00
          photon      3        0.000000e+00
        4n + Th224 + photon
          Th224       5791     0.000000e+00
          n           6        0.000000e+00
          photon      3        0.000000e+00
        m(E)*n + photon [total fission]
          n           6        2.064690e+00
          photon      3        7.078137e+00
        Th228 + photon
          Th228       5799     1.000000e+00
          photon      3        5.230000e+00

      energy =   2.000000e-08
        n + Th227
          Th227       5797     1.000000e+00
          n           6        1.000000e+00
        n + (Th227_e1 -> Th227 + photon)
          Th227       5797     0.000000e+00
          n           6        0.000000e+00
          photon      3        0.000000e+00
        n + (Th227_e2 -> Th227 + photon)
          Th227       5797     0.000000e+00
          n           6        0.000000e+00
          photon      3        0.000000e+00
        n + (Th227_e3 -> Th227 + photon)
          Th227       5797     0.000000e+00
          n           6        0.000000e+00
          photon      3        0.000000e+00
        n + (Th227_e4 -> Th227 + photon)
          Th227       5797     0.000000e+00
          n           6        0.000000e+00
          photon      3        0.000000e+00
        n + (Th227_e5 -> Th227 + photon)
          Th227       5797     0.000000e+00
          n           6        0.000000e+00
          photon      3        0.000000e+00
        n + (Th227_e6 -> Th227 + photon)
          Th227       5797     0.000000e+00
          n           6        0.000000e+00
          photon      3        0.000000e+00
        n + (Th227_e7 -> Th227 + photon)
          Th227       5797     0.000000e+00
          n           6        0.000000e+00
          photon      3        0.000000e+00
        n + (Th227_e8 -> Th227 + photon)
          Th227       5797     0.000000e+00
          n           6        0.000000e+00
          photon      3        0.000000e+00
        n + (Th227_e9 -> Th227 + photon)
          Th227       5797     0.000000e+00
          n           6        0.000000e+00
          photon      3        0.000000e+00
        n + (Th227_e10 -> Th227 + photon)
          Th227       5797     0.000000e+00
          n           6        0.000000e+00
          photon      3        0.000000e+00
        n + (Th227_e11 -> Th227 + photon)
          Th227       5797     0.000000e+00
          n           6        0.000000e+00
          photon      3        0.000000e+00
        n + (Th227_e12 -> Th227 + photon)
          Th227       5797     0.000000e+00
          n           6        0.000000e+00
          photon      3        0.000000e+00
        n + (Th227_e13 -> Th227 + photon)
          Th227       5797     0.000000e+00
          n           6        0.000000e+00
          photon      3        0.000000e+00
        n + (Th227_e14 -> Th227 + photon)
          Th227       5797     0.000000e+00
          n           6        0.000000e+00
          photon      3        0.000000e+00
        n + (Th227 -> Th227 + photon) [continuum]
          Th227       5797     0.000000e+00
          n           6        0.000000e+00
          photon      3        0.000000e+00
        2n + Th226 + photon
          Th226       5795     0.000000e+00
          n           6        0.000000e+00
          photon      3        0.000000e+00
        3n + Th225 + photon
          Th225       5793     0.000000e+00
          n           6        0.000000e+00
          photon      3        0.000000e+00
        4n + Th224 + photon
          Th224       5791     0.000000e+00
          n           6        0.000000e+00
          photon      3        0.000000e+00
        m(E)*n + photon [total fission]
          n           6        2.064690e+00
          photon      3        7.078137e+00
        Th228 + photon
          Th228       5799     1.000000e+00
          photon      3        5.230000e+00

      energy =   2.000000e-05
        n + Th227
          Th227       5797     1.000000e+00
          n           6        1.000000e+00
        n + (Th227_e1 -> Th227 + photon)
          Th227       5797     0.000000e+00
          n           6        0.000000e+00
          photon      3        0.000000e+00
        n + (Th227_e2 -> Th227 + photon)
          Th227       5797     0.000000e+00
          n           6        0.000000e+00
          photon      3        0.000000e+00
        n + (Th227_e3 -> Th227 + photon)
          Th227       5797     0.000000e+00
          n           6        0.000000e+00
          photon      3        0.000000e+00
        n + (Th227_e4 -> Th227 + photon)
          Th227       5797     0.000000e+00
          n           6        0.000000e+00
          photon      3        0.000000e+00
        n + (Th227_e5 -> Th227 + photon)
          Th227       5797     0.000000e+00
          n           6        0.000000e+00
          photon      3        0.000000e+00
        n + (Th227_e6 -> Th227 + photon)
          Th227       5797     0.000000e+00
          n           6        0.000000e+00
          photon      3        0.000000e+00
        n + (Th227_e7 -> Th227 + photon)
          Th227       5797     0.000000e+00
          n           6        0.000000e+00
          photon      3        0.000000e+00
        n + (Th227_e8 -> Th227 + photon)
          Th227       5797     0.000000e+00
          n           6        0.000000e+00
          photon      3        0.000000e+00
        n + (Th227_e9 -> Th227 + photon)
          Th227       5797     0.000000e+00
          n           6        0.000000e+00
          photon      3        0.000000e+00
        n + (Th227_e10 -> Th227 + photon)
          Th227       5797     0.000000e+00
          n           6        0.000000e+00
          photon      3        0.000000e+00
        n + (Th227_e11 -> Th227 + photon)
          Th227       5797     0.000000e+00
          n           6        0.000000e+00
          photon      3        0.000000e+00
        n + (Th227_e12 -> Th227 + photon)
          Th227       5797     0.000000e+00
          n           6        0.000000e+00
          photon      3        0.000000e+00
        n + (Th227_e13 -> Th227 + photon)
          Th227       5797     0.000000e+00
          n           6        0.000000e+00
          photon      3        0.000000e+00
        n + (Th227_e14 -> Th227 + photon)
          Th227       5797     0.000000e+00
          n           6        0.000000e+00
          photon      3        0.000000e+00
        n + (Th227 -> Th227 + photon) [continuum]
          Th227       5797     0.000000e+00
          n           6        0.000000e+00
          photon      3        0.000000e+00
        2n + Th226 + photon
          Th226       5795     0.000000e+00
          n           6        0.000000e+00
          photon      3        0.000000e+00
        3n + Th225 + photon
          Th225       5793     0.000000e+00
          n           6        0.000000e+00
          photon      3        0.000000e+00
        4n + Th224 + photon
          Th224       5791     0.000000e+00
          n           6        0.000000e+00
          photon      3        0.000000e+00
        m(E)*n + photon [total fission]
          n           6        2.064692e+00
          photon      3        7.078137e+00
        Th228 + photon
          Th228       5799     1.000000e+00
          photon      3        5.231210e+00

      energy =   2.000000e-02
        n + Th227
          Th227       5797     1.000000e+00
          n           6        1.000000e+00
        n + (Th227_e1 -> Th227 + photon)
          Th227       5797     1.000000e+00
          n           6        1.000000e+00
          photon      3        1.000000e+00
        n + (Th227_e2 -> Th227 + photon)
          Th227       5797     0.000000e+00
          n           6        0.000000e+00
          photon      3        0.000000e+00
        n + (Th227_e3 -> Th227 + photon)
          Th227       5797     0.000000e+00
          n           6        0.000000e+00
          photon      3        0.000000e+00
        n + (Th227_e4 -> Th227 + photon)
          Th227       5797     0.000000e+00
          n           6        0.000000e+00
          photon      3        0.000000e+00
        n + (Th227_e5 -> Th227 + photon)
          Th227       5797     0.000000e+00
          n           6        0.000000e+00
          photon      3        0.000000e+00
        n + (Th227_e6 -> Th227 + photon)
          Th227       5797     0.000000e+00
          n           6        0.000000e+00
          photon      3        0.000000e+00
        n + (Th227_e7 -> Th227 + photon)
          Th227       5797     0.000000e+00
          n           6        0.000000e+00
          photon      3        0.000000e+00
        n + (Th227_e8 -> Th227 + photon)
          Th227       5797     0.000000e+00
          n           6        0.000000e+00
          photon      3        0.000000e+00
        n + (Th227_e9 -> Th227 + photon)
          Th227       5797     0.000000e+00
          n           6        0.000000e+00
          photon      3        0.000000e+00
        n + (Th227_e10 -> Th227 + photon)
          Th227       5797     0.000000e+00
          n           6        0.000000e+00
          photon      3        0.000000e+00
        n + (Th227_e11 -> Th227 + photon)
          Th227       5797     0.000000e+00
          n           6        0.000000e+00
          photon      3        0.000000e+00
        n + (Th227_e12 -> Th227 + photon)
          Th227       5797     0.000000e+00
          n           6        0.000000e+00
          photon      3        0.000000e+00
        n + (Th227_e13 -> Th227 + photon)
          Th227       5797     0.000000e+00
          n           6        0.000000e+00
          photon      3        0.000000e+00
        n + (Th227_e14 -> Th227 + photon)
          Th227       5797     0.000000e+00
          n           6        0.000000e+00
          photon      3        0.000000e+00
        n + (Th227 -> Th227 + photon) [continuum]
          Th227       5797     0.000000e+00
          n           6        0.000000e+00
          photon      3        0.000000e+00
        2n + Th226 + photon
          Th226       5795     0.000000e+00
          n           6        0.000000e+00
          photon      3        0.000000e+00
        3n + Th225 + photon
          Th225       5793     0.000000e+00
          n           6        0.000000e+00
          photon      3        0.000000e+00
        4n + Th224 + photon
          Th224       5791     0.000000e+00
          n           6        0.000000e+00
          photon      3        0.000000e+00
        m(E)*n + photon [total fission]
          n           6        2.066330e+00
          photon      3        7.078137e+00
        Th228 + photon
          Th228       5799     1.000000e+00
          photon      3        5.286370e+00

      energy =   2.000000e+01
        n + Th227
          Th227       5797     1.000000e+00
          n           6        1.000000e+00
        n + (Th227_e1 -> Th227 + photon)
          Th227       5797     1.000000e+00
          n           6        1.000000e+00
          photon      3        1.000000e+00
        n + (Th227_e2 -> Th227 + photon)
          Th227       5797     1.000000e+00
          n           6        1.000000e+00
          photon      3        1.021560e+00
        n + (Th227_e3 -> Th227 + photon)
          Th227       5797     1.000000e+00
          n           6        1.000000e+00
          photon      3        1.489800e+00
        n + (Th227_e4 -> Th227 + photon)
          Th227       5797     1.000000e+00
          n           6        1.000000e+00
          photon      3        2.000000e+00
        n + (Th227_e5 -> Th227 + photon)
          Th227       5797     1.000000e+00
          n           6        1.000000e+00
          photon      3        2.004310e+00
        n + (Th227_e6 -> Th227 + photon)
          Th227       5797     1.000000e+00
          n           6        1.000000e+00
          photon      3        2.029961e+00
        n + (Th227_e7 -> Th227 + photon)
          Th227       5797     1.000000e+00
          n           6        1.000000e+00
          photon      3        2.000000e+00
        n + (Th227_e8 -> Th227 + photon)
          Th227       5797     1.000000e+00
          n           6        1.000000e+00
          photon      3        2.056061e+00
        n + (Th227_e9 -> Th227 + photon)
          Th227       5797     1.000000e+00
          n           6        1.000000e+00
          photon      3        2.014969e+00
        n + (Th227_e10 -> Th227 + photon)
          Th227       5797     1.000000e+00
          n           6        1.000000e+00
          photon      3        2.826702e+00
        n + (Th227_e11 -> Th227 + photon)
          Th227       5797     1.000000e+00
          n           6        1.000000e+00
          photon      3        2.630399e+00
        n + (Th227_e12 -> Th227 + photon)
          Th227       5797     1.000000e+00
          n           6        1.000000e+00
          photon      3        3.029959e+00
        n + (Th227_e13 -> Th227 + photon)
          Th227       5797     1.000000e+00
          n           6        1.000000e+00
          photon      3        2.447169e+00
        n + (Th227_e14 -> Th227 + photon)
          Th227       5797     1.000000e+00
          n           6        1.000000e+00
          photon      3        2.999997e+00
        n + (Th227 -> Th227 + photon) [continuum]
          Th227       5797     1.000000e+00
          n           6        1.000000e+00
          photon      3        6.097330e+00
        2n + Th226 + photon
          Th226       5795     1.000000e+00
          n           6        2.000000e+00
          photon      3        6.516999e+00
        3n + Th225 + photon
          Th225       5793     1.000000e+00
          n           6        3.000000e+00
          photon      3        5.392400e+00
        4n + Th224 + photon
          Th224       5791     1.000000e+00
          n           6        4.000000e+00
          photon      3        1.519385e+00
        m(E)*n + photon [total fission]
          n           6        3.702320e+00
          photon      3        7.078137e+00
        Th228 + photon
          Th228       5799     1.000000e+00
          photon      3        5.753091e+00
