n + O16
    211  1 -1
    6  1 0
n + (O16_e1 -> O16)
    211  1 -1
    6  1 0
n + (O16_e2 -> O16)
    211  1 -1
    6  1 0
n + (O16_e3 -> O16)
    211  1 -1
    6  1 0
n + (O16_e4 -> O16)
    211  1 -1
    6  1 0
n + (O16_e5 -> O16)
    211  1 -1
    6  1 0
n + (O16_e6 -> O16)
    211  1 -1
    6  1 0
n + (O16_e7 -> O16)
    211  1 -1
    6  1 0
n + (O16 -> O16 + photon) [continuum]
    211  1 -1
    6  1 0
    3  -1 11
2n + O15 + photon
    209  1 -1
    6  2 0
    3  -1 11
n + H1 + N15 + photon
    18  1 -1
    178  1 -1
    6  1 0
    3  -1 11
H1 + N16
    18  1 -1
    180  1 -1
H1 + (N16_e1 -> N16)
    18  1 -1
    180  1 -1
H1 + (N16_e2 -> N16)
    18  1 -1
    180  1 -1
H1 + (N16_e3 -> N16)
    18  1 -1
    180  1 -1
H2 + N15
    20  1 10
    178  1 -1
H2 + (N15_e1 -> N15)
    20  1 10
    178  1 -1
H2 + (N15_e2 -> N15)
    20  1 10
    178  1 -1
H2 + (N15_e3 -> N15)
    20  1 10
    178  1 -1
H2 + (N15_e4 -> N15)
    20  1 10
    178  1 -1
H2 + (N15_e5 -> N15)
    20  1 10
    178  1 -1
H2 + (N15_e6 -> N15)
    20  1 10
    178  1 -1
H2 + (N15_e7 -> N15)
    20  1 10
    178  1 -1
H2 + (N15_e8 -> N15)
    20  1 10
    178  1 -1
H3 + N14
    22  1 -1
    176  1 -1
H3 + (N14_e1 -> N14)
    22  1 -1
    176  1 -1
H3 + (N14_e2 -> N14)
    22  1 -1
    176  1 -1
He4 + C13
    145  1 -1
    37  1 -1
He4 + (C13_e1 -> C13)
    145  1 -1
    37  1 -1
He4 + (C13_e2 -> C13)
    145  1 -1
    37  1 -1
He4 + (C13_e3 -> C13)
    145  1 -1
    37  1 -1
O17 + photon
    213  1 -1
    3  -1 11
n + He4 + C12 + photon
    143  1 -1
    37  1 -1
    6  1 0
    3  -1 11
n + 4He4 + photon
    37  4 -1
    6  1 0
    3  -1 11
2He4 + Be9 + photon
    85  1 -1
    37  2 -1
    3  -1 11
sumOfRemainingOutputChannels
    112  -1 -1
    114  -1 -1
    116  -1 -1
    87  -1 -1
    81  -1 -1
    85  -1 -1
    141  -1 -1
    143  -1 -1
    145  -1 -1
    147  -1 -1
    149  -1 -1
    18  -1 -1
    20  -1 10
    22  -1 -1
    37  -1 -1
    60  -1 -1
    62  -1 -1
    174  -1 -1
    176  -1 -1
    178  -1 -1
    180  -1 -1
    207  -1 -1
    209  -1 -1
    211  -1 -1
    6  -1 0
    3  -1 11
