label = heated_000  temperature = 2.586e-08
label = heated_001  temperature = 1e-06
label = heated_002  temperature = 0.0001
reaction (  0) = n + Th227  threshold = 0
    energy = 1e-13
        productIndex    6    0 KE = 9.85119e-14
    energy = 2e-13
        productIndex    6    0 KE = 1.99557e-13
    energy = 4e-13
        productIndex    6    0 KE = 3.94765e-13
    energy = 8e-13
        productIndex    6    0 KE = 7.98291e-13
    energy = 1.6e-12
        productIndex    6    0 KE = 1.58425e-12
    energy = 3.2e-12
        productIndex    6    0 KE = 3.1738e-12
    energy = 6.4e-12
        productIndex    6    0 KE = 6.3935e-12
    energy = 1.28e-11
        productIndex    6    0 KE = 1.26071e-11
    energy = 2.56e-11
        productIndex    6    0 KE = 2.53648e-11
    energy = 5.12e-11
        productIndex    6    0 KE = 5.04816e-11
    energy = 1.024e-10
        productIndex    6    0 KE = 1.01932e-10
    energy = 2.048e-10
        productIndex    6    0 KE = 2.02996e-10
    energy = 4.096e-10
        productIndex    6    0 KE = 4.04061e-10
    energy = 8.192e-10
        productIndex    6    0 KE = 8.0776e-10
    energy = 1.6384e-09
        productIndex    6    0 KE = 1.63378e-09
    energy = 3.2768e-09
        productIndex    6    0 KE = 3.22057e-09
    energy = 6.5536e-09
        productIndex    6    0 KE = 6.51833e-09
    energy = 1.31072e-08
        productIndex    6    0 KE = 1.30144e-08
    energy = 2.62144e-08
        productIndex    6    0 KE = 2.59107e-08
    energy = 5.24288e-08
        productIndex    6    0 KE = 5.1738e-08
    energy = 1.04858e-07
        productIndex    6    0 KE = 1.0356e-07
    energy = 2.09715e-07
        productIndex    6    0 KE = 2.06193e-07
    energy = 4.1943e-07
        productIndex    6    0 KE = 4.15483e-07
    energy = 8.38861e-07
        productIndex    6    0 KE = 8.33555e-07
    energy = 1.67772e-06
        productIndex    6    0 KE = 1.66974e-06
    energy = 3.35544e-06
        productIndex    6    0 KE = 3.33104e-06
    energy = 6.71089e-06
        productIndex    6    0 KE = 6.62974e-06
    energy = 1.34218e-05
        productIndex    6    0 KE = 1.31871e-05
    energy = 2.68435e-05
        productIndex    6    0 KE = 2.64473e-05
    energy = 5.36871e-05
        productIndex    6    0 KE = 5.30361e-05
    energy = 0.000107374
        productIndex    6    0 KE = 0.000106914
    energy = 0.000214748
        productIndex    6    0 KE = 0.000214263
    energy = 0.000429497
        productIndex    6    0 KE = 0.000423968
    energy = 0.000858993
        productIndex    6    0 KE = 0.000850479
    energy = 0.00171799
        productIndex    6    0 KE = 0.00171341
    energy = 0.00343597
        productIndex    6    0 KE = 0.00338025
    energy = 0.00687195
        productIndex    6    0 KE = 0.0068429
    energy = 0.0137439
        productIndex    6    0 KE = 0.0135701
    energy = 0.0274878
        productIndex    6    0 KE = 0.0272892
    energy = 0.0549756
        productIndex    6    0 KE = 0.0548859
    energy = 0.109951
        productIndex    6    0 KE = 0.109088
    energy = 0.219902
        productIndex    6    0 KE = 0.218587
    energy = 0.439805
        productIndex    6    0 KE = 0.435107
    energy = 0.879609
        productIndex    6    0 KE = 0.872986
    energy = 1.75922
        productIndex    6    0 KE = 1.75277
    energy = 3.51844
        productIndex    6    0 KE = 3.51625
    energy = 7.03687
        productIndex    6    0 KE = 7.03515
    energy = 14.0737
        productIndex    6    0 KE = 14.0043
    energy = 28.1475
        productIndex    6    0 KE = 28.1417
    energy = 56.295
        productIndex    6    0 KE = 56.2867
reaction (  1) = n + (Th227_e1 -> Th227 + photon)  threshold = 0.00933127
    energy = 0.00933127
        productIndex    6    0 KE = 1.8257e-07
    energy = 0.0186625
        productIndex    6    0 KE = 0.00932153
    energy = 0.0373251
        productIndex    6    0 KE = 0.0277799
    energy = 0.0746502
        productIndex    6    0 KE = 0.0649442
    energy = 0.1493
        productIndex    6    0 KE = 0.138742
    energy = 0.298601
        productIndex    6    0 KE = 0.288903
    energy = 0.597201
        productIndex    6    0 KE = 0.586603
    energy = 1.1944
        productIndex    6    0 KE = 1.17534
    energy = 2.38881
        productIndex    6    0 KE = 2.36777
    energy = 4.77761
        productIndex    6    0 KE = 4.72768
    energy = 9.55522
        productIndex    6    0 KE = 9.41079
    energy = 19.1104
        productIndex    6    0 KE = 19.086
    energy = 38.2209
        productIndex    6    0 KE = 38.143
    energy = 76.4418
        productIndex    6    0 KE = 76.0416
reaction (  2) = n + (Th227_e2 -> Th227 + photon)  threshold = 0.0244883
    energy = 0.0244883
        productIndex    6    0 KE = 4.79128e-07
    energy = 0.0489766
        productIndex    6    0 KE = 0.0241229
    energy = 0.0979532
        productIndex    6    0 KE = 0.0721657
    energy = 0.195906
        productIndex    6    0 KE = 0.170311
    energy = 0.391813
        productIndex    6    0 KE = 0.364719
    energy = 0.783626
        productIndex    6    0 KE = 0.750544
    energy = 1.56725
        productIndex    6    0 KE = 1.53731
    energy = 3.1345
        productIndex    6    0 KE = 3.06041
    energy = 6.269
        productIndex    6    0 KE = 6.20857
    energy = 12.538
        productIndex    6    0 KE = 12.5116
    energy = 25.076
        productIndex    6    0 KE = 24.7129
    energy = 50.152
        productIndex    6    0 KE = 49.4004
reaction (  3) = n + (Th227_e3 -> Th227 + photon)  threshold = 0.0380322
    energy = 0.0380322
        productIndex    6    0 KE = 7.44127e-07
    energy = 0.0760644
        productIndex    6    0 KE = 0.0381276
    energy = 0.152129
        productIndex    6    0 KE = 0.114137
    energy = 0.304258
        productIndex    6    0 KE = 0.262151
    energy = 0.608515
        productIndex    6    0 KE = 0.568413
    energy = 1.21703
        productIndex    6    0 KE = 1.17021
    energy = 2.43406
        productIndex    6    0 KE = 2.38463
    energy = 4.86812
        productIndex    6    0 KE = 4.75362
    energy = 9.73624
        productIndex    6    0 KE = 9.67294
    energy = 19.4725
        productIndex    6    0 KE = 19.1338
    energy = 38.945
        productIndex    6    0 KE = 38.8967
    energy = 77.8899
        productIndex    6    0 KE = 77.3597
reaction (  4) = n + (Th227_e4 -> Th227 + photon)  threshold = 0.0739973
    energy = 0.0739973
        productIndex    6    0 KE = 1.44784e-06
    energy = 0.147995
        productIndex    6    0 KE = 0.0737199
    energy = 0.295989
        productIndex    6    0 KE = 0.221668
    energy = 0.591978
        productIndex    6    0 KE = 0.510972
    energy = 1.18396
        productIndex    6    0 KE = 1.09523
    energy = 2.36791
        productIndex    6    0 KE = 2.26692
    energy = 4.73583
        productIndex    6    0 KE = 4.65967
    energy = 9.47165
        productIndex    6    0 KE = 9.32203
    energy = 18.9433
        productIndex    6    0 KE = 18.6996
    energy = 37.8866
        productIndex    6    0 KE = 37.4744
    energy = 75.7732
        productIndex    6    0 KE = 75.3608
reaction (  5) = n + (Th227_e5 -> Th227 + photon)  threshold = 0.0765687
    energy = 0.0765687
        productIndex    6    0 KE = 1.49815e-06
    energy = 0.153137
        productIndex    6    0 KE = 0.0756551
    energy = 0.306275
        productIndex    6    0 KE = 0.228511
    energy = 0.61255
        productIndex    6    0 KE = 0.528939
    energy = 1.2251
        productIndex    6    0 KE = 1.1309
    energy = 2.4502
        productIndex    6    0 KE = 2.35695
    energy = 4.9004
        productIndex    6    0 KE = 4.79671
    energy = 9.80079
        productIndex    6    0 KE = 9.69503
    energy = 19.6016
        productIndex    6    0 KE = 19.2243
    energy = 39.2032
        productIndex    6    0 KE = 38.5429
    energy = 78.4063
        productIndex    6    0 KE = 77.4912
reaction (  6) = n + (Th227_e6 -> Th227 + photon)  threshold = 0.0779649
    energy = 0.0779649
        productIndex    6    0 KE = 1.52547e-06
    energy = 0.15593
        productIndex    6    0 KE = 0.0771537
    energy = 0.31186
        productIndex    6    0 KE = 0.231046
    energy = 0.623719
        productIndex    6    0 KE = 0.539787
    energy = 1.24744
        productIndex    6    0 KE = 1.15614
    energy = 2.49488
        productIndex    6    0 KE = 2.41117
    energy = 4.98975
        productIndex    6    0 KE = 4.87036
    energy = 9.97951
        productIndex    6    0 KE = 9.88153
    energy = 19.959
        productIndex    6    0 KE = 19.7965
    energy = 39.918
        productIndex    6    0 KE = 39.6418
    energy = 79.8361
        productIndex    6    0 KE = 79.5825
reaction (  7) = n + (Th227_e7 -> Th227 + photon)  threshold = 0.0871656
    energy = 0.0871656
        productIndex    6    0 KE = 1.7055e-06
    energy = 0.174331
        productIndex    6    0 KE = 0.085947
    energy = 0.348662
        productIndex    6    0 KE = 0.261539
    energy = 0.697325
        productIndex    6    0 KE = 0.605999
    energy = 1.39465
        productIndex    6    0 KE = 1.29948
    energy = 2.7893
        productIndex    6    0 KE = 2.67439
    energy = 5.5786
        productIndex    6    0 KE = 5.4752
    energy = 11.1572
        productIndex    6    0 KE = 11.0071
    energy = 22.3144
        productIndex    6    0 KE = 21.9812
    energy = 44.6288
        productIndex    6    0 KE = 44.5182
    energy = 89.2576
        productIndex    6    0 KE = 88.7094
reaction (  8) = n + (Th227_e8 -> Th227 + photon)  threshold = 0.0996307
    energy = 0.0996307
        productIndex    6    0 KE = 1.94941e-06
    energy = 0.199261
        productIndex    6    0 KE = 0.0993933
    energy = 0.398523
        productIndex    6    0 KE = 0.293975
    energy = 0.797046
        productIndex    6    0 KE = 0.69585
    energy = 1.59409
        productIndex    6    0 KE = 1.47515
    energy = 3.18818
        productIndex    6    0 KE = 3.08491
    energy = 6.37636
        productIndex    6    0 KE = 6.20077
    energy = 12.7527
        productIndex    6    0 KE = 12.595
    energy = 25.5055
        productIndex    6    0 KE = 25.2797
    energy = 51.0109
        productIndex    6    0 KE = 50.3597
reaction (  9) = n + (Th227_e9 -> Th227 + photon)  threshold = 0.127866
    energy = 0.127866
        productIndex    6    0 KE = 2.50191e-06
    energy = 0.255732
        productIndex    6    0 KE = 0.126187
    energy = 0.511464
        productIndex    6    0 KE = 0.376417
    energy = 1.02293
        productIndex    6    0 KE = 0.883631
    energy = 2.04586
        productIndex    6    0 KE = 1.90538
    energy = 4.09171
        productIndex    6    0 KE = 3.90735
    energy = 8.18342
        productIndex    6    0 KE = 8.0376
    energy = 16.3668
        productIndex    6    0 KE = 15.9965
    energy = 32.7337
        productIndex    6    0 KE = 32.5968
    energy = 65.4674
        productIndex    6    0 KE = 65.3323
reaction ( 10) = n + (Th227_e10 -> Th227 + photon)  threshold = 0.184526
    energy = 0.184526
        productIndex    6    0 KE = 3.61066e-06
    energy = 0.369052
        productIndex    6    0 KE = 0.185154
    energy = 0.738104
        productIndex    6    0 KE = 0.548059
    energy = 1.47621
        productIndex    6    0 KE = 1.28781
    energy = 2.95242
        productIndex    6    0 KE = 2.72118
    energy = 5.90483
        productIndex    6    0 KE = 5.63122
    energy = 11.8097
        productIndex    6    0 KE = 11.4982
    energy = 23.6193
        productIndex    6    0 KE = 23.4091
    energy = 47.2387
        productIndex    6    0 KE = 47.0479
    energy = 94.4773
        productIndex    6    0 KE = 92.7399
reaction ( 11) = n + (Th227_e11 -> Th227 + photon)  threshold = 0.200909
    energy = 0.200909
        productIndex    6    0 KE = 3.93126e-06
    energy = 0.401818
        productIndex    6    0 KE = 0.197832
    energy = 0.803636
        productIndex    6    0 KE = 0.596258
    energy = 1.60727
        productIndex    6    0 KE = 1.39279
    energy = 3.21454
        productIndex    6    0 KE = 3.01187
    energy = 6.42909
        productIndex    6    0 KE = 6.15415
    energy = 12.8582
        productIndex    6    0 KE = 12.5028
    energy = 25.7164
        productIndex    6    0 KE = 25.2999
    energy = 51.4327
        productIndex    6    0 KE = 51.1579
reaction ( 12) = n + (Th227_e12 -> Th227 + photon)  threshold = 0.20802
    energy = 0.20802
        productIndex    6    0 KE = 4.07042e-06
    energy = 0.41604
        productIndex    6    0 KE = 0.205964
    energy = 0.83208
        productIndex    6    0 KE = 0.617964
    energy = 1.66416
        productIndex    6    0 KE = 1.43404
    energy = 3.32832
        productIndex    6    0 KE = 3.09754
    energy = 6.65664
        productIndex    6    0 KE = 6.34648
    energy = 13.3133
        productIndex    6    0 KE = 13.0012
    energy = 26.6266
        productIndex    6    0 KE = 26.3258
    energy = 53.2531
        productIndex    6    0 KE = 53.0046
reaction ( 13) = n + (Th227_e13 -> Th227 + photon)  threshold = 0.229495
    energy = 0.229495
        productIndex    6    0 KE = 4.49068e-06
    energy = 0.45899
        productIndex    6    0 KE = 0.227254
    energy = 0.91798
        productIndex    6    0 KE = 0.6891
    energy = 1.83596
        productIndex    6    0 KE = 1.59425
    energy = 3.67192
        productIndex    6    0 KE = 3.38841
    energy = 7.34384
        productIndex    6    0 KE = 7.09036
    energy = 14.6877
        productIndex    6    0 KE = 14.3798
    energy = 29.3754
        productIndex    6    0 KE = 29.0003
    energy = 58.7507
        productIndex    6    0 KE = 58.3548
reaction ( 14) = n + (Th227_e14 -> Th227 + photon)  threshold = 0.232488
    energy = 0.232488
        productIndex    6    0 KE = 4.54926e-06
    energy = 0.464976
        productIndex    6    0 KE = 0.228079
    energy = 0.929952
        productIndex    6    0 KE = 0.694819
    energy = 1.8599
        productIndex    6    0 KE = 1.61253
    energy = 3.71981
        productIndex    6    0 KE = 3.46067
    energy = 7.43962
        productIndex    6    0 KE = 7.17754
    energy = 14.8792
        productIndex    6    0 KE = 14.631
    energy = 29.7585
        productIndex    6    0 KE = 29.5095
    energy = 59.5169
        productIndex    6    0 KE = 59.2267
reaction ( 15) = n + (Th227 -> Th227 + photon) [continuum]  threshold = 0.11098
    energy = 0.11098
        productIndex    6    0 KE = 4.00704e-06
    energy = 0.22196
        productIndex    6    0 KE = 0.0664978
    energy = 0.44392
        productIndex    6    0 KE = 0.150779
    energy = 0.88784
        productIndex    6    0 KE = 0.250831
    energy = 1.77568
        productIndex    6    0 KE = 0.332313
    energy = 3.55136
        productIndex    6    0 KE = 2.14772
    energy = 7.10272
        productIndex    6    0 KE = 1.42797
    energy = 14.2054
        productIndex    6    0 KE = 11.8315
    energy = 28.4109
        productIndex    6    0 KE = 16.2968
    energy = 56.8218
        productIndex    6    0 KE = 17.6718
reaction ( 16) = 2n + Th226 + photon  threshold = 5.48647
    energy = 5.48647
        productIndex    6    0 KE = 0.000126703
        productIndex    6    0 KE = 0.000112963
    energy = 10.9729
        productIndex    6    0 KE = 0.882163
        productIndex    6    0 KE = 3.34352
    energy = 21.9459
        productIndex    6    0 KE = 10.7919
        productIndex    6    0 KE = 1.09212
    energy = 43.8918
        productIndex    6    0 KE = 7.85558
        productIndex    6    0 KE = 3.01
    energy = 87.7835
        productIndex    6    0 KE = 2.33737
        productIndex    6    0 KE = 4.84674
reaction ( 17) = 3n + Th225 + photon  threshold = 12.7029
    energy = 12.7029
        productIndex    6    0 KE = 0.000260983
        productIndex    6    0 KE = 0.000228064
        productIndex    6    0 KE = 0.000243162
    energy = 25.4058
        productIndex    6    0 KE = 0.694884
        productIndex    6    0 KE = 0.601345
        productIndex    6    0 KE = 0.154864
    energy = 50.8116
        productIndex    6    0 KE = 4.13432
        productIndex    6    0 KE = 0.382544
        productIndex    6    0 KE = 0.911014
reaction ( 18) = 4n + Th224 + photon  threshold = 18.4858
    energy = 18.4858
        productIndex    6    0 KE = 0.000364027
        productIndex    6    0 KE = 0.000341096
        productIndex    6    0 KE = 0.00036602
        productIndex    6    0 KE = 0.000354469
    energy = 36.9716
        productIndex    6    0 KE = 0.253617
        productIndex    6    0 KE = 0.348015
        productIndex    6    0 KE = 0.151068
        productIndex    6    0 KE = 0.250636
    energy = 73.9432
        productIndex    6    0 KE = 0.225475
        productIndex    6    0 KE = 0.387714
        productIndex    6    0 KE = 0.196848
        productIndex    6    0 KE = 0.146308
reaction ( 19) = m(E)*n + photon [total fission]  threshold = 0
    energy = 1e-13
        productIndex    6    0 KE = 4.17261
        productIndex    6    0 KE = 1.8566
    energy = 2e-13
        productIndex    6    0 KE = 0.739862
        productIndex    6    0 KE = 3.45296
    energy = 4e-13
        productIndex    6    0 KE = 0.63893
        productIndex    6    0 KE = 2.13326
    energy = 8e-13
        productIndex    6    0 KE = 10.0099
        productIndex    6    0 KE = 2.28195
    energy = 1.6e-12
        productIndex    6    0 KE = 0.807763
        productIndex    6    0 KE = 3.35593
    energy = 3.2e-12
        productIndex    6    0 KE = 5.21752
        productIndex    6    0 KE = 0.119731
        productIndex    6    0 KE = 0.923886
    energy = 6.4e-12
        productIndex    6    0 KE = 2.70681
        productIndex    6    0 KE = 1.80651
    energy = 1.28e-11
        productIndex    6    0 KE = 1.32713
        productIndex    6    0 KE = 1.82637
    energy = 2.56e-11
        productIndex    6    0 KE = 4.14236
        productIndex    6    0 KE = 0.908669
    energy = 5.12e-11
        productIndex    6    0 KE = 2.4255
        productIndex    6    0 KE = 1.07537
    energy = 1.024e-10
        productIndex    6    0 KE = 2.96765
        productIndex    6    0 KE = 0.23114
    energy = 2.048e-10
        productIndex    6    0 KE = 1.33693
        productIndex    6    0 KE = 5.04892
    energy = 4.096e-10
        productIndex    6    0 KE = 3.51675
        productIndex    6    0 KE = 1.2063
    energy = 8.192e-10
        productIndex    6    0 KE = 3.88846
        productIndex    6    0 KE = 1.44993
    energy = 1.6384e-09
        productIndex    6    0 KE = 5.00946
        productIndex    6    0 KE = 2.04543
    energy = 3.2768e-09
        productIndex    6    0 KE = 0.699275
        productIndex    6    0 KE = 1.35437
    energy = 6.5536e-09
        productIndex    6    0 KE = 1.8301
        productIndex    6    0 KE = 0.907513
    energy = 1.31072e-08
        productIndex    6    0 KE = 3.03887
        productIndex    6    0 KE = 4.05108
    energy = 2.62144e-08
        productIndex    6    0 KE = 1.56294
        productIndex    6    0 KE = 0.888857
    energy = 5.24288e-08
        productIndex    6    0 KE = 1.75855
        productIndex    6    0 KE = 1.402
    energy = 1.04858e-07
        productIndex    6    0 KE = 2.49646
        productIndex    6    0 KE = 1.18889
    energy = 2.09715e-07
        productIndex    6    0 KE = 2.00927
        productIndex    6    0 KE = 2.54423
    energy = 4.1943e-07
        productIndex    6    0 KE = 2.17818
        productIndex    6    0 KE = 2.22987
    energy = 8.38861e-07
        productIndex    6    0 KE = 4.03075
        productIndex    6    0 KE = 3.88168
    energy = 1.67772e-06
        productIndex    6    0 KE = 1.46305
        productIndex    6    0 KE = 1.26208
    energy = 3.35544e-06
        productIndex    6    0 KE = 0.0901321
        productIndex    6    0 KE = 0.912306
    energy = 6.71089e-06
        productIndex    6    0 KE = 3.3559
        productIndex    6    0 KE = 8.98531
        productIndex    6    0 KE = 0.87724
    energy = 1.34218e-05
        productIndex    6    0 KE = 8.30402
        productIndex    6    0 KE = 3.05631
    energy = 2.68435e-05
        productIndex    6    0 KE = 1.43898
        productIndex    6    0 KE = 0.318871
    energy = 5.36871e-05
        productIndex    6    0 KE = 2.00787
        productIndex    6    0 KE = 0.961711
    energy = 0.000107374
        productIndex    6    0 KE = 1.29494
        productIndex    6    0 KE = 3.29173
    energy = 0.000214748
        productIndex    6    0 KE = 1.70513
        productIndex    6    0 KE = 3.52803
    energy = 0.000429497
        productIndex    6    0 KE = 0.255037
        productIndex    6    0 KE = 0.87847
    energy = 0.000858993
        productIndex    6    0 KE = 3.6702
        productIndex    6    0 KE = 3.34296
    energy = 0.00171799
        productIndex    6    0 KE = 0.415021
        productIndex    6    0 KE = 2.25153
    energy = 0.00343597
        productIndex    6    0 KE = 2.47496
        productIndex    6    0 KE = 0.31494
    energy = 0.00687195
        productIndex    6    0 KE = 0.815217
        productIndex    6    0 KE = 0.0702399
    energy = 0.0137439
        productIndex    6    0 KE = 2.44474
        productIndex    6    0 KE = 0.872268
    energy = 0.0274878
        productIndex    6    0 KE = 0.338822
        productIndex    6    0 KE = 0.69589
    energy = 0.0549756
        productIndex    6    0 KE = 4.89855
        productIndex    6    0 KE = 2.27681
        productIndex    6    0 KE = 3.21248
    energy = 0.109951
        productIndex    6    0 KE = 3.65907
        productIndex    6    0 KE = 0.642774
    energy = 0.219902
        productIndex    6    0 KE = 3.57967
        productIndex    6    0 KE = 4.44406
        productIndex    6    0 KE = 0.125404
    energy = 0.439805
        productIndex    6    0 KE = 0.8236
        productIndex    6    0 KE = 1.73312
    energy = 0.879609
        productIndex    6    0 KE = 12.3663
        productIndex    6    0 KE = 2.63697
    energy = 1.75922
        productIndex    6    0 KE = 5.08389
        productIndex    6    0 KE = 1.63736
        productIndex    6    0 KE = 0.79953
    energy = 3.51844
        productIndex    6    0 KE = 1.11016
        productIndex    6    0 KE = 3.39966
        productIndex    6    0 KE = 0.879751
    energy = 7.03687
        productIndex    6    0 KE = 3.39106
        productIndex    6    0 KE = 3.68036
        productIndex    6    0 KE = 0.47646
    energy = 14.0737
        productIndex    6    0 KE = 2.7494
        productIndex    6    0 KE = 0.614611
        productIndex    6    0 KE = 4.81172
        productIndex    6    0 KE = 2.70374
    energy = 28.1475
        productIndex    6    0 KE = 1.24104
        productIndex    6    0 KE = 2.45406
        productIndex    6    0 KE = 2.2119
        productIndex    6    0 KE = 4.61344
    energy = 56.295
        productIndex    6    0 KE = 8.65799
        productIndex    6    0 KE = 1.70079
        productIndex    6    0 KE = 0.368847
        productIndex    6    0 KE = 2.87949
reaction ( 20) = Th228 + photon  threshold = 0
    energy = 1e-13
    energy = 2e-13
    energy = 4e-13
    energy = 8e-13
    energy = 1.6e-12
    energy = 3.2e-12
    energy = 6.4e-12
    energy = 1.28e-11
    energy = 2.56e-11
    energy = 5.12e-11
    energy = 1.024e-10
    energy = 2.048e-10
    energy = 4.096e-10
    energy = 8.192e-10
    energy = 1.6384e-09
    energy = 3.2768e-09
    energy = 6.5536e-09
    energy = 1.31072e-08
    energy = 2.62144e-08
    energy = 5.24288e-08
    energy = 1.04858e-07
    energy = 2.09715e-07
    energy = 4.1943e-07
    energy = 8.38861e-07
    energy = 1.67772e-06
    energy = 3.35544e-06
    energy = 6.71089e-06
    energy = 1.34218e-05
    energy = 2.68435e-05
    energy = 5.36871e-05
    energy = 0.000107374
    energy = 0.000214748
    energy = 0.000429497
    energy = 0.000858993
    energy = 0.00171799
    energy = 0.00343597
    energy = 0.00687195
    energy = 0.0137439
    energy = 0.0274878
    energy = 0.0549756
    energy = 0.109951
    energy = 0.219902
    energy = 0.439805
    energy = 0.879609
    energy = 1.75922
    energy = 3.51844
    energy = 7.03687
    energy = 14.0737
    energy = 28.1475
    energy = 56.295

Scanning for delayed fission neutrons
    reaction ( 19) = m(E)*n + photon [total fission]  threshold = 1e-13
        energy = 1e-13 total neutrons = 206471 (2.0647) delayed neutrons = 717 (7.170e-03) 70 159 98 253 118 19 0 0 0 0
        energy = 1e-12 total neutrons = 206417 (2.0642) delayed neutrons = 778 (7.780e-03) 87 139 109 285 130 28 0 0 0 0
        energy = 1e-11 total neutrons = 206530 (2.0653) delayed neutrons = 753 (7.530e-03) 73 181 103 247 128 21 0 0 0 0
        energy = 1e-10 total neutrons = 206435 (2.0644) delayed neutrons = 757 (7.570e-03) 80 153 103 274 122 25 0 0 0 0
        energy = 1e-09 total neutrons = 206583 (2.0658) delayed neutrons = 796 (7.960e-03) 91 198 88 265 129 25 0 0 0 0
        energy = 1e-08 total neutrons = 206475 (2.0648) delayed neutrons = 787 (7.870e-03) 81 170 105 280 127 24 0 0 0 0
        energy = 1e-07 total neutrons = 206469 (2.0647) delayed neutrons = 760 (7.600e-03) 93 186 90 239 132 20 0 0 0 0
        energy = 1e-06 total neutrons = 206511 (2.0651) delayed neutrons = 798 (7.980e-03) 79 181 106 268 134 30 0 0 0 0
        energy = 1e-05 total neutrons = 206437 (2.0644) delayed neutrons = 815 (8.150e-03) 93 177 103 277 144 21 0 0 0 0
        energy = 0.0001 total neutrons = 206462 (2.0646) delayed neutrons = 762 (7.620e-03) 69 161 111 264 136 21 0 0 0 0
        energy = 0.001 total neutrons = 206589 (2.0659) delayed neutrons = 761 (7.610e-03) 73 194 90 258 122 24 0 0 0 0
        energy = 0.01 total neutrons = 206623 (2.0662) delayed neutrons = 756 (7.560e-03) 70 163 101 267 134 21 0 0 0 0
        energy = 0.1 total neutrons = 207294 (2.0729) delayed neutrons = 810 (8.100e-03) 88 176 94 307 122 23 0 0 0 0
        energy = 1 total neutrons = 214637 (2.1464) delayed neutrons = 782 (7.820e-03) 70 150 106 291 135 30 0 0 0 0
        energy = 10 total neutrons = 288432 (2.8843) delayed neutrons = 560 (5.600e-03) 48 115 94 208 80 15 0 0 0 0
        energy = 100 total neutrons = 370334 (3.7033) delayed neutrons = 536 (5.360e-03) 71 93 73 179 103 17 0 0 0 0
